nohup: ignoring input
{
  "events": 575,
  "positive_events": 14,
  "slides": 1262,
  "affected_slides": 1123,
  "affected_events": 530,
  "affected_positive_events": 14,
  "positive_patients": 11,
  "validation_cap": 2048,
  "stain_mode": "aware_nomask",
  "scope": "Training patch cap only; not new patient diversity or pixel augmentation."
}
[RUN] cap2048 seed 1
fold=0 epoch=1 train_loss=0.5121 val_loss=0.4358
fold=0 epoch=2 train_loss=0.1036 val_loss=0.4816
fold=0 epoch=3 train_loss=0.0946 val_loss=0.1613
fold=0 epoch=4 train_loss=0.0644 val_loss=0.4357
fold=0 epoch=5 train_loss=0.0460 val_loss=0.2540
fold=0 epoch=6 train_loss=0.0451 val_loss=0.4230
fold=0 epoch=7 train_loss=0.0553 val_loss=0.3920
fold=0 epoch=8 train_loss=0.0584 val_loss=0.2734
fold=0 epoch=9 train_loss=0.0213 val_loss=0.3941
fold=0 epoch=10 train_loss=0.0044 val_loss=0.4094
fold=0 epoch=11 train_loss=0.0056 val_loss=0.5021
fold=0 epoch=12 train_loss=0.0005 val_loss=0.4463
fold=0 epoch=13 train_loss=0.0002 val_loss=0.4634
[OK] {'fold': 0, 'best_val_loss': 0.16128193604258956, 'events': 105, 'positive_events': 2, 'auroc': 0.970873786407767, 'pr_auc': 0.3333333333333333, 'sensitivity': 0.5, 'specificity': 0.970873786407767}
fold=1 epoch=1 train_loss=0.5278 val_loss=0.1575
fold=1 epoch=2 train_loss=0.1377 val_loss=0.0786
fold=1 epoch=3 train_loss=0.1015 val_loss=0.0712
fold=1 epoch=4 train_loss=0.0396 val_loss=0.1085
fold=1 epoch=5 train_loss=0.0346 val_loss=0.2031
fold=1 epoch=6 train_loss=0.0579 val_loss=0.1641
fold=1 epoch=7 train_loss=0.0861 val_loss=0.0936
fold=1 epoch=8 train_loss=0.0260 val_loss=0.1798
fold=1 epoch=9 train_loss=0.0413 val_loss=0.1111
fold=1 epoch=10 train_loss=0.0463 val_loss=0.1262
fold=1 epoch=11 train_loss=0.0913 val_loss=0.2067
fold=1 epoch=12 train_loss=0.0390 val_loss=0.1846
fold=1 epoch=13 train_loss=0.0381 val_loss=0.1969
[OK] {'fold': 1, 'best_val_loss': 0.07124629214232142, 'events': 109, 'positive_events': 2, 'auroc': 0.9672897196261682, 'pr_auc': 0.29166666666666663, 'sensitivity': 0.0, 'specificity': 0.9906542056074766}
fold=2 epoch=1 train_loss=0.5087 val_loss=0.2588
fold=2 epoch=2 train_loss=0.1261 val_loss=0.1521
fold=2 epoch=3 train_loss=0.0386 val_loss=0.2857
fold=2 epoch=4 train_loss=0.0849 val_loss=0.1708
fold=2 epoch=5 train_loss=0.0638 val_loss=0.1296
fold=2 epoch=6 train_loss=0.0439 val_loss=0.2107
fold=2 epoch=7 train_loss=0.0169 val_loss=0.2277
fold=2 epoch=8 train_loss=0.0570 val_loss=0.1679
fold=2 epoch=9 train_loss=0.0150 val_loss=0.2206
fold=2 epoch=10 train_loss=0.0010 val_loss=0.2562
fold=2 epoch=11 train_loss=0.0559 val_loss=0.3137
fold=2 epoch=12 train_loss=0.0108 val_loss=0.3291
fold=2 epoch=13 train_loss=0.0208 val_loss=0.3861
fold=2 epoch=14 train_loss=0.0213 val_loss=0.2201
fold=2 epoch=15 train_loss=0.0106 val_loss=0.2131
[OK] {'fold': 2, 'best_val_loss': 0.12961086282752665, 'events': 124, 'positive_events': 3, 'auroc': 0.9063360881542701, 'pr_auc': 0.21305418719211822, 'sensitivity': 0.0, 'specificity': 0.9834710743801653}
fold=3 epoch=1 train_loss=0.4401 val_loss=0.2313
fold=3 epoch=2 train_loss=0.1231 val_loss=0.1673
fold=3 epoch=3 train_loss=0.0467 val_loss=0.1626
fold=3 epoch=4 train_loss=0.0326 val_loss=0.1474
fold=3 epoch=5 train_loss=0.0469 val_loss=0.1832
fold=3 epoch=6 train_loss=0.0319 val_loss=0.1735
fold=3 epoch=7 train_loss=0.0374 val_loss=0.1666
fold=3 epoch=8 train_loss=0.0158 val_loss=0.3085
fold=3 epoch=9 train_loss=0.0143 val_loss=0.2880
fold=3 epoch=10 train_loss=0.0417 val_loss=0.1714
fold=3 epoch=11 train_loss=0.0411 val_loss=0.2646
fold=3 epoch=12 train_loss=0.0050 val_loss=0.3005
fold=3 epoch=13 train_loss=0.0178 val_loss=0.3383
fold=3 epoch=14 train_loss=0.0005 val_loss=0.3774
[OK] {'fold': 3, 'best_val_loss': 0.14741186731930034, 'events': 128, 'positive_events': 5, 'auroc': 0.8243902439024391, 'pr_auc': 0.6924242424242425, 'sensitivity': 0.6, 'specificity': 0.991869918699187}
fold=4 epoch=1 train_loss=0.5412 val_loss=0.1342
fold=4 epoch=2 train_loss=0.1554 val_loss=0.1705
fold=4 epoch=3 train_loss=0.0557 val_loss=0.1252
fold=4 epoch=4 train_loss=0.0522 val_loss=0.1491
fold=4 epoch=5 train_loss=0.0077 val_loss=0.1344
fold=4 epoch=6 train_loss=0.0256 val_loss=0.1952
fold=4 epoch=7 train_loss=0.0132 val_loss=0.2134
fold=4 epoch=8 train_loss=0.0658 val_loss=0.1715
fold=4 epoch=9 train_loss=0.0168 val_loss=0.1774
fold=4 epoch=10 train_loss=0.0021 val_loss=0.1988
fold=4 epoch=11 train_loss=0.0323 val_loss=0.1831
fold=4 epoch=12 train_loss=0.0242 val_loss=0.2162
fold=4 epoch=13 train_loss=0.0366 val_loss=0.2116
[OK] {'fold': 4, 'best_val_loss': 0.1251947589393471, 'events': 109, 'positive_events': 2, 'auroc': 0.7570093457943925, 'pr_auc': 0.5185185185185185, 'sensitivity': 0.5, 'specificity': 0.9906542056074766}
[OOF] {'events': 575, 'positive_events': 14, 'auroc': 0.8603259485612427, 'pr_auc': 0.3490582567187541, 'sensitivity': 0.35714285714285715, 'specificity': 0.9857397504456328}
[RUN] cap2048 seed 11
fold=0 epoch=1 train_loss=0.3885 val_loss=0.4176
fold=0 epoch=2 train_loss=0.0944 val_loss=0.3290
fold=0 epoch=3 train_loss=0.0463 val_loss=0.4046
fold=0 epoch=4 train_loss=0.0200 val_loss=0.4954
fold=0 epoch=5 train_loss=0.0106 val_loss=0.5448
fold=0 epoch=6 train_loss=0.0010 val_loss=0.6338
fold=0 epoch=7 train_loss=0.0004 val_loss=0.6694
fold=0 epoch=8 train_loss=0.0001 val_loss=0.6928
fold=0 epoch=9 train_loss=0.0001 val_loss=0.7351
fold=0 epoch=10 train_loss=0.0001 val_loss=0.7546
fold=0 epoch=11 train_loss=0.0001 val_loss=0.7790
fold=0 epoch=12 train_loss=0.0001 val_loss=0.8451
[OK] {'fold': 0, 'best_val_loss': 0.3290056570109707, 'events': 114, 'positive_events': 4, 'auroc': 0.7590909090909091, 'pr_auc': 0.2685374149659864, 'sensitivity': 0.25, 'specificity': 0.9818181818181818}
fold=1 epoch=1 train_loss=0.5483 val_loss=0.2190
fold=1 epoch=2 train_loss=0.2051 val_loss=0.1286
fold=1 epoch=3 train_loss=0.0671 val_loss=0.1742
fold=1 epoch=4 train_loss=0.0354 val_loss=0.1935
fold=1 epoch=5 train_loss=0.0666 val_loss=0.0915
fold=1 epoch=6 train_loss=0.0825 val_loss=0.2681
fold=1 epoch=7 train_loss=0.0464 val_loss=0.2225
fold=1 epoch=8 train_loss=0.0662 val_loss=0.2221
fold=1 epoch=9 train_loss=0.0727 val_loss=0.0823
fold=1 epoch=10 train_loss=0.0304 val_loss=0.1769
fold=1 epoch=11 train_loss=0.0651 val_loss=0.1855
fold=1 epoch=12 train_loss=0.0388 val_loss=0.1591
fold=1 epoch=13 train_loss=0.0429 val_loss=0.1810
fold=1 epoch=14 train_loss=0.0430 val_loss=0.1263
fold=1 epoch=15 train_loss=0.0257 val_loss=0.1185
fold=1 epoch=16 train_loss=0.0228 val_loss=0.1407
fold=1 epoch=17 train_loss=0.0316 val_loss=0.1502
fold=1 epoch=18 train_loss=0.0927 val_loss=0.0990
fold=1 epoch=19 train_loss=0.0223 val_loss=0.1084
[OK] {'fold': 1, 'best_val_loss': 0.08230545721700325, 'events': 138, 'positive_events': 2, 'auroc': 0.9411764705882353, 'pr_auc': 0.5555555555555556, 'sensitivity': 0.5, 'specificity': 0.9852941176470589}
fold=2 epoch=1 train_loss=0.4938 val_loss=0.1243
fold=2 epoch=2 train_loss=0.1107 val_loss=0.2141
fold=2 epoch=3 train_loss=0.0573 val_loss=0.3129
fold=2 epoch=4 train_loss=0.0659 val_loss=0.2026
fold=2 epoch=5 train_loss=0.0584 val_loss=0.1058
fold=2 epoch=6 train_loss=0.0273 val_loss=0.2250
fold=2 epoch=7 train_loss=0.0315 val_loss=0.1978
fold=2 epoch=8 train_loss=0.0154 val_loss=0.1894
fold=2 epoch=9 train_loss=0.0437 val_loss=0.3030
fold=2 epoch=10 train_loss=0.0405 val_loss=0.3125
fold=2 epoch=11 train_loss=0.0403 val_loss=0.2855
fold=2 epoch=12 train_loss=0.0044 val_loss=0.2571
fold=2 epoch=13 train_loss=0.0374 val_loss=0.3386
fold=2 epoch=14 train_loss=0.0086 val_loss=0.3383
fold=2 epoch=15 train_loss=0.0006 val_loss=0.3671
[OK] {'fold': 2, 'best_val_loss': 0.10576946371251354, 'events': 124, 'positive_events': 4, 'auroc': 0.9729166666666667, 'pr_auc': 0.56875, 'sensitivity': 0.5, 'specificity': 0.9833333333333333}
fold=3 epoch=1 train_loss=0.5819 val_loss=0.3215
fold=3 epoch=2 train_loss=0.2111 val_loss=0.1803
fold=3 epoch=3 train_loss=0.0880 val_loss=0.1904
fold=3 epoch=4 train_loss=0.0641 val_loss=0.1192
fold=3 epoch=5 train_loss=0.0676 val_loss=0.1177
fold=3 epoch=6 train_loss=0.0284 val_loss=0.1182
fold=3 epoch=7 train_loss=0.0509 val_loss=0.1394
fold=3 epoch=8 train_loss=0.0376 val_loss=0.1713
fold=3 epoch=9 train_loss=0.0102 val_loss=0.1049
fold=3 epoch=10 train_loss=0.0868 val_loss=0.0936
fold=3 epoch=11 train_loss=0.0220 val_loss=0.0908
fold=3 epoch=12 train_loss=0.0311 val_loss=0.0760
fold=3 epoch=13 train_loss=0.0345 val_loss=0.0497
fold=3 epoch=14 train_loss=0.0095 val_loss=0.4134
fold=3 epoch=15 train_loss=0.0407 val_loss=0.1639
fold=3 epoch=16 train_loss=0.0162 val_loss=0.1812
fold=3 epoch=17 train_loss=0.0028 val_loss=0.1672
fold=3 epoch=18 train_loss=0.0654 val_loss=0.2349
fold=3 epoch=19 train_loss=0.0112 val_loss=0.3111
fold=3 epoch=20 train_loss=0.0147 val_loss=0.2569
fold=3 epoch=21 train_loss=0.0076 val_loss=0.2439
fold=3 epoch=22 train_loss=0.0120 val_loss=0.2516
fold=3 epoch=23 train_loss=0.0092 val_loss=0.2581
[OK] {'fold': 3, 'best_val_loss': 0.04968391216246612, 'events': 93, 'positive_events': 3, 'auroc': 0.9814814814814815, 'pr_auc': 0.6984126984126984, 'sensitivity': 0.3333333333333333, 'specificity': 0.9888888888888889}
fold=4 epoch=1 train_loss=0.5334 val_loss=0.2374
fold=4 epoch=2 train_loss=0.1616 val_loss=0.0533
fold=4 epoch=3 train_loss=0.0873 val_loss=0.0344
fold=4 epoch=4 train_loss=0.1108 val_loss=0.0366
fold=4 epoch=5 train_loss=0.0609 val_loss=0.0326
fold=4 epoch=6 train_loss=0.0624 val_loss=0.0384
fold=4 epoch=7 train_loss=0.0242 val_loss=0.0278
fold=4 epoch=8 train_loss=0.0512 val_loss=0.0246
fold=4 epoch=9 train_loss=0.0498 val_loss=0.0634
fold=4 epoch=10 train_loss=0.0763 val_loss=0.0374
fold=4 epoch=11 train_loss=0.0372 val_loss=0.0879
fold=4 epoch=12 train_loss=0.0233 val_loss=0.0273
fold=4 epoch=13 train_loss=0.0226 val_loss=0.0342
fold=4 epoch=14 train_loss=0.0299 val_loss=0.0446
fold=4 epoch=15 train_loss=0.0266 val_loss=0.0330
fold=4 epoch=16 train_loss=0.0343 val_loss=0.0475
fold=4 epoch=17 train_loss=0.0269 val_loss=0.0561
fold=4 epoch=18 train_loss=0.0142 val_loss=0.0482
[OK] {'fold': 4, 'best_val_loss': 0.024599910547096364, 'events': 106, 'positive_events': 1, 'auroc': 0.9904761904761905, 'pr_auc': 0.5, 'sensitivity': 0.0, 'specificity': 0.9904761904761905}
[OOF] {'events': 575, 'positive_events': 14, 'auroc': 0.9055258467023172, 'pr_auc': 0.343733251690294, 'sensitivity': 0.35714285714285715, 'specificity': 0.9857397504456328}
[RUN] cap2048 seed 21
fold=0 epoch=1 train_loss=0.5112 val_loss=0.1475
fold=0 epoch=2 train_loss=0.1301 val_loss=0.1010
fold=0 epoch=3 train_loss=0.0656 val_loss=0.1578
fold=0 epoch=4 train_loss=0.0794 val_loss=0.1069
fold=0 epoch=5 train_loss=0.0580 val_loss=0.2271
fold=0 epoch=6 train_loss=0.0505 val_loss=0.3255
fold=0 epoch=7 train_loss=0.0496 val_loss=0.1674
fold=0 epoch=8 train_loss=0.0308 val_loss=0.2238
fold=0 epoch=9 train_loss=0.0870 val_loss=0.1478
fold=0 epoch=10 train_loss=0.0064 val_loss=0.1465
fold=0 epoch=11 train_loss=0.0561 val_loss=0.1507
fold=0 epoch=12 train_loss=0.0262 val_loss=0.2212
[OK] {'fold': 0, 'best_val_loss': 0.10100268616257381, 'events': 125, 'positive_events': 2, 'auroc': 0.7073170731707317, 'pr_auc': 0.5135135135135135, 'sensitivity': 0.5, 'specificity': 0.975609756097561}
fold=1 epoch=1 train_loss=0.4628 val_loss=0.3560
fold=1 epoch=2 train_loss=0.1068 val_loss=0.1804
fold=1 epoch=3 train_loss=0.0579 val_loss=0.2649
fold=1 epoch=4 train_loss=0.0862 val_loss=0.1634
fold=1 epoch=5 train_loss=0.0730 val_loss=0.2197
fold=1 epoch=6 train_loss=0.0159 val_loss=0.3269
fold=1 epoch=7 train_loss=0.0019 val_loss=0.3202
fold=1 epoch=8 train_loss=0.0014 val_loss=0.3544
fold=1 epoch=9 train_loss=0.0004 val_loss=0.3631
fold=1 epoch=10 train_loss=0.0222 val_loss=0.3031
fold=1 epoch=11 train_loss=0.0390 val_loss=0.2900
fold=1 epoch=12 train_loss=0.0010 val_loss=0.3513
fold=1 epoch=13 train_loss=0.0345 val_loss=0.3178
fold=1 epoch=14 train_loss=0.0124 val_loss=0.4338
[OK] {'fold': 1, 'best_val_loss': 0.16337207160796993, 'events': 117, 'positive_events': 4, 'auroc': 0.6902654867256637, 'pr_auc': 0.441728041462084, 'sensitivity': 0.5, 'specificity': 0.9823008849557522}
fold=2 epoch=1 train_loss=0.5289 val_loss=0.1947
fold=2 epoch=2 train_loss=0.1241 val_loss=0.2007
fold=2 epoch=3 train_loss=0.0604 val_loss=0.1542
fold=2 epoch=4 train_loss=0.0683 val_loss=0.1471
fold=2 epoch=5 train_loss=0.0460 val_loss=0.2376
fold=2 epoch=6 train_loss=0.0131 val_loss=0.2571
fold=2 epoch=7 train_loss=0.0342 val_loss=0.2839
fold=2 epoch=8 train_loss=0.0188 val_loss=0.3342
fold=2 epoch=9 train_loss=0.0461 val_loss=0.2124
fold=2 epoch=10 train_loss=0.0065 val_loss=0.3092
fold=2 epoch=11 train_loss=0.0835 val_loss=0.3109
fold=2 epoch=12 train_loss=0.0357 val_loss=0.3083
fold=2 epoch=13 train_loss=0.0259 val_loss=0.3402
fold=2 epoch=14 train_loss=0.0018 val_loss=0.3820
[OK] {'fold': 2, 'best_val_loss': 0.1470729295692687, 'events': 112, 'positive_events': 4, 'auroc': 0.9467592592592593, 'pr_auc': 0.38477443609022555, 'sensitivity': 0.25, 'specificity': 0.9814814814814815}
fold=3 epoch=1 train_loss=0.5252 val_loss=0.2353
fold=3 epoch=2 train_loss=0.1852 val_loss=0.1533
fold=3 epoch=3 train_loss=0.0950 val_loss=0.0781
fold=3 epoch=4 train_loss=0.0803 val_loss=0.2089
fold=3 epoch=5 train_loss=0.0262 val_loss=0.1902
fold=3 epoch=6 train_loss=0.0874 val_loss=0.1547
fold=3 epoch=7 train_loss=0.0462 val_loss=0.1253
fold=3 epoch=8 train_loss=0.0126 val_loss=0.1333
fold=3 epoch=9 train_loss=0.0045 val_loss=0.1382
fold=3 epoch=10 train_loss=0.0385 val_loss=0.1690
fold=3 epoch=11 train_loss=0.0498 val_loss=0.1331
fold=3 epoch=12 train_loss=0.0198 val_loss=0.2378
fold=3 epoch=13 train_loss=0.0597 val_loss=0.1199
[OK] {'fold': 3, 'best_val_loss': 0.07811597013109609, 'events': 112, 'positive_events': 2, 'auroc': 0.9454545454545454, 'pr_auc': 0.25, 'sensitivity': 0.0, 'specificity': 0.9818181818181818}
fold=4 epoch=1 train_loss=0.5481 val_loss=0.0853
fold=4 epoch=2 train_loss=0.1872 val_loss=0.0863
fold=4 epoch=3 train_loss=0.0650 val_loss=0.0955
fold=4 epoch=4 train_loss=0.0917 val_loss=0.1250
fold=4 epoch=5 train_loss=0.0357 val_loss=0.1115
fold=4 epoch=6 train_loss=0.0140 val_loss=0.1252
fold=4 epoch=7 train_loss=0.0583 val_loss=0.0860
fold=4 epoch=8 train_loss=0.0242 val_loss=0.1186
fold=4 epoch=9 train_loss=0.0374 val_loss=0.0952
fold=4 epoch=10 train_loss=0.0169 val_loss=0.1227
fold=4 epoch=11 train_loss=0.0241 val_loss=0.1220
[OK] {'fold': 4, 'best_val_loss': 0.0852518113663232, 'events': 109, 'positive_events': 2, 'auroc': 0.9205607476635513, 'pr_auc': 0.5526315789473684, 'sensitivity': 0.5, 'specificity': 1.0}
[OOF] {'events': 575, 'positive_events': 14, 'auroc': 0.812070282658518, 'pr_auc': 0.31106375731021146, 'sensitivity': 0.35714285714285715, 'specificity': 0.983957219251337}
[RUN] cap2048 seed 31
fold=0 epoch=1 train_loss=0.4213 val_loss=0.2226
fold=0 epoch=2 train_loss=0.1415 val_loss=0.1892
fold=0 epoch=3 train_loss=0.0525 val_loss=0.2874
fold=0 epoch=4 train_loss=0.0277 val_loss=0.2466
fold=0 epoch=5 train_loss=0.0432 val_loss=0.2371
fold=0 epoch=6 train_loss=0.0291 val_loss=0.4217
fold=0 epoch=7 train_loss=0.0587 val_loss=0.3515
fold=0 epoch=8 train_loss=0.0461 val_loss=0.2881
fold=0 epoch=9 train_loss=0.0298 val_loss=0.2841
fold=0 epoch=10 train_loss=0.0015 val_loss=0.3256
fold=0 epoch=11 train_loss=0.0465 val_loss=0.2999
fold=0 epoch=12 train_loss=0.0578 val_loss=0.2579
[OK] {'fold': 0, 'best_val_loss': 0.18920641836000657, 'events': 121, 'positive_events': 4, 'auroc': 0.7329059829059829, 'pr_auc': 0.38789280894544054, 'sensitivity': 0.25, 'specificity': 1.0}
fold=1 epoch=1 train_loss=0.5603 val_loss=0.3405
fold=1 epoch=2 train_loss=0.2328 val_loss=0.0789
fold=1 epoch=3 train_loss=0.0627 val_loss=0.1599
fold=1 epoch=4 train_loss=0.0754 val_loss=0.0932
fold=1 epoch=5 train_loss=0.0305 val_loss=0.0729
fold=1 epoch=6 train_loss=0.0674 val_loss=0.1131
fold=1 epoch=7 train_loss=0.0322 val_loss=0.1323
fold=1 epoch=8 train_loss=0.0231 val_loss=0.1046
fold=1 epoch=9 train_loss=0.0013 val_loss=0.1202
fold=1 epoch=10 train_loss=0.0535 val_loss=0.1010
fold=1 epoch=11 train_loss=0.0286 val_loss=0.1246
fold=1 epoch=12 train_loss=0.0278 val_loss=0.2046
fold=1 epoch=13 train_loss=0.0287 val_loss=0.1517
fold=1 epoch=14 train_loss=0.0258 val_loss=0.1189
fold=1 epoch=15 train_loss=0.0017 val_loss=0.1374
[OK] {'fold': 1, 'best_val_loss': 0.07293357474962689, 'events': 103, 'positive_events': 2, 'auroc': 0.9306930693069306, 'pr_auc': 0.5625, 'sensitivity': 0.5, 'specificity': 0.9900990099009901}
fold=2 epoch=1 train_loss=0.5173 val_loss=0.6032
fold=2 epoch=2 train_loss=0.1335 val_loss=0.1165
fold=2 epoch=3 train_loss=0.0486 val_loss=0.1049
fold=2 epoch=4 train_loss=0.0960 val_loss=0.0900
fold=2 epoch=5 train_loss=0.0468 val_loss=0.1322
fold=2 epoch=6 train_loss=0.0384 val_loss=0.1090
fold=2 epoch=7 train_loss=0.0520 val_loss=0.1694
fold=2 epoch=8 train_loss=0.0337 val_loss=0.1741
fold=2 epoch=9 train_loss=0.0160 val_loss=0.1553
fold=2 epoch=10 train_loss=0.0407 val_loss=0.1405
fold=2 epoch=11 train_loss=0.0159 val_loss=0.2129
fold=2 epoch=12 train_loss=0.1043 val_loss=0.1640
fold=2 epoch=13 train_loss=0.0017 val_loss=0.1584
fold=2 epoch=14 train_loss=0.0535 val_loss=0.1212
[OK] {'fold': 2, 'best_val_loss': 0.09003534859525122, 'events': 122, 'positive_events': 3, 'auroc': 0.9131652661064426, 'pr_auc': 0.4630541871921182, 'sensitivity': 0.3333333333333333, 'specificity': 0.9831932773109243}
fold=3 epoch=1 train_loss=0.5147 val_loss=0.4537
fold=3 epoch=2 train_loss=0.1328 val_loss=0.2302
fold=3 epoch=3 train_loss=0.0899 val_loss=0.2490
fold=3 epoch=4 train_loss=0.0478 val_loss=0.2062
fold=3 epoch=5 train_loss=0.0609 val_loss=0.2529
fold=3 epoch=6 train_loss=0.0409 val_loss=0.2744
fold=3 epoch=7 train_loss=0.0549 val_loss=0.3020
fold=3 epoch=8 train_loss=0.0182 val_loss=0.4104
fold=3 epoch=9 train_loss=0.0064 val_loss=0.4468
fold=3 epoch=10 train_loss=0.0006 val_loss=0.5126
fold=3 epoch=11 train_loss=0.0384 val_loss=0.3166
fold=3 epoch=12 train_loss=0.0590 val_loss=0.3470
fold=3 epoch=13 train_loss=0.0021 val_loss=0.4189
fold=3 epoch=14 train_loss=0.0214 val_loss=0.4181
[OK] {'fold': 3, 'best_val_loss': 0.20620619749425592, 'events': 104, 'positive_events': 3, 'auroc': 0.9537953795379538, 'pr_auc': 0.28888888888888886, 'sensitivity': 0.0, 'specificity': 0.9702970297029703}
fold=4 epoch=1 train_loss=0.5807 val_loss=0.3040
fold=4 epoch=2 train_loss=0.1837 val_loss=0.0276
fold=4 epoch=3 train_loss=0.0859 val_loss=0.1336
fold=4 epoch=4 train_loss=0.0674 val_loss=0.1590
fold=4 epoch=5 train_loss=0.0701 val_loss=0.0701
fold=4 epoch=6 train_loss=0.0835 val_loss=0.0453
fold=4 epoch=7 train_loss=0.0597 val_loss=0.1454
fold=4 epoch=8 train_loss=0.0214 val_loss=0.0867
fold=4 epoch=9 train_loss=0.0260 val_loss=0.0917
fold=4 epoch=10 train_loss=0.0987 val_loss=0.0137
fold=4 epoch=11 train_loss=0.0354 val_loss=0.0967
fold=4 epoch=12 train_loss=0.0048 val_loss=0.0369
fold=4 epoch=13 train_loss=0.0286 val_loss=0.0190
fold=4 epoch=14 train_loss=0.0008 val_loss=0.0267
fold=4 epoch=15 train_loss=0.0427 val_loss=0.0128
fold=4 epoch=16 train_loss=0.0671 val_loss=0.0332
fold=4 epoch=17 train_loss=0.0409 val_loss=0.0549
fold=4 epoch=18 train_loss=0.0518 val_loss=0.0160
fold=4 epoch=19 train_loss=0.0546 val_loss=0.0929
fold=4 epoch=20 train_loss=0.0126 val_loss=0.0778
fold=4 epoch=21 train_loss=0.0122 val_loss=0.0465
fold=4 epoch=22 train_loss=0.0106 val_loss=0.0621
fold=4 epoch=23 train_loss=0.0391 val_loss=0.0675
fold=4 epoch=24 train_loss=0.0198 val_loss=0.1193
fold=4 epoch=25 train_loss=0.0158 val_loss=0.0830
[OK] {'fold': 4, 'best_val_loss': 0.012757149985173726, 'events': 125, 'positive_events': 2, 'auroc': 1.0, 'pr_auc': 1.0, 'sensitivity': 0.5, 'specificity': 1.0}
[OOF] {'events': 575, 'positive_events': 14, 'auroc': 0.8996689584924878, 'pr_auc': 0.33944332848523817, 'sensitivity': 0.2857142857142857, 'specificity': 0.9893048128342246}
[RUN] cap2048 seed 41
fold=0 epoch=1 train_loss=0.5180 val_loss=0.4341
fold=0 epoch=2 train_loss=0.1774 val_loss=0.1991
fold=0 epoch=3 train_loss=0.1046 val_loss=0.1046
fold=0 epoch=4 train_loss=0.0678 val_loss=0.3100
fold=0 epoch=5 train_loss=0.1174 val_loss=0.1491
fold=0 epoch=6 train_loss=0.0337 val_loss=0.1738
fold=0 epoch=7 train_loss=0.0691 val_loss=0.1202
fold=0 epoch=8 train_loss=0.0352 val_loss=0.0631
fold=0 epoch=9 train_loss=0.0407 val_loss=0.1521
fold=0 epoch=10 train_loss=0.0503 val_loss=0.0499
fold=0 epoch=11 train_loss=0.0732 val_loss=0.0350
fold=0 epoch=12 train_loss=0.0408 val_loss=0.0201
fold=0 epoch=13 train_loss=0.0211 val_loss=0.1401
fold=0 epoch=14 train_loss=0.0135 val_loss=0.0383
fold=0 epoch=15 train_loss=0.0111 val_loss=0.0167
fold=0 epoch=16 train_loss=0.0007 val_loss=0.0354
fold=0 epoch=17 train_loss=0.1176 val_loss=0.0101
fold=0 epoch=18 train_loss=0.0020 val_loss=0.0695
fold=0 epoch=19 train_loss=0.0048 val_loss=0.0771
fold=0 epoch=20 train_loss=0.0285 val_loss=0.1071
fold=0 epoch=21 train_loss=0.0131 val_loss=0.1051
fold=0 epoch=22 train_loss=0.0008 val_loss=0.1153
fold=0 epoch=23 train_loss=0.0862 val_loss=0.1897
fold=0 epoch=24 train_loss=0.0058 val_loss=0.2021
fold=0 epoch=25 train_loss=0.0194 val_loss=0.0446
fold=0 epoch=26 train_loss=0.0118 val_loss=0.0250
fold=0 epoch=27 train_loss=0.0217 val_loss=0.0950
[OK] {'fold': 0, 'best_val_loss': 0.010128884845047082, 'events': 114, 'positive_events': 0, 'auroc': nan, 'pr_auc': nan, 'sensitivity': nan, 'specificity': 0.9912280701754386}
fold=1 epoch=1 train_loss=0.5475 val_loss=0.3407
fold=1 epoch=2 train_loss=0.1568 val_loss=0.0590
fold=1 epoch=3 train_loss=0.0684 val_loss=0.1697
fold=1 epoch=4 train_loss=0.1089 val_loss=0.1262
fold=1 epoch=5 train_loss=0.0445 val_loss=0.1189
fold=1 epoch=6 train_loss=0.0448 val_loss=0.1813
fold=1 epoch=7 train_loss=0.0210 val_loss=0.1038
fold=1 epoch=8 train_loss=0.0113 val_loss=0.1043
fold=1 epoch=9 train_loss=0.0164 val_loss=0.2630
fold=1 epoch=10 train_loss=0.0630 val_loss=0.0929
fold=1 epoch=11 train_loss=0.0018 val_loss=0.1211
fold=1 epoch=12 train_loss=0.0130 val_loss=0.1368
[OK] {'fold': 1, 'best_val_loss': 0.05902518428783052, 'events': 110, 'positive_events': 2, 'auroc': 1.0, 'pr_auc': 1.0, 'sensitivity': 1.0, 'specificity': 0.9722222222222222}
fold=2 epoch=1 train_loss=0.4837 val_loss=0.1415
fold=2 epoch=2 train_loss=0.0955 val_loss=0.1557
fold=2 epoch=3 train_loss=0.0690 val_loss=0.1531
fold=2 epoch=4 train_loss=0.0745 val_loss=0.1564
fold=2 epoch=5 train_loss=0.0587 val_loss=0.1716
fold=2 epoch=6 train_loss=0.0191 val_loss=0.2836
fold=2 epoch=7 train_loss=0.0067 val_loss=0.3282
fold=2 epoch=8 train_loss=0.0585 val_loss=0.2043
fold=2 epoch=9 train_loss=0.0595 val_loss=0.2062
fold=2 epoch=10 train_loss=0.0030 val_loss=0.2546
fold=2 epoch=11 train_loss=0.0250 val_loss=0.4555
[OK] {'fold': 2, 'best_val_loss': 0.1415170664568582, 'events': 124, 'positive_events': 3, 'auroc': 0.9504132231404959, 'pr_auc': 0.26587301587301587, 'sensitivity': 0.0, 'specificity': 0.9752066115702479}
fold=3 epoch=1 train_loss=0.4956 val_loss=0.2594
fold=3 epoch=2 train_loss=0.1563 val_loss=0.1544
fold=3 epoch=3 train_loss=0.0749 val_loss=0.1756
fold=3 epoch=4 train_loss=0.0739 val_loss=0.1537
fold=3 epoch=5 train_loss=0.0394 val_loss=0.2714
fold=3 epoch=6 train_loss=0.0504 val_loss=0.1846
fold=3 epoch=7 train_loss=0.0295 val_loss=0.2047
fold=3 epoch=8 train_loss=0.0036 val_loss=0.2363
fold=3 epoch=9 train_loss=0.0079 val_loss=0.2637
fold=3 epoch=10 train_loss=0.0011 val_loss=0.3060
fold=3 epoch=11 train_loss=0.1379 val_loss=0.1178
fold=3 epoch=12 train_loss=0.0328 val_loss=0.2602
fold=3 epoch=13 train_loss=0.0237 val_loss=0.1884
fold=3 epoch=14 train_loss=0.0268 val_loss=0.2039
fold=3 epoch=15 train_loss=0.0014 val_loss=0.2268
fold=3 epoch=16 train_loss=0.0286 val_loss=0.2099
fold=3 epoch=17 train_loss=0.0085 val_loss=0.2623
fold=3 epoch=18 train_loss=0.0145 val_loss=0.2195
fold=3 epoch=19 train_loss=0.0519 val_loss=0.2626
fold=3 epoch=20 train_loss=0.0012 val_loss=0.3237
fold=3 epoch=21 train_loss=0.0002 val_loss=0.3399
[OK] {'fold': 3, 'best_val_loss': 0.11779690173632368, 'events': 107, 'positive_events': 4, 'auroc': 0.9101941747572815, 'pr_auc': 0.43846153846153846, 'sensitivity': 0.25, 'specificity': 1.0}
fold=4 epoch=1 train_loss=0.4112 val_loss=0.2102
fold=4 epoch=2 train_loss=0.0597 val_loss=0.2595
fold=4 epoch=3 train_loss=0.0483 val_loss=0.3049
fold=4 epoch=4 train_loss=0.0638 val_loss=0.3424
fold=4 epoch=5 train_loss=0.0477 val_loss=0.3076
fold=4 epoch=6 train_loss=0.0166 val_loss=0.3661
fold=4 epoch=7 train_loss=0.0068 val_loss=0.3978
fold=4 epoch=8 train_loss=0.0251 val_loss=0.4339
fold=4 epoch=9 train_loss=0.0154 val_loss=0.3788
fold=4 epoch=10 train_loss=0.0371 val_loss=0.3564
fold=4 epoch=11 train_loss=0.0165 val_loss=0.3696
[OK] {'fold': 4, 'best_val_loss': 0.21020567718805977, 'events': 120, 'positive_events': 5, 'auroc': 0.7165217391304348, 'pr_auc': 0.1965398080180689, 'sensitivity': 0.2, 'specificity': 0.991304347826087}
[OOF] {'events': 575, 'positive_events': 14, 'auroc': 0.8537051184110008, 'pr_auc': 0.32843568698358305, 'sensitivity': 0.2857142857142857, 'specificity': 0.9857397504456328}
[RUN] cap4096 seed 1
fold=0 epoch=1 train_loss=0.5099 val_loss=0.3339
fold=0 epoch=2 train_loss=0.1103 val_loss=0.5641
fold=0 epoch=3 train_loss=0.1054 val_loss=0.2577
fold=0 epoch=4 train_loss=0.0541 val_loss=0.5031
fold=0 epoch=5 train_loss=0.0509 val_loss=0.2743
fold=0 epoch=6 train_loss=0.0378 val_loss=0.4339
fold=0 epoch=7 train_loss=0.0710 val_loss=0.4166
fold=0 epoch=8 train_loss=0.0894 val_loss=0.2804
fold=0 epoch=9 train_loss=0.0232 val_loss=0.3610
fold=0 epoch=10 train_loss=0.0324 val_loss=0.4396
fold=0 epoch=11 train_loss=0.0085 val_loss=0.4097
fold=0 epoch=12 train_loss=0.0090 val_loss=0.4534
fold=0 epoch=13 train_loss=0.0008 val_loss=0.4696
[OK] {'fold': 0, 'best_val_loss': 0.2577022452054301, 'events': 105, 'positive_events': 2, 'auroc': 0.9611650485436893, 'pr_auc': 0.29166666666666663, 'sensitivity': 1.0, 'specificity': 0.941747572815534}
fold=1 epoch=1 train_loss=0.5258 val_loss=0.2037
fold=1 epoch=2 train_loss=0.1340 val_loss=0.0806
fold=1 epoch=3 train_loss=0.1095 val_loss=0.0970
fold=1 epoch=4 train_loss=0.0251 val_loss=0.1467
fold=1 epoch=5 train_loss=0.0439 val_loss=0.1158
fold=1 epoch=6 train_loss=0.0412 val_loss=0.1406
fold=1 epoch=7 train_loss=0.0990 val_loss=0.0816
fold=1 epoch=8 train_loss=0.0289 val_loss=0.1861
fold=1 epoch=9 train_loss=0.0337 val_loss=0.0959
fold=1 epoch=10 train_loss=0.0889 val_loss=0.2845
fold=1 epoch=11 train_loss=0.0372 val_loss=0.1656
fold=1 epoch=12 train_loss=0.0207 val_loss=0.1696
[OK] {'fold': 1, 'best_val_loss': 0.08063210611159, 'events': 109, 'positive_events': 2, 'auroc': 0.9532710280373832, 'pr_auc': 0.225, 'sensitivity': 0.0, 'specificity': 0.9906542056074766}
fold=2 epoch=1 train_loss=0.5020 val_loss=0.1906
fold=2 epoch=2 train_loss=0.1396 val_loss=0.1592
fold=2 epoch=3 train_loss=0.0385 val_loss=0.2845
fold=2 epoch=4 train_loss=0.0863 val_loss=0.1530
fold=2 epoch=5 train_loss=0.0615 val_loss=0.1524
fold=2 epoch=6 train_loss=0.0405 val_loss=0.2056
fold=2 epoch=7 train_loss=0.0254 val_loss=0.2274
fold=2 epoch=8 train_loss=0.0337 val_loss=0.1817
fold=2 epoch=9 train_loss=0.0202 val_loss=0.1933
fold=2 epoch=10 train_loss=0.0011 val_loss=0.2302
fold=2 epoch=11 train_loss=0.0691 val_loss=0.2437
fold=2 epoch=12 train_loss=0.0124 val_loss=0.2563
fold=2 epoch=13 train_loss=0.0265 val_loss=0.2622
fold=2 epoch=14 train_loss=0.0317 val_loss=0.2692
fold=2 epoch=15 train_loss=0.0149 val_loss=0.2532
[OK] {'fold': 2, 'best_val_loss': 0.15241075967354437, 'events': 124, 'positive_events': 3, 'auroc': 0.9090909090909091, 'pr_auc': 0.19894179894179892, 'sensitivity': 0.0, 'specificity': 0.9669421487603306}
fold=3 epoch=1 train_loss=0.4422 val_loss=0.2591
fold=3 epoch=2 train_loss=0.1178 val_loss=0.2240
fold=3 epoch=3 train_loss=0.0535 val_loss=0.1709
fold=3 epoch=4 train_loss=0.0324 val_loss=0.1506
fold=3 epoch=5 train_loss=0.0227 val_loss=0.2457
fold=3 epoch=6 train_loss=0.0299 val_loss=0.2597
fold=3 epoch=7 train_loss=0.0342 val_loss=0.1646
fold=3 epoch=8 train_loss=0.0023 val_loss=0.2220
fold=3 epoch=9 train_loss=0.0123 val_loss=0.2631
fold=3 epoch=10 train_loss=0.0280 val_loss=0.2430
fold=3 epoch=11 train_loss=0.0152 val_loss=0.3310
fold=3 epoch=12 train_loss=0.0020 val_loss=0.3565
fold=3 epoch=13 train_loss=0.0146 val_loss=0.3693
fold=3 epoch=14 train_loss=0.0002 val_loss=0.3906
[OK] {'fold': 3, 'best_val_loss': 0.15060602342499907, 'events': 128, 'positive_events': 5, 'auroc': 0.8065040650406505, 'pr_auc': 0.6726190476190477, 'sensitivity': 0.4, 'specificity': 1.0}
fold=4 epoch=1 train_loss=0.5422 val_loss=0.1297
fold=4 epoch=2 train_loss=0.1416 val_loss=0.2394
fold=4 epoch=3 train_loss=0.0542 val_loss=0.1411
fold=4 epoch=4 train_loss=0.0501 val_loss=0.1437
fold=4 epoch=5 train_loss=0.0102 val_loss=0.1315
fold=4 epoch=6 train_loss=0.0301 val_loss=0.1695
fold=4 epoch=7 train_loss=0.0145 val_loss=0.1842
fold=4 epoch=8 train_loss=0.0010 val_loss=0.1924
fold=4 epoch=9 train_loss=0.0826 val_loss=0.1452
fold=4 epoch=10 train_loss=0.0033 val_loss=0.1620
fold=4 epoch=11 train_loss=0.0391 val_loss=0.1417
[OK] {'fold': 4, 'best_val_loss': 0.12969663103512669, 'events': 109, 'positive_events': 2, 'auroc': 0.9532710280373832, 'pr_auc': 0.5833333333333334, 'sensitivity': 0.5, 'specificity': 0.9813084112149533}
[OOF] {'events': 575, 'positive_events': 14, 'auroc': 0.8248026483320602, 'pr_auc': 0.27036413212088767, 'sensitivity': 0.35714285714285715, 'specificity': 0.9768270944741533}
[RUN] cap4096 seed 11
fold=0 epoch=1 train_loss=0.3874 val_loss=0.3906
fold=0 epoch=2 train_loss=0.0967 val_loss=0.3074
fold=0 epoch=3 train_loss=0.0454 val_loss=0.3909
fold=0 epoch=4 train_loss=0.0258 val_loss=0.4493
fold=0 epoch=5 train_loss=0.0246 val_loss=0.6272
fold=0 epoch=6 train_loss=0.0157 val_loss=0.5385
fold=0 epoch=7 train_loss=0.0011 val_loss=0.6113
fold=0 epoch=8 train_loss=0.0002 val_loss=0.6568
fold=0 epoch=9 train_loss=0.0008 val_loss=0.7618
fold=0 epoch=10 train_loss=0.0001 val_loss=0.7775
fold=0 epoch=11 train_loss=0.0001 val_loss=0.7911
fold=0 epoch=12 train_loss=0.0001 val_loss=0.8400
[OK] {'fold': 0, 'best_val_loss': 0.3073969875964123, 'events': 114, 'positive_events': 4, 'auroc': 0.7636363636363636, 'pr_auc': 0.26041666666666663, 'sensitivity': 0.25, 'specificity': 0.9727272727272728}
fold=1 epoch=1 train_loss=0.5533 val_loss=0.2302
fold=1 epoch=2 train_loss=0.2089 val_loss=0.1162
fold=1 epoch=3 train_loss=0.0574 val_loss=0.1877
fold=1 epoch=4 train_loss=0.0318 val_loss=0.1693
fold=1 epoch=5 train_loss=0.0673 val_loss=0.2172
fold=1 epoch=6 train_loss=0.0877 val_loss=0.1484
fold=1 epoch=7 train_loss=0.0471 val_loss=0.1499
fold=1 epoch=8 train_loss=0.0468 val_loss=0.1418
fold=1 epoch=9 train_loss=0.0640 val_loss=0.0897
fold=1 epoch=10 train_loss=0.0282 val_loss=0.1773
fold=1 epoch=11 train_loss=0.0624 val_loss=0.1719
fold=1 epoch=12 train_loss=0.0266 val_loss=0.1370
fold=1 epoch=13 train_loss=0.0416 val_loss=0.2173
fold=1 epoch=14 train_loss=0.0455 val_loss=0.0900
fold=1 epoch=15 train_loss=0.0260 val_loss=0.1166
fold=1 epoch=16 train_loss=0.0234 val_loss=0.1177
fold=1 epoch=17 train_loss=0.0429 val_loss=0.0720
fold=1 epoch=18 train_loss=0.0417 val_loss=0.0763
fold=1 epoch=19 train_loss=0.0389 val_loss=0.0734
fold=1 epoch=20 train_loss=0.0027 val_loss=0.0718
fold=1 epoch=21 train_loss=0.0237 val_loss=0.0662
fold=1 epoch=22 train_loss=0.0191 val_loss=0.0892
fold=1 epoch=23 train_loss=0.0290 val_loss=0.0751
fold=1 epoch=24 train_loss=0.0134 val_loss=0.0635
fold=1 epoch=25 train_loss=0.0262 val_loss=0.0770
fold=1 epoch=26 train_loss=0.0618 val_loss=0.1552
fold=1 epoch=27 train_loss=0.0177 val_loss=0.1611
fold=1 epoch=28 train_loss=0.0361 val_loss=0.2468
fold=1 epoch=29 train_loss=0.0339 val_loss=0.1557
fold=1 epoch=30 train_loss=0.0442 val_loss=0.0955
fold=1 epoch=31 train_loss=0.0188 val_loss=0.0763
fold=1 epoch=32 train_loss=0.0078 val_loss=0.0725
fold=1 epoch=33 train_loss=0.0306 val_loss=0.0842
fold=1 epoch=34 train_loss=0.0248 val_loss=0.0780
[OK] {'fold': 1, 'best_val_loss': 0.06354734669945086, 'events': 138, 'positive_events': 2, 'auroc': 0.9705882352941176, 'pr_auc': 0.6, 'sensitivity': 0.5, 'specificity': 0.9926470588235294}
fold=2 epoch=1 train_loss=0.4948 val_loss=0.1248
fold=2 epoch=2 train_loss=0.1155 val_loss=0.2183
fold=2 epoch=3 train_loss=0.0590 val_loss=0.2062
fold=2 epoch=4 train_loss=0.0386 val_loss=0.2580
fold=2 epoch=5 train_loss=0.0688 val_loss=0.1869
fold=2 epoch=6 train_loss=0.0116 val_loss=0.3603
fold=2 epoch=7 train_loss=0.0340 val_loss=0.2905
fold=2 epoch=8 train_loss=0.0184 val_loss=0.2292
fold=2 epoch=9 train_loss=0.0643 val_loss=0.2781
fold=2 epoch=10 train_loss=0.0098 val_loss=0.2813
fold=2 epoch=11 train_loss=0.0442 val_loss=0.2824
[OK] {'fold': 2, 'best_val_loss': 0.12478537213868432, 'events': 124, 'positive_events': 4, 'auroc': 0.8645833333333333, 'pr_auc': 0.2571788513837786, 'sensitivity': 0.0, 'specificity': 0.9916666666666667}
fold=3 epoch=1 train_loss=0.5931 val_loss=0.3397
fold=3 epoch=2 train_loss=0.2087 val_loss=0.1566
fold=3 epoch=3 train_loss=0.1028 val_loss=0.2419
fold=3 epoch=4 train_loss=0.0611 val_loss=0.1240
fold=3 epoch=5 train_loss=0.0521 val_loss=0.1250
fold=3 epoch=6 train_loss=0.0238 val_loss=0.1224
fold=3 epoch=7 train_loss=0.0408 val_loss=0.1654
fold=3 epoch=8 train_loss=0.0656 val_loss=0.1067
fold=3 epoch=9 train_loss=0.0090 val_loss=0.1100
fold=3 epoch=10 train_loss=0.0609 val_loss=0.1212
fold=3 epoch=11 train_loss=0.0192 val_loss=0.1147
fold=3 epoch=12 train_loss=0.0315 val_loss=0.1322
fold=3 epoch=13 train_loss=0.0333 val_loss=0.0615
fold=3 epoch=14 train_loss=0.0264 val_loss=0.4678
fold=3 epoch=15 train_loss=0.0192 val_loss=0.1680
fold=3 epoch=16 train_loss=0.0154 val_loss=0.1690
fold=3 epoch=17 train_loss=0.0084 val_loss=0.2293
fold=3 epoch=18 train_loss=0.0712 val_loss=0.1837
fold=3 epoch=19 train_loss=0.0132 val_loss=0.1757
fold=3 epoch=20 train_loss=0.0077 val_loss=0.1916
fold=3 epoch=21 train_loss=0.0104 val_loss=0.1812
fold=3 epoch=22 train_loss=0.0006 val_loss=0.1920
fold=3 epoch=23 train_loss=0.0075 val_loss=0.2318
[OK] {'fold': 3, 'best_val_loss': 0.06151503546832072, 'events': 93, 'positive_events': 3, 'auroc': 0.9814814814814815, 'pr_auc': 0.6666666666666667, 'sensitivity': 0.3333333333333333, 'specificity': 0.9777777777777777}
fold=4 epoch=1 train_loss=0.5357 val_loss=0.2891
fold=4 epoch=2 train_loss=0.1701 val_loss=0.0435
fold=4 epoch=3 train_loss=0.1004 val_loss=0.0326
fold=4 epoch=4 train_loss=0.1314 val_loss=0.0342
fold=4 epoch=5 train_loss=0.0536 val_loss=0.0279
fold=4 epoch=6 train_loss=0.0523 val_loss=0.0243
fold=4 epoch=7 train_loss=0.0281 val_loss=0.3400
fold=4 epoch=8 train_loss=0.0332 val_loss=0.0261
fold=4 epoch=9 train_loss=0.0475 val_loss=0.0347
fold=4 epoch=10 train_loss=0.0197 val_loss=0.0313
fold=4 epoch=11 train_loss=0.0586 val_loss=0.0560
fold=4 epoch=12 train_loss=0.0095 val_loss=0.0360
fold=4 epoch=13 train_loss=0.0153 val_loss=0.0299
fold=4 epoch=14 train_loss=0.0649 val_loss=0.0627
fold=4 epoch=15 train_loss=0.0130 val_loss=0.0481
fold=4 epoch=16 train_loss=0.0364 val_loss=0.0388
[OK] {'fold': 4, 'best_val_loss': 0.024298569078138973, 'events': 106, 'positive_events': 1, 'auroc': 0.9904761904761905, 'pr_auc': 0.5, 'sensitivity': 0.0, 'specificity': 1.0}
[OOF] {'events': 575, 'positive_events': 14, 'auroc': 0.893684746625923, 'pr_auc': 0.3101619402635033, 'sensitivity': 0.21428571428571427, 'specificity': 0.9875222816399287}
[RUN] cap4096 seed 21
fold=0 epoch=1 train_loss=0.5170 val_loss=0.1399
fold=0 epoch=2 train_loss=0.1371 val_loss=0.1697
fold=0 epoch=3 train_loss=0.0646 val_loss=0.1313
fold=0 epoch=4 train_loss=0.0818 val_loss=0.0969
fold=0 epoch=5 train_loss=0.0633 val_loss=0.2231
fold=0 epoch=6 train_loss=0.0706 val_loss=0.1313
fold=0 epoch=7 train_loss=0.0361 val_loss=0.1532
fold=0 epoch=8 train_loss=0.0347 val_loss=0.1975
fold=0 epoch=9 train_loss=0.0764 val_loss=0.1949
fold=0 epoch=10 train_loss=0.0046 val_loss=0.1961
fold=0 epoch=11 train_loss=0.0688 val_loss=0.2112
fold=0 epoch=12 train_loss=0.0334 val_loss=0.2270
fold=0 epoch=13 train_loss=0.0263 val_loss=0.1418
fold=0 epoch=14 train_loss=0.0796 val_loss=0.0836
fold=0 epoch=15 train_loss=0.0402 val_loss=0.1187
fold=0 epoch=16 train_loss=0.0124 val_loss=0.1326
fold=0 epoch=17 train_loss=0.0291 val_loss=0.1226
fold=0 epoch=18 train_loss=0.0565 val_loss=0.1048
fold=0 epoch=19 train_loss=0.0230 val_loss=0.1527
fold=0 epoch=20 train_loss=0.0222 val_loss=0.1223
fold=0 epoch=21 train_loss=0.0803 val_loss=0.3802
fold=0 epoch=22 train_loss=0.0301 val_loss=0.2564
fold=0 epoch=23 train_loss=0.0014 val_loss=0.2103
fold=0 epoch=24 train_loss=0.0323 val_loss=0.2271
[OK] {'fold': 0, 'best_val_loss': 0.08355698692317504, 'events': 125, 'positive_events': 2, 'auroc': 0.959349593495935, 'pr_auc': 0.34090909090909094, 'sensitivity': 0.5, 'specificity': 0.983739837398374}
fold=1 epoch=1 train_loss=0.4540 val_loss=0.3522
fold=1 epoch=2 train_loss=0.1136 val_loss=0.1498
fold=1 epoch=3 train_loss=0.0375 val_loss=0.4184
fold=1 epoch=4 train_loss=0.1066 val_loss=0.1847
fold=1 epoch=5 train_loss=0.0411 val_loss=0.2779
fold=1 epoch=6 train_loss=0.0178 val_loss=0.3364
fold=1 epoch=7 train_loss=0.0012 val_loss=0.3496
fold=1 epoch=8 train_loss=0.0015 val_loss=0.3733
fold=1 epoch=9 train_loss=0.0005 val_loss=0.3920
fold=1 epoch=10 train_loss=0.0395 val_loss=0.3906
fold=1 epoch=11 train_loss=0.0086 val_loss=0.3929
fold=1 epoch=12 train_loss=0.0004 val_loss=0.4186
[OK] {'fold': 1, 'best_val_loss': 0.1498456191446042, 'events': 117, 'positive_events': 4, 'auroc': 0.7013274336283185, 'pr_auc': 0.28104395604395604, 'sensitivity': 0.25, 'specificity': 0.9911504424778761}
fold=2 epoch=1 train_loss=0.5364 val_loss=0.2250
fold=2 epoch=2 train_loss=0.1228 val_loss=0.2460
fold=2 epoch=3 train_loss=0.0638 val_loss=0.1627
fold=2 epoch=4 train_loss=0.0803 val_loss=0.2492
fold=2 epoch=5 train_loss=0.0250 val_loss=0.2267
fold=2 epoch=6 train_loss=0.0543 val_loss=0.2408
fold=2 epoch=7 train_loss=0.0338 val_loss=0.2618
fold=2 epoch=8 train_loss=0.0279 val_loss=0.3145
fold=2 epoch=9 train_loss=0.0461 val_loss=0.2431
fold=2 epoch=10 train_loss=0.0102 val_loss=0.3222
fold=2 epoch=11 train_loss=0.0413 val_loss=0.2800
fold=2 epoch=12 train_loss=0.0474 val_loss=0.2228
fold=2 epoch=13 train_loss=0.0408 val_loss=0.2990
[OK] {'fold': 2, 'best_val_loss': 0.1627114282701204, 'events': 112, 'positive_events': 4, 'auroc': 0.9513888888888888, 'pr_auc': 0.44999999999999996, 'sensitivity': 0.75, 'specificity': 0.9722222222222222}
fold=3 epoch=1 train_loss=0.5187 val_loss=0.2230
fold=3 epoch=2 train_loss=0.1789 val_loss=0.1493
fold=3 epoch=3 train_loss=0.0931 val_loss=0.1420
fold=3 epoch=4 train_loss=0.0999 val_loss=0.0899
fold=3 epoch=5 train_loss=0.0194 val_loss=0.1447
fold=3 epoch=6 train_loss=0.0860 val_loss=0.1172
fold=3 epoch=7 train_loss=0.0124 val_loss=0.0931
fold=3 epoch=8 train_loss=0.0507 val_loss=0.1053
fold=3 epoch=9 train_loss=0.0046 val_loss=0.1586
fold=3 epoch=10 train_loss=0.0400 val_loss=0.1553
fold=3 epoch=11 train_loss=0.0268 val_loss=0.1513
fold=3 epoch=12 train_loss=0.0141 val_loss=0.1495
fold=3 epoch=13 train_loss=0.0153 val_loss=0.1540
fold=3 epoch=14 train_loss=0.0251 val_loss=0.1679
[OK] {'fold': 3, 'best_val_loss': 0.08987257365497316, 'events': 112, 'positive_events': 2, 'auroc': 0.9727272727272728, 'pr_auc': 0.325, 'sensitivity': 0.0, 'specificity': 0.9818181818181818}
fold=4 epoch=1 train_loss=0.5460 val_loss=0.0799
fold=4 epoch=2 train_loss=0.1832 val_loss=0.0929
fold=4 epoch=3 train_loss=0.0684 val_loss=0.0945
fold=4 epoch=4 train_loss=0.0918 val_loss=0.1020
fold=4 epoch=5 train_loss=0.0467 val_loss=0.0868
fold=4 epoch=6 train_loss=0.0235 val_loss=0.1200
fold=4 epoch=7 train_loss=0.0507 val_loss=0.0711
fold=4 epoch=8 train_loss=0.0310 val_loss=0.0955
fold=4 epoch=9 train_loss=0.0566 val_loss=0.0699
fold=4 epoch=10 train_loss=0.0157 val_loss=0.0873
fold=4 epoch=11 train_loss=0.0412 val_loss=0.2433
fold=4 epoch=12 train_loss=0.0096 val_loss=0.1087
fold=4 epoch=13 train_loss=0.0011 val_loss=0.1299
fold=4 epoch=14 train_loss=0.0094 val_loss=0.1463
fold=4 epoch=15 train_loss=0.0168 val_loss=0.1473
fold=4 epoch=16 train_loss=0.0543 val_loss=0.1337
fold=4 epoch=17 train_loss=0.0280 val_loss=0.0793
fold=4 epoch=18 train_loss=0.0152 val_loss=0.1187
fold=4 epoch=19 train_loss=0.0022 val_loss=0.1375
[OK] {'fold': 4, 'best_val_loss': 0.06992992096793038, 'events': 109, 'positive_events': 2, 'auroc': 0.9299065420560747, 'pr_auc': 0.5588235294117647, 'sensitivity': 0.5, 'specificity': 1.0}
[OOF] {'events': 575, 'positive_events': 14, 'auroc': 0.8838808250572956, 'pr_auc': 0.30311267313173834, 'sensitivity': 0.42857142857142855, 'specificity': 0.9857397504456328}
[RUN] cap4096 seed 31
fold=0 epoch=1 train_loss=0.4271 val_loss=0.2632
fold=0 epoch=2 train_loss=0.1425 val_loss=0.1945
fold=0 epoch=3 train_loss=0.0380 val_loss=0.2720
fold=0 epoch=4 train_loss=0.0312 val_loss=0.2884
fold=0 epoch=5 train_loss=0.0595 val_loss=0.2368
fold=0 epoch=6 train_loss=0.0408 val_loss=0.2167
fold=0 epoch=7 train_loss=0.0022 val_loss=0.2612
fold=0 epoch=8 train_loss=0.0634 val_loss=0.2497
fold=0 epoch=9 train_loss=0.0055 val_loss=0.2783
fold=0 epoch=10 train_loss=0.0008 val_loss=0.3203
fold=0 epoch=11 train_loss=0.0285 val_loss=0.2908
fold=0 epoch=12 train_loss=0.0397 val_loss=0.3285
[OK] {'fold': 0, 'best_val_loss': 0.19447340402554672, 'events': 121, 'positive_events': 4, 'auroc': 0.7307692307692307, 'pr_auc': 0.38781653129479216, 'sensitivity': 0.25, 'specificity': 0.9829059829059829}
fold=1 epoch=1 train_loss=0.5530 val_loss=0.3406
fold=1 epoch=2 train_loss=0.2268 val_loss=0.0746
fold=1 epoch=3 train_loss=0.0664 val_loss=0.1061
fold=1 epoch=4 train_loss=0.0762 val_loss=0.0774
fold=1 epoch=5 train_loss=0.0274 val_loss=0.0818
fold=1 epoch=6 train_loss=0.0289 val_loss=0.0961
fold=1 epoch=7 train_loss=0.0567 val_loss=0.1321
fold=1 epoch=8 train_loss=0.0108 val_loss=0.1437
fold=1 epoch=9 train_loss=0.0011 val_loss=0.1571
fold=1 epoch=10 train_loss=0.0314 val_loss=0.1125
fold=1 epoch=11 train_loss=0.0425 val_loss=0.1427
fold=1 epoch=12 train_loss=0.0586 val_loss=0.5034
[OK] {'fold': 1, 'best_val_loss': 0.07462630388287385, 'events': 103, 'positive_events': 2, 'auroc': 0.9851485148514851, 'pr_auc': 0.5, 'sensitivity': 0.5, 'specificity': 0.9801980198019802}
fold=2 epoch=1 train_loss=0.5189 val_loss=0.6744
fold=2 epoch=2 train_loss=0.1451 val_loss=0.1025
fold=2 epoch=3 train_loss=0.0536 val_loss=0.1091
fold=2 epoch=4 train_loss=0.0438 val_loss=0.1222
fold=2 epoch=5 train_loss=0.0673 val_loss=0.2008
fold=2 epoch=6 train_loss=0.0369 val_loss=0.0995
fold=2 epoch=7 train_loss=0.0438 val_loss=0.1630
fold=2 epoch=8 train_loss=0.0827 val_loss=0.1499
fold=2 epoch=9 train_loss=0.0167 val_loss=0.1382
fold=2 epoch=10 train_loss=0.0393 val_loss=0.1142
fold=2 epoch=11 train_loss=0.0149 val_loss=0.1330
fold=2 epoch=12 train_loss=0.0397 val_loss=0.1335
fold=2 epoch=13 train_loss=0.0016 val_loss=0.1366
fold=2 epoch=14 train_loss=0.0655 val_loss=0.1595
fold=2 epoch=15 train_loss=0.0161 val_loss=0.1633
fold=2 epoch=16 train_loss=0.0131 val_loss=0.1742
[OK] {'fold': 2, 'best_val_loss': 0.09949731708930047, 'events': 122, 'positive_events': 3, 'auroc': 0.9215686274509803, 'pr_auc': 0.5023809523809524, 'sensitivity': 0.3333333333333333, 'specificity': 0.9915966386554622}
fold=3 epoch=1 train_loss=0.5183 val_loss=0.5315
fold=3 epoch=2 train_loss=0.1362 val_loss=0.2009
fold=3 epoch=3 train_loss=0.0725 val_loss=0.2810
fold=3 epoch=4 train_loss=0.0602 val_loss=0.2019
fold=3 epoch=5 train_loss=0.0601 val_loss=0.2227
fold=3 epoch=6 train_loss=0.0187 val_loss=0.2908
fold=3 epoch=7 train_loss=0.0173 val_loss=0.3474
fold=3 epoch=8 train_loss=0.0171 val_loss=0.3922
fold=3 epoch=9 train_loss=0.0010 val_loss=0.4311
fold=3 epoch=10 train_loss=0.0004 val_loss=0.5370
fold=3 epoch=11 train_loss=0.0753 val_loss=0.3527
fold=3 epoch=12 train_loss=0.0248 val_loss=0.3411
[OK] {'fold': 3, 'best_val_loss': 0.20085041419312033, 'events': 104, 'positive_events': 3, 'auroc': 0.9438943894389439, 'pr_auc': 0.2574074074074074, 'sensitivity': 0.3333333333333333, 'specificity': 0.9603960396039604}
fold=4 epoch=1 train_loss=0.5862 val_loss=0.3404
fold=4 epoch=2 train_loss=0.1823 val_loss=0.0183
fold=4 epoch=3 train_loss=0.0826 val_loss=0.1364
fold=4 epoch=4 train_loss=0.0694 val_loss=0.1301
fold=4 epoch=5 train_loss=0.0686 val_loss=0.1156
fold=4 epoch=6 train_loss=0.0917 val_loss=0.0607
fold=4 epoch=7 train_loss=0.0634 val_loss=0.0942
fold=4 epoch=8 train_loss=0.0221 val_loss=0.0885
fold=4 epoch=9 train_loss=0.0232 val_loss=0.0635
fold=4 epoch=10 train_loss=0.1055 val_loss=0.0103
fold=4 epoch=11 train_loss=0.0372 val_loss=0.0732
fold=4 epoch=12 train_loss=0.0033 val_loss=0.0263
fold=4 epoch=13 train_loss=0.0614 val_loss=0.0296
fold=4 epoch=14 train_loss=0.0033 val_loss=0.0364
fold=4 epoch=15 train_loss=0.0386 val_loss=0.0354
fold=4 epoch=16 train_loss=0.0265 val_loss=0.0306
fold=4 epoch=17 train_loss=0.0534 val_loss=0.0749
fold=4 epoch=18 train_loss=0.0323 val_loss=0.2200
fold=4 epoch=19 train_loss=0.0772 val_loss=0.0770
fold=4 epoch=20 train_loss=0.0134 val_loss=0.0672
[OK] {'fold': 4, 'best_val_loss': 0.010289470086741062, 'events': 125, 'positive_events': 2, 'auroc': 1.0, 'pr_auc': 1.0, 'sensitivity': 0.5, 'specificity': 1.0}
[OOF] {'events': 575, 'positive_events': 14, 'auroc': 0.8758594346829641, 'pr_auc': 0.33902591741180044, 'sensitivity': 0.35714285714285715, 'specificity': 0.983957219251337}
[RUN] cap4096 seed 41
fold=0 epoch=1 train_loss=0.5326 val_loss=0.5364
fold=0 epoch=2 train_loss=0.1554 val_loss=0.2751
fold=0 epoch=3 train_loss=0.1181 val_loss=0.0817
fold=0 epoch=4 train_loss=0.0710 val_loss=0.3408
fold=0 epoch=5 train_loss=0.1193 val_loss=0.1151
fold=0 epoch=6 train_loss=0.0348 val_loss=0.2453
fold=0 epoch=7 train_loss=0.0673 val_loss=0.1593
fold=0 epoch=8 train_loss=0.0380 val_loss=0.0343
fold=0 epoch=9 train_loss=0.0433 val_loss=0.0874
fold=0 epoch=10 train_loss=0.0567 val_loss=0.0319
fold=0 epoch=11 train_loss=0.0623 val_loss=0.0154
fold=0 epoch=12 train_loss=0.0445 val_loss=0.0360
fold=0 epoch=13 train_loss=0.0172 val_loss=0.0113
fold=0 epoch=14 train_loss=0.0122 val_loss=0.0335
fold=0 epoch=15 train_loss=0.0130 val_loss=0.0157
fold=0 epoch=16 train_loss=0.0011 val_loss=0.0329
fold=0 epoch=17 train_loss=0.0920 val_loss=0.0684
fold=0 epoch=18 train_loss=0.0016 val_loss=0.0674
fold=0 epoch=19 train_loss=0.0143 val_loss=0.0787
fold=0 epoch=20 train_loss=0.0341 val_loss=0.2170
fold=0 epoch=21 train_loss=0.0560 val_loss=0.0031
fold=0 epoch=22 train_loss=0.0041 val_loss=0.1340
fold=0 epoch=23 train_loss=0.0285 val_loss=0.0633
fold=0 epoch=24 train_loss=0.0009 val_loss=0.0648
fold=0 epoch=25 train_loss=0.0143 val_loss=0.0593
fold=0 epoch=26 train_loss=0.0117 val_loss=0.0464
fold=0 epoch=27 train_loss=0.0228 val_loss=0.1318
fold=0 epoch=28 train_loss=0.0566 val_loss=0.0867
fold=0 epoch=29 train_loss=0.0127 val_loss=0.0451
fold=0 epoch=30 train_loss=0.0216 val_loss=0.0352
fold=0 epoch=31 train_loss=0.0181 val_loss=0.0173
[OK] {'fold': 0, 'best_val_loss': 0.0031465902700599643, 'events': 114, 'positive_events': 0, 'auroc': nan, 'pr_auc': nan, 'sensitivity': nan, 'specificity': 1.0}
fold=1 epoch=1 train_loss=0.5373 val_loss=0.3493
fold=1 epoch=2 train_loss=0.1473 val_loss=0.0773
fold=1 epoch=3 train_loss=0.0641 val_loss=0.1631
fold=1 epoch=4 train_loss=0.0786 val_loss=0.1818
fold=1 epoch=5 train_loss=0.0595 val_loss=0.1188
fold=1 epoch=6 train_loss=0.0681 val_loss=0.1206
fold=1 epoch=7 train_loss=0.0259 val_loss=0.0981
fold=1 epoch=8 train_loss=0.0139 val_loss=0.1127
fold=1 epoch=9 train_loss=0.0031 val_loss=0.0585
fold=1 epoch=10 train_loss=0.0396 val_loss=0.1298
fold=1 epoch=11 train_loss=0.0007 val_loss=0.1502
fold=1 epoch=12 train_loss=0.0468 val_loss=0.1493
fold=1 epoch=13 train_loss=0.0341 val_loss=0.1026
fold=1 epoch=14 train_loss=0.0018 val_loss=0.1300
fold=1 epoch=15 train_loss=0.0360 val_loss=0.0973
fold=1 epoch=16 train_loss=0.0086 val_loss=0.1720
fold=1 epoch=17 train_loss=0.0007 val_loss=0.1876
fold=1 epoch=18 train_loss=0.0020 val_loss=0.2884
fold=1 epoch=19 train_loss=0.0207 val_loss=0.1516
[OK] {'fold': 1, 'best_val_loss': 0.0584858959885648, 'events': 110, 'positive_events': 2, 'auroc': 0.9907407407407407, 'pr_auc': 0.5833333333333333, 'sensitivity': 0.5, 'specificity': 0.9907407407407407}
fold=2 epoch=1 train_loss=0.4740 val_loss=0.1257
fold=2 epoch=2 train_loss=0.1047 val_loss=0.1675
fold=2 epoch=3 train_loss=0.0711 val_loss=0.1568
fold=2 epoch=4 train_loss=0.0542 val_loss=0.1548
fold=2 epoch=5 train_loss=0.0535 val_loss=0.2091
fold=2 epoch=6 train_loss=0.0130 val_loss=0.2468
fold=2 epoch=7 train_loss=0.0014 val_loss=0.2725
fold=2 epoch=8 train_loss=0.0120 val_loss=0.2506
fold=2 epoch=9 train_loss=0.1172 val_loss=0.2137
fold=2 epoch=10 train_loss=0.0059 val_loss=0.2357
fold=2 epoch=11 train_loss=0.0365 val_loss=0.3750
[OK] {'fold': 2, 'best_val_loss': 0.12571923216361733, 'events': 124, 'positive_events': 3, 'auroc': 0.9449035812672177, 'pr_auc': 0.2547008547008547, 'sensitivity': 0.0, 'specificity': 0.9834710743801653}
fold=3 epoch=1 train_loss=0.4935 val_loss=0.2545
fold=3 epoch=2 train_loss=0.1508 val_loss=0.2308
fold=3 epoch=3 train_loss=0.0770 val_loss=0.1786
fold=3 epoch=4 train_loss=0.0775 val_loss=0.1651
fold=3 epoch=5 train_loss=0.0342 val_loss=0.1851
fold=3 epoch=6 train_loss=0.0590 val_loss=0.0842
fold=3 epoch=7 train_loss=0.0414 val_loss=0.1461
fold=3 epoch=8 train_loss=0.0085 val_loss=0.2267
fold=3 epoch=9 train_loss=0.0147 val_loss=0.2367
fold=3 epoch=10 train_loss=0.0015 val_loss=0.2662
fold=3 epoch=11 train_loss=0.1142 val_loss=0.0549
fold=3 epoch=12 train_loss=0.0270 val_loss=0.0861
fold=3 epoch=13 train_loss=0.0052 val_loss=0.1853
fold=3 epoch=14 train_loss=0.0265 val_loss=0.1273
fold=3 epoch=15 train_loss=0.0018 val_loss=0.1579
fold=3 epoch=16 train_loss=0.0298 val_loss=0.3160
fold=3 epoch=17 train_loss=0.0366 val_loss=0.2567
fold=3 epoch=18 train_loss=0.0168 val_loss=0.1416
fold=3 epoch=19 train_loss=0.0028 val_loss=0.2526
fold=3 epoch=20 train_loss=0.0003 val_loss=0.2567
fold=3 epoch=21 train_loss=0.0001 val_loss=0.2560
[OK] {'fold': 3, 'best_val_loss': 0.05493518547882559, 'events': 107, 'positive_events': 4, 'auroc': 0.9563106796116505, 'pr_auc': 0.7954545454545454, 'sensitivity': 0.75, 'specificity': 1.0}
fold=4 epoch=1 train_loss=0.4126 val_loss=0.2087
fold=4 epoch=2 train_loss=0.0619 val_loss=0.2623
fold=4 epoch=3 train_loss=0.0704 val_loss=0.2846
fold=4 epoch=4 train_loss=0.0573 val_loss=0.3303
fold=4 epoch=5 train_loss=0.0461 val_loss=0.3264
fold=4 epoch=6 train_loss=0.0167 val_loss=0.3671
fold=4 epoch=7 train_loss=0.0020 val_loss=0.4269
fold=4 epoch=8 train_loss=0.0007 val_loss=0.4769
fold=4 epoch=9 train_loss=0.0807 val_loss=0.3894
fold=4 epoch=10 train_loss=0.0343 val_loss=0.3479
fold=4 epoch=11 train_loss=0.0209 val_loss=0.4139
[OK] {'fold': 4, 'best_val_loss': 0.2087016511412609, 'events': 120, 'positive_events': 5, 'auroc': 0.7217391304347825, 'pr_auc': 0.1985545385202136, 'sensitivity': 0.2, 'specificity': 0.991304347826087}
[OOF] {'events': 575, 'positive_events': 14, 'auroc': 0.914183855360326, 'pr_auc': 0.33296555901591174, 'sensitivity': 0.35714285714285715, 'specificity': 0.9928698752228164}
