nohup: ignoring input
[RUN] task=acr_high seed=1
fold=0 epoch=1 train_loss=0.4884 val_loss=0.4400
fold=0 epoch=2 train_loss=0.1620 val_loss=0.1783
fold=0 epoch=3 train_loss=0.0572 val_loss=0.2982
fold=0 epoch=4 train_loss=0.0573 val_loss=0.5250
fold=0 epoch=5 train_loss=0.0363 val_loss=0.5461
fold=0 epoch=6 train_loss=0.0533 val_loss=0.2279
fold=0 epoch=7 train_loss=0.0355 val_loss=0.3694
fold=0 epoch=8 train_loss=0.0109 val_loss=0.3132
fold=0 epoch=9 train_loss=0.0192 val_loss=0.3836
fold=0 epoch=10 train_loss=0.0246 val_loss=0.3854
fold=0 epoch=11 train_loss=0.0211 val_loss=2.2820
fold=0 epoch=12 train_loss=0.0699 val_loss=0.4107
[OK] {'fold': 0, 'best_val_loss': 0.1783336443572893, 'events': 106, 'positive_events': 3, 'auroc': 0.9773462783171522, 'pr_auc': 0.47619047619047616, 'sensitivity': 0.6666666666666666, 'specificity': 0.9611650485436893}
fold=1 epoch=1 train_loss=0.4486 val_loss=0.0951
fold=1 epoch=2 train_loss=0.1453 val_loss=0.1001
fold=1 epoch=3 train_loss=0.0757 val_loss=0.0750
fold=1 epoch=4 train_loss=0.0829 val_loss=0.0615
fold=1 epoch=5 train_loss=0.1295 val_loss=0.1006
fold=1 epoch=6 train_loss=0.0606 val_loss=0.1034
fold=1 epoch=7 train_loss=0.0253 val_loss=0.1852
fold=1 epoch=8 train_loss=0.0861 val_loss=0.1436
fold=1 epoch=9 train_loss=0.0198 val_loss=0.1756
fold=1 epoch=10 train_loss=0.0444 val_loss=0.2305
fold=1 epoch=11 train_loss=0.0630 val_loss=0.1254
fold=1 epoch=12 train_loss=0.0347 val_loss=0.1014
fold=1 epoch=13 train_loss=0.0393 val_loss=0.1002
fold=1 epoch=14 train_loss=0.0655 val_loss=0.2225
[OK] {'fold': 1, 'best_val_loss': 0.06147291631788221, 'events': 110, 'positive_events': 3, 'auroc': 1.0, 'pr_auc': 1.0, 'sensitivity': 1.0, 'specificity': 0.9719626168224299}
fold=2 epoch=1 train_loss=0.4701 val_loss=0.1170
fold=2 epoch=2 train_loss=0.1320 val_loss=0.1799
fold=2 epoch=3 train_loss=0.0571 val_loss=0.0996
fold=2 epoch=4 train_loss=0.0364 val_loss=0.1425
fold=2 epoch=5 train_loss=0.0920 val_loss=0.0923
fold=2 epoch=6 train_loss=0.0404 val_loss=0.1576
fold=2 epoch=7 train_loss=0.0359 val_loss=0.1267
fold=2 epoch=8 train_loss=0.0461 val_loss=0.1810
fold=2 epoch=9 train_loss=0.0522 val_loss=0.1981
fold=2 epoch=10 train_loss=0.0468 val_loss=0.1263
fold=2 epoch=11 train_loss=0.0031 val_loss=0.1512
fold=2 epoch=12 train_loss=0.0516 val_loss=0.3147
fold=2 epoch=13 train_loss=0.0400 val_loss=0.1162
fold=2 epoch=14 train_loss=0.0170 val_loss=0.1385
fold=2 epoch=15 train_loss=0.0229 val_loss=0.1856
[OK] {'fold': 2, 'best_val_loss': 0.09234674046042159, 'events': 124, 'positive_events': 3, 'auroc': 0.9118457300275482, 'pr_auc': 0.4191919191919192, 'sensitivity': 0.0, 'specificity': 0.9917355371900827}
fold=3 epoch=1 train_loss=0.4522 val_loss=0.2510
fold=3 epoch=2 train_loss=0.1582 val_loss=0.1081
fold=3 epoch=3 train_loss=0.1213 val_loss=0.1190
fold=3 epoch=4 train_loss=0.0533 val_loss=0.1714
fold=3 epoch=5 train_loss=0.0220 val_loss=0.1460
fold=3 epoch=6 train_loss=0.0320 val_loss=0.1422
fold=3 epoch=7 train_loss=0.0064 val_loss=0.2165
fold=3 epoch=8 train_loss=0.0009 val_loss=0.2226
fold=3 epoch=9 train_loss=0.0916 val_loss=0.1532
fold=3 epoch=10 train_loss=0.0459 val_loss=0.2286
fold=3 epoch=11 train_loss=0.0088 val_loss=0.3153
fold=3 epoch=12 train_loss=0.0287 val_loss=0.2785
[OK] {'fold': 3, 'best_val_loss': 0.1081120604732746, 'events': 128, 'positive_events': 5, 'auroc': 0.8406504065040651, 'pr_auc': 0.6903092783505155, 'sensitivity': 0.6, 'specificity': 0.991869918699187}
fold=4 epoch=1 train_loss=0.5155 val_loss=0.5669
fold=4 epoch=2 train_loss=0.1411 val_loss=0.1387
fold=4 epoch=3 train_loss=0.1408 val_loss=0.1233
fold=4 epoch=4 train_loss=0.0442 val_loss=0.1349
fold=4 epoch=5 train_loss=0.1202 val_loss=0.1180
fold=4 epoch=6 train_loss=0.0114 val_loss=0.1629
fold=4 epoch=7 train_loss=0.0185 val_loss=0.1738
fold=4 epoch=8 train_loss=0.0525 val_loss=0.1479
fold=4 epoch=9 train_loss=0.0102 val_loss=0.1671
fold=4 epoch=10 train_loss=0.0837 val_loss=0.1584
fold=4 epoch=11 train_loss=0.0133 val_loss=0.1913
fold=4 epoch=12 train_loss=0.0146 val_loss=0.2230
fold=4 epoch=13 train_loss=0.0023 val_loss=0.2658
fold=4 epoch=14 train_loss=0.0355 val_loss=0.1982
fold=4 epoch=15 train_loss=0.0283 val_loss=0.3679
[OK] {'fold': 4, 'best_val_loss': 0.11798974761536556, 'events': 110, 'positive_events': 3, 'auroc': 0.7819314641744548, 'pr_auc': 0.5694444444444444, 'sensitivity': 0.6666666666666666, 'specificity': 0.9813084112149533}
[OOF] {'events': 578, 'positive_events': 17, 'auroc': 0.9109782950613401, 'pr_auc': 0.49727747268956324, 'sensitivity': 0.5882352941176471, 'specificity': 0.9803921568627451}
[RUN] task=acr_high seed=11
fold=0 epoch=1 train_loss=0.4273 val_loss=0.3652
fold=0 epoch=2 train_loss=0.0889 val_loss=0.3797
fold=0 epoch=3 train_loss=0.0356 val_loss=0.3870
fold=0 epoch=4 train_loss=0.0054 val_loss=0.5535
fold=0 epoch=5 train_loss=0.0266 val_loss=0.5278
fold=0 epoch=6 train_loss=0.0394 val_loss=0.4861
fold=0 epoch=7 train_loss=0.0018 val_loss=0.5433
fold=0 epoch=8 train_loss=0.0013 val_loss=0.6104
fold=0 epoch=9 train_loss=0.0082 val_loss=0.5745
fold=0 epoch=10 train_loss=0.0616 val_loss=0.4967
fold=0 epoch=11 train_loss=0.0053 val_loss=0.5955
[OK] {'fold': 0, 'best_val_loss': 0.36515372471868707, 'events': 115, 'positive_events': 5, 'auroc': 0.6890909090909091, 'pr_auc': 0.30071253071253073, 'sensitivity': 0.4, 'specificity': 0.9363636363636364}
fold=1 epoch=1 train_loss=0.5446 val_loss=0.2347
fold=1 epoch=2 train_loss=0.1988 val_loss=0.0805
fold=1 epoch=3 train_loss=0.0380 val_loss=0.2071
fold=1 epoch=4 train_loss=0.0807 val_loss=0.3403
fold=1 epoch=5 train_loss=0.0579 val_loss=0.1198
fold=1 epoch=6 train_loss=0.0800 val_loss=0.1324
fold=1 epoch=7 train_loss=0.0718 val_loss=0.0591
fold=1 epoch=8 train_loss=0.0056 val_loss=0.0554
fold=1 epoch=9 train_loss=0.0268 val_loss=0.0655
fold=1 epoch=10 train_loss=0.0848 val_loss=0.0431
fold=1 epoch=11 train_loss=0.0570 val_loss=0.3275
fold=1 epoch=12 train_loss=0.0641 val_loss=0.0942
fold=1 epoch=13 train_loss=0.0342 val_loss=0.0718
fold=1 epoch=14 train_loss=0.0158 val_loss=0.0688
fold=1 epoch=15 train_loss=0.0419 val_loss=0.1527
fold=1 epoch=16 train_loss=0.0027 val_loss=0.1008
fold=1 epoch=17 train_loss=0.1267 val_loss=0.2003
fold=1 epoch=18 train_loss=0.0072 val_loss=0.1732
fold=1 epoch=19 train_loss=0.0018 val_loss=0.1730
fold=1 epoch=20 train_loss=0.0181 val_loss=0.1708
[OK] {'fold': 1, 'best_val_loss': 0.04310535796037938, 'events': 138, 'positive_events': 2, 'auroc': 0.9779411764705883, 'pr_auc': 0.625, 'sensitivity': 0.5, 'specificity': 1.0}
fold=2 epoch=1 train_loss=0.4563 val_loss=0.3718
fold=2 epoch=2 train_loss=0.1523 val_loss=0.1566
fold=2 epoch=3 train_loss=0.1217 val_loss=0.1490
fold=2 epoch=4 train_loss=0.0963 val_loss=0.2062
fold=2 epoch=5 train_loss=0.0501 val_loss=0.2056
fold=2 epoch=6 train_loss=0.0261 val_loss=0.2203
fold=2 epoch=7 train_loss=0.0371 val_loss=0.2772
fold=2 epoch=8 train_loss=0.0625 val_loss=0.1417
fold=2 epoch=9 train_loss=0.0315 val_loss=0.1666
fold=2 epoch=10 train_loss=0.0180 val_loss=0.2483
fold=2 epoch=11 train_loss=0.0152 val_loss=0.2459
fold=2 epoch=12 train_loss=0.0394 val_loss=0.2548
fold=2 epoch=13 train_loss=0.0061 val_loss=0.2751
fold=2 epoch=14 train_loss=0.0013 val_loss=0.3197
fold=2 epoch=15 train_loss=0.0451 val_loss=0.2744
fold=2 epoch=16 train_loss=0.0024 val_loss=0.3459
fold=2 epoch=17 train_loss=0.0201 val_loss=0.3701
fold=2 epoch=18 train_loss=0.0296 val_loss=0.3064
[OK] {'fold': 2, 'best_val_loss': 0.1417029344923554, 'events': 124, 'positive_events': 4, 'auroc': 0.9145833333333333, 'pr_auc': 0.28888888888888886, 'sensitivity': 0.25, 'specificity': 0.9916666666666667}
fold=3 epoch=1 train_loss=0.5238 val_loss=0.2846
fold=3 epoch=2 train_loss=0.1763 val_loss=0.1744
fold=3 epoch=3 train_loss=0.0855 val_loss=0.1232
fold=3 epoch=4 train_loss=0.0663 val_loss=0.1098
fold=3 epoch=5 train_loss=0.0615 val_loss=0.0899
fold=3 epoch=6 train_loss=0.0650 val_loss=0.1768
fold=3 epoch=7 train_loss=0.0604 val_loss=0.1443
fold=3 epoch=8 train_loss=0.0465 val_loss=0.1121
fold=3 epoch=9 train_loss=0.0377 val_loss=0.1478
fold=3 epoch=10 train_loss=0.0473 val_loss=0.1606
fold=3 epoch=11 train_loss=0.0036 val_loss=0.2357
fold=3 epoch=12 train_loss=0.0213 val_loss=0.0467
fold=3 epoch=13 train_loss=0.0307 val_loss=0.1117
fold=3 epoch=14 train_loss=0.0379 val_loss=0.3742
fold=3 epoch=15 train_loss=0.0635 val_loss=0.1705
fold=3 epoch=16 train_loss=0.0473 val_loss=0.0948
fold=3 epoch=17 train_loss=0.0291 val_loss=0.0522
fold=3 epoch=18 train_loss=0.0225 val_loss=0.1052
fold=3 epoch=19 train_loss=0.0439 val_loss=0.0264
fold=3 epoch=20 train_loss=0.0146 val_loss=0.0417
fold=3 epoch=21 train_loss=0.0411 val_loss=0.0531
fold=3 epoch=22 train_loss=0.0498 val_loss=0.0925
fold=3 epoch=23 train_loss=0.0125 val_loss=0.0515
fold=3 epoch=24 train_loss=0.0010 val_loss=0.0628
fold=3 epoch=25 train_loss=0.0507 val_loss=0.1637
fold=3 epoch=26 train_loss=0.0343 val_loss=0.1298
fold=3 epoch=27 train_loss=0.0395 val_loss=0.1657
fold=3 epoch=28 train_loss=0.0162 val_loss=0.1932
fold=3 epoch=29 train_loss=0.0199 val_loss=0.1911
[OK] {'fold': 3, 'best_val_loss': 0.02643727809099142, 'events': 93, 'positive_events': 3, 'auroc': 1.0, 'pr_auc': 1.0, 'sensitivity': 0.6666666666666666, 'specificity': 1.0}
fold=4 epoch=1 train_loss=0.4911 val_loss=0.2265
fold=4 epoch=2 train_loss=0.1659 val_loss=0.0611
fold=4 epoch=3 train_loss=0.0956 val_loss=0.0406
fold=4 epoch=4 train_loss=0.0491 val_loss=0.3435
fold=4 epoch=5 train_loss=0.0836 val_loss=0.0253
fold=4 epoch=6 train_loss=0.0524 val_loss=0.0333
fold=4 epoch=7 train_loss=0.0602 val_loss=0.0640
fold=4 epoch=8 train_loss=0.0510 val_loss=0.0548
fold=4 epoch=9 train_loss=0.0255 val_loss=0.0400
fold=4 epoch=10 train_loss=0.0015 val_loss=0.0379
fold=4 epoch=11 train_loss=0.0812 val_loss=0.0344
fold=4 epoch=12 train_loss=0.0257 val_loss=0.0295
fold=4 epoch=13 train_loss=0.0196 val_loss=0.0474
fold=4 epoch=14 train_loss=0.0401 val_loss=0.2200
fold=4 epoch=15 train_loss=0.0393 val_loss=0.0337
[OK] {'fold': 4, 'best_val_loss': 0.025313728605195922, 'events': 108, 'positive_events': 3, 'auroc': 0.9968253968253968, 'pr_auc': 0.9166666666666665, 'sensitivity': 0.6666666666666666, 'specificity': 1.0}
[OOF] {'events': 578, 'positive_events': 17, 'auroc': 0.912970535807906, 'pr_auc': 0.3829210435326275, 'sensitivity': 0.47058823529411764, 'specificity': 0.9857397504456328}
[RUN] task=acr_high seed=21
fold=0 epoch=1 train_loss=0.5244 val_loss=0.1769
fold=0 epoch=2 train_loss=0.2244 val_loss=0.1967
fold=0 epoch=3 train_loss=0.0912 val_loss=0.1999
fold=0 epoch=4 train_loss=0.0548 val_loss=0.1738
fold=0 epoch=5 train_loss=0.0302 val_loss=0.3033
fold=0 epoch=6 train_loss=0.0556 val_loss=0.2093
fold=0 epoch=7 train_loss=0.0230 val_loss=0.2232
fold=0 epoch=8 train_loss=0.0530 val_loss=0.1437
fold=0 epoch=9 train_loss=0.0763 val_loss=0.2189
fold=0 epoch=10 train_loss=0.0577 val_loss=0.0911
fold=0 epoch=11 train_loss=0.0445 val_loss=0.1330
fold=0 epoch=12 train_loss=0.0519 val_loss=0.1424
fold=0 epoch=13 train_loss=0.0029 val_loss=0.1302
fold=0 epoch=14 train_loss=0.0459 val_loss=0.3582
fold=0 epoch=15 train_loss=0.0211 val_loss=0.1422
fold=0 epoch=16 train_loss=0.0227 val_loss=0.1478
fold=0 epoch=17 train_loss=0.0290 val_loss=0.1386
fold=0 epoch=18 train_loss=0.0421 val_loss=0.2409
fold=0 epoch=19 train_loss=0.0143 val_loss=0.1919
fold=0 epoch=20 train_loss=0.0008 val_loss=0.1541
[OK] {'fold': 0, 'best_val_loss': 0.09108848079131619, 'events': 126, 'positive_events': 3, 'auroc': 0.8699186991869919, 'pr_auc': 0.5755555555555555, 'sensitivity': 0.3333333333333333, 'specificity': 1.0}
fold=1 epoch=1 train_loss=0.4381 val_loss=0.2574
fold=1 epoch=2 train_loss=0.1469 val_loss=0.1880
fold=1 epoch=3 train_loss=0.0623 val_loss=0.2246
fold=1 epoch=4 train_loss=0.0497 val_loss=0.2733
fold=1 epoch=5 train_loss=0.0232 val_loss=0.2580
fold=1 epoch=6 train_loss=0.0656 val_loss=0.2590
fold=1 epoch=7 train_loss=0.0270 val_loss=0.2526
fold=1 epoch=8 train_loss=0.0056 val_loss=0.3191
fold=1 epoch=9 train_loss=0.0179 val_loss=0.3685
fold=1 epoch=10 train_loss=0.0560 val_loss=0.2790
fold=1 epoch=11 train_loss=0.0330 val_loss=0.2864
fold=1 epoch=12 train_loss=0.0010 val_loss=0.3118
[OK] {'fold': 1, 'best_val_loss': 0.18802219986186997, 'events': 117, 'positive_events': 4, 'auroc': 0.7676991150442478, 'pr_auc': 0.42628205128205127, 'sensitivity': 0.5, 'specificity': 0.9911504424778761}
fold=2 epoch=1 train_loss=0.4732 val_loss=0.2796
fold=2 epoch=2 train_loss=0.1257 val_loss=0.1817
fold=2 epoch=3 train_loss=0.0727 val_loss=0.2674
fold=2 epoch=4 train_loss=0.0560 val_loss=0.1383
fold=2 epoch=5 train_loss=0.0362 val_loss=0.1720
fold=2 epoch=6 train_loss=0.0367 val_loss=0.1702
fold=2 epoch=7 train_loss=0.0222 val_loss=0.1856
fold=2 epoch=8 train_loss=0.0279 val_loss=0.2140
fold=2 epoch=9 train_loss=0.0511 val_loss=0.2202
fold=2 epoch=10 train_loss=0.0357 val_loss=0.1997
fold=2 epoch=11 train_loss=0.0147 val_loss=0.1853
fold=2 epoch=12 train_loss=0.0465 val_loss=0.2396
fold=2 epoch=13 train_loss=0.0720 val_loss=0.2545
fold=2 epoch=14 train_loss=0.0043 val_loss=0.3237
[OK] {'fold': 2, 'best_val_loss': 0.13829761471710184, 'events': 112, 'positive_events': 4, 'auroc': 0.974537037037037, 'pr_auc': 0.6238095238095237, 'sensitivity': 0.5, 'specificity': 0.9814814814814815}
fold=3 epoch=1 train_loss=0.5317 val_loss=0.3022
fold=3 epoch=2 train_loss=0.2310 val_loss=0.0867
fold=3 epoch=3 train_loss=0.1087 val_loss=0.0500
fold=3 epoch=4 train_loss=0.0684 val_loss=0.0717
fold=3 epoch=5 train_loss=0.0619 val_loss=0.1361
fold=3 epoch=6 train_loss=0.0434 val_loss=0.1881
fold=3 epoch=7 train_loss=0.0855 val_loss=0.1005
fold=3 epoch=8 train_loss=0.0454 val_loss=0.1494
fold=3 epoch=9 train_loss=0.0445 val_loss=0.1286
fold=3 epoch=10 train_loss=0.0433 val_loss=0.1700
fold=3 epoch=11 train_loss=0.0341 val_loss=0.1006
fold=3 epoch=12 train_loss=0.0036 val_loss=0.1180
fold=3 epoch=13 train_loss=0.0331 val_loss=0.1251
[OK] {'fold': 3, 'best_val_loss': 0.050034662753116806, 'events': 113, 'positive_events': 3, 'auroc': 0.9909090909090909, 'pr_auc': 0.7555555555555555, 'sensitivity': 0.6666666666666666, 'specificity': 0.990909090909091}
fold=4 epoch=1 train_loss=0.5072 val_loss=0.2969
fold=4 epoch=2 train_loss=0.1517 val_loss=0.2115
fold=4 epoch=3 train_loss=0.0799 val_loss=0.1331
fold=4 epoch=4 train_loss=0.0838 val_loss=0.1363
fold=4 epoch=5 train_loss=0.0419 val_loss=0.1805
fold=4 epoch=6 train_loss=0.0507 val_loss=0.1332
fold=4 epoch=7 train_loss=0.0533 val_loss=0.1086
fold=4 epoch=8 train_loss=0.0259 val_loss=0.1250
fold=4 epoch=9 train_loss=0.0400 val_loss=0.1548
fold=4 epoch=10 train_loss=0.0255 val_loss=0.1372
fold=4 epoch=11 train_loss=0.0010 val_loss=0.1593
fold=4 epoch=12 train_loss=0.0943 val_loss=0.0861
fold=4 epoch=13 train_loss=0.0624 val_loss=0.1069
fold=4 epoch=14 train_loss=0.0158 val_loss=0.1045
fold=4 epoch=15 train_loss=0.0441 val_loss=0.2710
fold=4 epoch=16 train_loss=0.0235 val_loss=0.1448
fold=4 epoch=17 train_loss=0.0667 val_loss=0.1241
fold=4 epoch=18 train_loss=0.0581 val_loss=0.1275
fold=4 epoch=19 train_loss=0.0262 val_loss=0.1358
fold=4 epoch=20 train_loss=0.0164 val_loss=0.1461
fold=4 epoch=21 train_loss=0.0082 val_loss=0.1609
fold=4 epoch=22 train_loss=0.0008 val_loss=0.1638
[OK] {'fold': 4, 'best_val_loss': 0.08613414747922729, 'events': 110, 'positive_events': 3, 'auroc': 0.8878504672897196, 'pr_auc': 0.6923076923076923, 'sensitivity': 0.6666666666666666, 'specificity': 1.0}
[OOF] {'events': 578, 'positive_events': 17, 'auroc': 0.8827723602810108, 'pr_auc': 0.553714781015136, 'sensitivity': 0.5294117647058824, 'specificity': 0.9928698752228164}
[RUN] task=acr_high seed=31
fold=0 epoch=1 train_loss=0.4063 val_loss=0.2571
fold=0 epoch=2 train_loss=0.2012 val_loss=0.1794
fold=0 epoch=3 train_loss=0.0542 val_loss=0.2305
fold=0 epoch=4 train_loss=0.0210 val_loss=0.2553
fold=0 epoch=5 train_loss=0.0664 val_loss=0.2234
fold=0 epoch=6 train_loss=0.0174 val_loss=0.2505
fold=0 epoch=7 train_loss=0.0265 val_loss=0.2677
fold=0 epoch=8 train_loss=0.0281 val_loss=0.2861
fold=0 epoch=9 train_loss=0.0511 val_loss=0.2588
fold=0 epoch=10 train_loss=0.0380 val_loss=0.2622
fold=0 epoch=11 train_loss=0.0024 val_loss=0.2863
fold=0 epoch=12 train_loss=0.0140 val_loss=0.3126
[OK] {'fold': 0, 'best_val_loss': 0.1793829938491041, 'events': 122, 'positive_events': 5, 'auroc': 0.8034188034188035, 'pr_auc': 0.3951482479784366, 'sensitivity': 0.4, 'specificity': 0.9743589743589743}
fold=1 epoch=1 train_loss=0.5137 val_loss=0.2024
fold=1 epoch=2 train_loss=0.1979 val_loss=0.0626
fold=1 epoch=3 train_loss=0.1206 val_loss=0.0688
fold=1 epoch=4 train_loss=0.0597 val_loss=0.0733
fold=1 epoch=5 train_loss=0.0970 val_loss=0.0794
fold=1 epoch=6 train_loss=0.0245 val_loss=0.0904
fold=1 epoch=7 train_loss=0.0352 val_loss=0.0940
fold=1 epoch=8 train_loss=0.0643 val_loss=0.0972
fold=1 epoch=9 train_loss=0.0188 val_loss=0.1173
fold=1 epoch=10 train_loss=0.0452 val_loss=0.1432
fold=1 epoch=11 train_loss=0.0225 val_loss=0.1279
fold=1 epoch=12 train_loss=0.0937 val_loss=0.1207
[OK] {'fold': 1, 'best_val_loss': 0.06258079977886914, 'events': 103, 'positive_events': 2, 'auroc': 0.9801980198019802, 'pr_auc': 0.45, 'sensitivity': 0.0, 'specificity': 0.9900990099009901}
fold=2 epoch=1 train_loss=0.4676 val_loss=0.1342
fold=2 epoch=2 train_loss=0.1758 val_loss=0.2683
fold=2 epoch=3 train_loss=0.1533 val_loss=0.1276
fold=2 epoch=4 train_loss=0.0414 val_loss=0.1234
fold=2 epoch=5 train_loss=0.0322 val_loss=0.0998
fold=2 epoch=6 train_loss=0.0166 val_loss=0.1059
fold=2 epoch=7 train_loss=0.0048 val_loss=0.1365
fold=2 epoch=8 train_loss=0.1317 val_loss=0.0781
fold=2 epoch=9 train_loss=0.0464 val_loss=0.0817
fold=2 epoch=10 train_loss=0.0271 val_loss=0.1050
fold=2 epoch=11 train_loss=0.0680 val_loss=0.1206
fold=2 epoch=12 train_loss=0.0128 val_loss=0.1249
fold=2 epoch=13 train_loss=0.0840 val_loss=0.1328
fold=2 epoch=14 train_loss=0.0172 val_loss=0.1217
fold=2 epoch=15 train_loss=0.0268 val_loss=0.1560
fold=2 epoch=16 train_loss=0.0264 val_loss=0.1464
fold=2 epoch=17 train_loss=0.0166 val_loss=0.1559
fold=2 epoch=18 train_loss=0.0311 val_loss=0.1495
[OK] {'fold': 2, 'best_val_loss': 0.07814611653454494, 'events': 122, 'positive_events': 3, 'auroc': 0.9747899159663866, 'pr_auc': 0.75, 'sensitivity': 0.6666666666666666, 'specificity': 0.9747899159663865}
fold=3 epoch=1 train_loss=0.4986 val_loss=0.3646
fold=3 epoch=2 train_loss=0.1032 val_loss=0.2291
fold=3 epoch=3 train_loss=0.0927 val_loss=0.2950
fold=3 epoch=4 train_loss=0.0450 val_loss=0.2270
fold=3 epoch=5 train_loss=0.0268 val_loss=0.3443
fold=3 epoch=6 train_loss=0.0147 val_loss=0.3655
fold=3 epoch=7 train_loss=0.0654 val_loss=0.2405
fold=3 epoch=8 train_loss=0.0658 val_loss=0.4346
fold=3 epoch=9 train_loss=0.0417 val_loss=0.2993
fold=3 epoch=10 train_loss=0.0020 val_loss=0.3550
fold=3 epoch=11 train_loss=0.0139 val_loss=0.3644
fold=3 epoch=12 train_loss=0.0007 val_loss=0.4046
fold=3 epoch=13 train_loss=0.0003 val_loss=0.4369
fold=3 epoch=14 train_loss=0.0002 val_loss=0.4663
[OK] {'fold': 3, 'best_val_loss': 0.2270229193386188, 'events': 105, 'positive_events': 4, 'auroc': 0.9405940594059407, 'pr_auc': 0.49523809523809526, 'sensitivity': 0.25, 'specificity': 0.9801980198019802}
fold=4 epoch=1 train_loss=0.5019 val_loss=0.2022
fold=4 epoch=2 train_loss=0.1376 val_loss=0.0554
fold=4 epoch=3 train_loss=0.0559 val_loss=0.0285
fold=4 epoch=4 train_loss=0.1200 val_loss=1.1408
fold=4 epoch=5 train_loss=0.1029 val_loss=0.1185
fold=4 epoch=6 train_loss=0.0753 val_loss=0.0417
fold=4 epoch=7 train_loss=0.0398 val_loss=0.0379
fold=4 epoch=8 train_loss=0.0648 val_loss=0.0636
fold=4 epoch=9 train_loss=0.0258 val_loss=0.0515
fold=4 epoch=10 train_loss=0.0424 val_loss=0.0655
fold=4 epoch=11 train_loss=0.0632 val_loss=0.0256
fold=4 epoch=12 train_loss=0.0800 val_loss=0.3818
fold=4 epoch=13 train_loss=0.0524 val_loss=0.0744
fold=4 epoch=14 train_loss=0.0265 val_loss=0.0305
fold=4 epoch=15 train_loss=0.0104 val_loss=0.0363
fold=4 epoch=16 train_loss=0.0702 val_loss=0.0790
fold=4 epoch=17 train_loss=0.0180 val_loss=0.0239
fold=4 epoch=18 train_loss=0.0349 val_loss=0.0407
fold=4 epoch=19 train_loss=0.0371 val_loss=0.0258
fold=4 epoch=20 train_loss=0.0225 val_loss=0.0521
fold=4 epoch=21 train_loss=0.0140 val_loss=0.0405
fold=4 epoch=22 train_loss=0.0240 val_loss=0.0544
fold=4 epoch=23 train_loss=0.0588 val_loss=0.0610
fold=4 epoch=24 train_loss=0.0230 val_loss=0.0539
fold=4 epoch=25 train_loss=0.0451 val_loss=0.1668
fold=4 epoch=26 train_loss=0.0080 val_loss=0.1142
fold=4 epoch=27 train_loss=0.0076 val_loss=0.1281
[OK] {'fold': 4, 'best_val_loss': 0.023884451133643406, 'events': 126, 'positive_events': 3, 'auroc': 0.997289972899729, 'pr_auc': 0.9166666666666665, 'sensitivity': 0.6666666666666666, 'specificity': 0.991869918699187}
[OOF] {'events': 578, 'positive_events': 17, 'auroc': 0.9199958058089546, 'pr_auc': 0.466719425504331, 'sensitivity': 0.4117647058823529, 'specificity': 0.982174688057041}
[RUN] task=acr_high seed=41
fold=0 epoch=1 train_loss=0.5323 val_loss=0.1461
fold=0 epoch=2 train_loss=0.1404 val_loss=0.0813
fold=0 epoch=3 train_loss=0.1346 val_loss=0.1859
fold=0 epoch=4 train_loss=0.0793 val_loss=0.1602
fold=0 epoch=5 train_loss=0.0824 val_loss=0.1350
fold=0 epoch=6 train_loss=0.0305 val_loss=0.1604
fold=0 epoch=7 train_loss=0.0614 val_loss=0.2179
fold=0 epoch=8 train_loss=0.0673 val_loss=0.0484
fold=0 epoch=9 train_loss=0.0175 val_loss=0.1322
fold=0 epoch=10 train_loss=0.0149 val_loss=0.0961
fold=0 epoch=11 train_loss=0.0778 val_loss=0.0005
fold=0 epoch=12 train_loss=0.0381 val_loss=0.0728
fold=0 epoch=13 train_loss=0.0193 val_loss=0.0021
fold=0 epoch=14 train_loss=0.0246 val_loss=0.0009
fold=0 epoch=15 train_loss=0.0177 val_loss=0.0337
fold=0 epoch=16 train_loss=0.0526 val_loss=0.0369
fold=0 epoch=17 train_loss=0.0043 val_loss=0.0244
fold=0 epoch=18 train_loss=0.0417 val_loss=0.0481
fold=0 epoch=19 train_loss=0.0242 val_loss=0.0004
fold=0 epoch=20 train_loss=0.0361 val_loss=0.0773
fold=0 epoch=21 train_loss=0.0398 val_loss=0.1253
fold=0 epoch=22 train_loss=0.0030 val_loss=0.0785
fold=0 epoch=23 train_loss=0.0875 val_loss=2.6584
fold=0 epoch=24 train_loss=0.0594 val_loss=0.0255
fold=0 epoch=25 train_loss=0.0030 val_loss=0.0059
fold=0 epoch=26 train_loss=0.0112 val_loss=0.0167
fold=0 epoch=27 train_loss=0.0040 val_loss=0.0358
fold=0 epoch=28 train_loss=0.0136 val_loss=0.2286
fold=0 epoch=29 train_loss=0.0255 val_loss=0.1403
[OK] {'fold': 0, 'best_val_loss': 0.00044688958048353413, 'events': 117, 'positive_events': 3, 'auroc': 1.0, 'pr_auc': 1.0, 'sensitivity': 1.0, 'specificity': 1.0}
fold=1 epoch=1 train_loss=0.5232 val_loss=0.2428
fold=1 epoch=2 train_loss=0.1872 val_loss=0.2403
fold=1 epoch=3 train_loss=0.0945 val_loss=0.0448
fold=1 epoch=4 train_loss=0.0652 val_loss=0.1495
fold=1 epoch=5 train_loss=0.0451 val_loss=0.0876
fold=1 epoch=6 train_loss=0.0625 val_loss=0.0932
fold=1 epoch=7 train_loss=0.0512 val_loss=0.0749
fold=1 epoch=8 train_loss=0.0705 val_loss=0.1736
fold=1 epoch=9 train_loss=0.0792 val_loss=0.0592
fold=1 epoch=10 train_loss=0.0742 val_loss=0.0454
fold=1 epoch=11 train_loss=0.0100 val_loss=0.0582
fold=1 epoch=12 train_loss=0.0427 val_loss=0.0878
fold=1 epoch=13 train_loss=0.0061 val_loss=0.0910
[OK] {'fold': 1, 'best_val_loss': 0.044770066626667604, 'events': 110, 'positive_events': 2, 'auroc': 0.9953703703703703, 'pr_auc': 0.8333333333333333, 'sensitivity': 1.0, 'specificity': 0.9814814814814815}
fold=2 epoch=1 train_loss=0.4667 val_loss=0.5868
fold=2 epoch=2 train_loss=0.1427 val_loss=0.1907
fold=2 epoch=3 train_loss=0.0714 val_loss=0.2254
fold=2 epoch=4 train_loss=0.0794 val_loss=0.2224
fold=2 epoch=5 train_loss=0.0472 val_loss=0.2126
fold=2 epoch=6 train_loss=0.0550 val_loss=0.1908
fold=2 epoch=7 train_loss=0.0433 val_loss=0.1923
fold=2 epoch=8 train_loss=0.0163 val_loss=0.2303
fold=2 epoch=9 train_loss=0.0591 val_loss=0.2224
fold=2 epoch=10 train_loss=0.0244 val_loss=0.2310
fold=2 epoch=11 train_loss=0.0232 val_loss=0.2572
fold=2 epoch=12 train_loss=0.0517 val_loss=0.1996
[OK] {'fold': 2, 'best_val_loss': 0.1906776034048386, 'events': 124, 'positive_events': 3, 'auroc': 0.7548209366391185, 'pr_auc': 0.23385012919896642, 'sensitivity': 0.3333333333333333, 'specificity': 0.9834710743801653}
fold=3 epoch=1 train_loss=0.4930 val_loss=0.2077
fold=3 epoch=2 train_loss=0.1311 val_loss=0.1648
fold=3 epoch=3 train_loss=0.1144 val_loss=0.1481
fold=3 epoch=4 train_loss=0.0718 val_loss=0.1793
fold=3 epoch=5 train_loss=0.0805 val_loss=0.1316
fold=3 epoch=6 train_loss=0.0121 val_loss=0.2502
fold=3 epoch=7 train_loss=0.0537 val_loss=0.2078
fold=3 epoch=8 train_loss=0.0364 val_loss=0.1662
fold=3 epoch=9 train_loss=0.0376 val_loss=0.1267
fold=3 epoch=10 train_loss=0.0256 val_loss=0.2247
fold=3 epoch=11 train_loss=0.0326 val_loss=0.2518
fold=3 epoch=12 train_loss=0.0172 val_loss=0.2288
fold=3 epoch=13 train_loss=0.0162 val_loss=0.2656
fold=3 epoch=14 train_loss=0.0012 val_loss=0.4264
fold=3 epoch=15 train_loss=0.0596 val_loss=0.2544
fold=3 epoch=16 train_loss=0.0178 val_loss=0.3006
fold=3 epoch=17 train_loss=0.0165 val_loss=0.2211
fold=3 epoch=18 train_loss=0.0015 val_loss=0.3857
fold=3 epoch=19 train_loss=0.0377 val_loss=0.2976
[OK] {'fold': 3, 'best_val_loss': 0.12665926280543718, 'events': 107, 'positive_events': 4, 'auroc': 0.9563106796116505, 'pr_auc': 0.5972222222222222, 'sensitivity': 0.25, 'specificity': 0.9902912621359223}
fold=4 epoch=1 train_loss=0.4011 val_loss=0.2481
fold=4 epoch=2 train_loss=0.0731 val_loss=0.2872
fold=4 epoch=3 train_loss=0.0892 val_loss=0.3047
fold=4 epoch=4 train_loss=0.0322 val_loss=0.3520
fold=4 epoch=5 train_loss=0.0021 val_loss=0.4211
fold=4 epoch=6 train_loss=0.0010 val_loss=0.4350
fold=4 epoch=7 train_loss=0.0612 val_loss=0.3340
fold=4 epoch=8 train_loss=0.0044 val_loss=0.4312
fold=4 epoch=9 train_loss=0.0445 val_loss=0.3810
fold=4 epoch=10 train_loss=0.0031 val_loss=0.5104
fold=4 epoch=11 train_loss=0.0529 val_loss=0.3099
[OK] {'fold': 4, 'best_val_loss': 0.24807667820132337, 'events': 120, 'positive_events': 5, 'auroc': 0.6991304347826086, 'pr_auc': 0.18584291187739466, 'sensitivity': 0.2, 'specificity': 0.991304347826087}
[OOF] {'events': 578, 'positive_events': 17, 'auroc': 0.8959840620740274, 'pr_auc': 0.39815529776082326, 'sensitivity': 0.47058823529411764, 'specificity': 0.9893048128342246}
