nohup: ignoring input
[RUN] task=amr_positive seed=1
fold=0 epoch=1 train_loss=0.4466 val_loss=0.2069
fold=0 epoch=2 train_loss=0.2303 val_loss=0.2835
fold=0 epoch=3 train_loss=0.1974 val_loss=0.3189
fold=0 epoch=4 train_loss=0.1545 val_loss=0.3007
fold=0 epoch=5 train_loss=0.1298 val_loss=0.2616
fold=0 epoch=6 train_loss=0.1541 val_loss=0.2879
fold=0 epoch=7 train_loss=0.1056 val_loss=0.3378
fold=0 epoch=8 train_loss=0.0735 val_loss=0.3202
fold=0 epoch=9 train_loss=0.0535 val_loss=0.4114
fold=0 epoch=10 train_loss=0.0930 val_loss=0.2900
fold=0 epoch=11 train_loss=0.0683 val_loss=0.2197
[OK] {'fold': 0, 'best_val_loss': 0.20693672928682044, 'events': 121, 'positive_events': 3, 'auroc': 0.8615819209039548, 'pr_auc': 0.13289545703338806, 'sensitivity': 0.3333333333333333, 'specificity': 0.8728813559322034}
fold=1 epoch=1 train_loss=0.4438 val_loss=0.1123
fold=1 epoch=2 train_loss=0.3266 val_loss=0.4877
fold=1 epoch=3 train_loss=0.2442 val_loss=0.2179
fold=1 epoch=4 train_loss=0.1619 val_loss=0.2435
fold=1 epoch=5 train_loss=0.1334 val_loss=0.3883
fold=1 epoch=6 train_loss=0.0668 val_loss=0.3490
fold=1 epoch=7 train_loss=0.0375 val_loss=0.5572
fold=1 epoch=8 train_loss=0.0547 val_loss=0.3353
fold=1 epoch=9 train_loss=0.0583 val_loss=0.2515
fold=1 epoch=10 train_loss=0.0230 val_loss=0.3546
fold=1 epoch=11 train_loss=0.0740 val_loss=0.2302
[OK] {'fold': 1, 'best_val_loss': 0.11231545264862552, 'events': 113, 'positive_events': 3, 'auroc': 0.9787878787878789, 'pr_auc': 0.625, 'sensitivity': 1.0, 'specificity': 0.9363636363636364}
fold=2 epoch=1 train_loss=0.3520 val_loss=0.5220
fold=2 epoch=2 train_loss=0.2685 val_loss=0.3105
fold=2 epoch=3 train_loss=0.1274 val_loss=0.3991
fold=2 epoch=4 train_loss=0.1052 val_loss=0.4753
fold=2 epoch=5 train_loss=0.0627 val_loss=0.4863
fold=2 epoch=6 train_loss=0.0972 val_loss=0.4961
fold=2 epoch=7 train_loss=0.0390 val_loss=0.5742
fold=2 epoch=8 train_loss=0.0467 val_loss=0.6673
fold=2 epoch=9 train_loss=0.0360 val_loss=0.6553
fold=2 epoch=10 train_loss=0.0229 val_loss=0.7051
fold=2 epoch=11 train_loss=0.0029 val_loss=0.8315
fold=2 epoch=12 train_loss=0.0121 val_loss=0.8422
[OK] {'fold': 2, 'best_val_loss': 0.31049003271779063, 'events': 109, 'positive_events': 5, 'auroc': 0.7980769230769231, 'pr_auc': 0.32808789495868496, 'sensitivity': 0.6, 'specificity': 0.8557692307692307}
fold=3 epoch=1 train_loss=0.4131 val_loss=0.5814
fold=3 epoch=2 train_loss=0.3052 val_loss=0.7608
fold=3 epoch=3 train_loss=0.2385 val_loss=0.1257
fold=3 epoch=4 train_loss=0.1944 val_loss=0.1946
fold=3 epoch=5 train_loss=0.1206 val_loss=0.1372
fold=3 epoch=6 train_loss=0.0687 val_loss=0.2021
fold=3 epoch=7 train_loss=0.0440 val_loss=0.2397
fold=3 epoch=8 train_loss=0.0621 val_loss=0.1845
fold=3 epoch=9 train_loss=0.0970 val_loss=0.1987
fold=3 epoch=10 train_loss=0.0404 val_loss=0.2354
fold=3 epoch=11 train_loss=0.0237 val_loss=0.2489
fold=3 epoch=12 train_loss=0.0016 val_loss=0.2576
fold=3 epoch=13 train_loss=0.0665 val_loss=0.1957
[OK] {'fold': 3, 'best_val_loss': 0.12570176162677124, 'events': 121, 'positive_events': 4, 'auroc': 0.905982905982906, 'pr_auc': 0.4000289771080846, 'sensitivity': 0.25, 'specificity': 0.9743589743589743}
fold=4 epoch=1 train_loss=0.4686 val_loss=0.4556
fold=4 epoch=2 train_loss=0.3548 val_loss=0.3371
fold=4 epoch=3 train_loss=0.2398 val_loss=0.1290
fold=4 epoch=4 train_loss=0.1967 val_loss=0.1491
fold=4 epoch=5 train_loss=0.1056 val_loss=0.0460
fold=4 epoch=6 train_loss=0.0972 val_loss=0.1130
fold=4 epoch=7 train_loss=0.0604 val_loss=0.0532
fold=4 epoch=8 train_loss=0.0308 val_loss=0.1542
fold=4 epoch=9 train_loss=0.0602 val_loss=0.0669
fold=4 epoch=10 train_loss=0.0393 val_loss=0.0824
fold=4 epoch=11 train_loss=0.0591 val_loss=0.0847
fold=4 epoch=12 train_loss=0.0416 val_loss=0.1085
fold=4 epoch=13 train_loss=0.0416 val_loss=0.0711
fold=4 epoch=14 train_loss=0.0342 val_loss=0.0813
fold=4 epoch=15 train_loss=0.0249 val_loss=0.1355
[OK] {'fold': 4, 'best_val_loss': 0.04596306495445409, 'events': 114, 'positive_events': 4, 'auroc': 0.9886363636363636, 'pr_auc': 0.7470238095238095, 'sensitivity': 0.75, 'specificity': 0.990909090909091}
[OOF] {'events': 578, 'positive_events': 19, 'auroc': 0.9064118256284719, 'pr_auc': 0.2790427303741764, 'sensitivity': 0.5789473684210527, 'specificity': 0.9266547406082289}
[RUN] task=amr_positive seed=11
fold=0 epoch=1 train_loss=0.4580 val_loss=0.6188
fold=0 epoch=2 train_loss=0.3022 val_loss=0.3879
fold=0 epoch=3 train_loss=0.2290 val_loss=0.1815
fold=0 epoch=4 train_loss=0.1677 val_loss=0.1164
fold=0 epoch=5 train_loss=0.0973 val_loss=0.0989
fold=0 epoch=6 train_loss=0.0947 val_loss=0.1191
fold=0 epoch=7 train_loss=0.0603 val_loss=0.1250
fold=0 epoch=8 train_loss=0.0581 val_loss=0.1399
fold=0 epoch=9 train_loss=0.0683 val_loss=0.1092
fold=0 epoch=10 train_loss=0.0170 val_loss=0.1481
fold=0 epoch=11 train_loss=0.0526 val_loss=0.1668
fold=0 epoch=12 train_loss=0.0272 val_loss=0.1726
fold=0 epoch=13 train_loss=0.0714 val_loss=0.1634
fold=0 epoch=14 train_loss=0.0103 val_loss=0.1902
fold=0 epoch=15 train_loss=0.0351 val_loss=0.1730
[OK] {'fold': 0, 'best_val_loss': 0.09893024366997606, 'events': 118, 'positive_events': 4, 'auroc': 0.9364035087719298, 'pr_auc': 0.682258064516129, 'sensitivity': 0.5, 'specificity': 0.9824561403508771}
fold=1 epoch=1 train_loss=0.4321 val_loss=0.3671
fold=1 epoch=2 train_loss=0.2682 val_loss=0.2596
fold=1 epoch=3 train_loss=0.1866 val_loss=0.2823
fold=1 epoch=4 train_loss=0.1845 val_loss=0.3577
fold=1 epoch=5 train_loss=0.1680 val_loss=0.2993
fold=1 epoch=6 train_loss=0.0801 val_loss=0.3539
fold=1 epoch=7 train_loss=0.0672 val_loss=0.3483
fold=1 epoch=8 train_loss=0.0586 val_loss=0.3092
fold=1 epoch=9 train_loss=0.0916 val_loss=0.2628
fold=1 epoch=10 train_loss=0.0478 val_loss=0.4600
fold=1 epoch=11 train_loss=0.0031 val_loss=0.5574
fold=1 epoch=12 train_loss=0.0979 val_loss=0.4684
[OK] {'fold': 1, 'best_val_loss': 0.2595546650360249, 'events': 127, 'positive_events': 4, 'auroc': 0.8292682926829269, 'pr_auc': 0.20301685891748003, 'sensitivity': 0.5, 'specificity': 0.8536585365853658}
fold=2 epoch=1 train_loss=0.4294 val_loss=0.6465
fold=2 epoch=2 train_loss=0.3182 val_loss=0.1681
fold=2 epoch=3 train_loss=0.2431 val_loss=0.2275
fold=2 epoch=4 train_loss=0.2004 val_loss=0.2577
fold=2 epoch=5 train_loss=0.0998 val_loss=0.4103
fold=2 epoch=6 train_loss=0.0806 val_loss=0.4964
fold=2 epoch=7 train_loss=0.0945 val_loss=0.3817
fold=2 epoch=8 train_loss=0.0659 val_loss=0.4285
fold=2 epoch=9 train_loss=0.0772 val_loss=0.4239
fold=2 epoch=10 train_loss=0.0446 val_loss=0.4127
fold=2 epoch=11 train_loss=0.0449 val_loss=0.3755
fold=2 epoch=12 train_loss=0.0408 val_loss=0.3960
[OK] {'fold': 2, 'best_val_loss': 0.16809662756554428, 'events': 105, 'positive_events': 4, 'auroc': 0.9381188118811882, 'pr_auc': 0.44497863247863245, 'sensitivity': 0.5, 'specificity': 0.9207920792079208}
fold=3 epoch=1 train_loss=0.4503 val_loss=0.2265
fold=3 epoch=2 train_loss=0.2299 val_loss=0.2510
fold=3 epoch=3 train_loss=0.1479 val_loss=0.3084
fold=3 epoch=4 train_loss=0.1724 val_loss=0.2167
fold=3 epoch=5 train_loss=0.0838 val_loss=0.3193
fold=3 epoch=6 train_loss=0.1250 val_loss=0.3405
fold=3 epoch=7 train_loss=0.0995 val_loss=0.3360
fold=3 epoch=8 train_loss=0.0764 val_loss=0.3716
fold=3 epoch=9 train_loss=0.0392 val_loss=0.3753
fold=3 epoch=10 train_loss=0.0295 val_loss=0.4451
fold=3 epoch=11 train_loss=0.0776 val_loss=0.2836
fold=3 epoch=12 train_loss=0.0454 val_loss=0.3093
fold=3 epoch=13 train_loss=0.0398 val_loss=0.3053
fold=3 epoch=14 train_loss=0.0812 val_loss=0.3243
[OK] {'fold': 3, 'best_val_loss': 0.21671027208258717, 'events': 95, 'positive_events': 3, 'auroc': 0.6376811594202898, 'pr_auc': 0.36835222319093286, 'sensitivity': 0.3333333333333333, 'specificity': 0.9565217391304348}
fold=4 epoch=1 train_loss=0.4384 val_loss=0.5817
fold=4 epoch=2 train_loss=0.3334 val_loss=0.2206
fold=4 epoch=3 train_loss=0.1923 val_loss=0.1332
fold=4 epoch=4 train_loss=0.1046 val_loss=0.2234
fold=4 epoch=5 train_loss=0.1058 val_loss=0.1868
fold=4 epoch=6 train_loss=0.0797 val_loss=0.1664
fold=4 epoch=7 train_loss=0.0763 val_loss=0.3034
fold=4 epoch=8 train_loss=0.0311 val_loss=0.2167
fold=4 epoch=9 train_loss=0.0250 val_loss=0.1892
fold=4 epoch=10 train_loss=0.0314 val_loss=0.1854
fold=4 epoch=11 train_loss=0.0303 val_loss=0.1838
fold=4 epoch=12 train_loss=0.0093 val_loss=0.2895
fold=4 epoch=13 train_loss=0.0557 val_loss=0.3788
[OK] {'fold': 4, 'best_val_loss': 0.1331923884376065, 'events': 133, 'positive_events': 4, 'auroc': 0.9399224806201552, 'pr_auc': 0.49537037037037035, 'sensitivity': 0.75, 'specificity': 0.9457364341085271}
[OOF] {'events': 578, 'positive_events': 19, 'auroc': 0.872705018359853, 'pr_auc': 0.3529206762950901, 'sensitivity': 0.5263157894736842, 'specificity': 0.9302325581395349}
[RUN] task=amr_positive seed=21
fold=0 epoch=1 train_loss=0.4387 val_loss=0.3767
fold=0 epoch=2 train_loss=0.2652 val_loss=0.3009
fold=0 epoch=3 train_loss=0.1154 val_loss=0.4562
fold=0 epoch=4 train_loss=0.1235 val_loss=0.2847
fold=0 epoch=5 train_loss=0.0606 val_loss=0.3096
fold=0 epoch=6 train_loss=0.0679 val_loss=0.5607
fold=0 epoch=7 train_loss=0.0443 val_loss=0.6894
fold=0 epoch=8 train_loss=0.0645 val_loss=0.5518
fold=0 epoch=9 train_loss=0.0182 val_loss=0.5292
fold=0 epoch=10 train_loss=0.0364 val_loss=0.5820
fold=0 epoch=11 train_loss=0.0118 val_loss=0.6463
fold=0 epoch=12 train_loss=0.0315 val_loss=0.8091
fold=0 epoch=13 train_loss=0.0017 val_loss=0.9957
fold=0 epoch=14 train_loss=0.0103 val_loss=1.1152
[OK] {'fold': 0, 'best_val_loss': 0.28472282700217316, 'events': 106, 'positive_events': 6, 'auroc': 0.7983333333333335, 'pr_auc': 0.30033883302134573, 'sensitivity': 0.5, 'specificity': 0.94}
fold=1 epoch=1 train_loss=0.4672 val_loss=0.1582
fold=1 epoch=2 train_loss=0.3290 val_loss=0.3716
fold=1 epoch=3 train_loss=0.2492 val_loss=0.3760
fold=1 epoch=4 train_loss=0.1662 val_loss=0.3802
fold=1 epoch=5 train_loss=0.0951 val_loss=0.2394
fold=1 epoch=6 train_loss=0.1181 val_loss=0.1523
fold=1 epoch=7 train_loss=0.0206 val_loss=0.1686
fold=1 epoch=8 train_loss=0.0861 val_loss=0.1428
fold=1 epoch=9 train_loss=0.0435 val_loss=0.1463
fold=1 epoch=10 train_loss=0.0573 val_loss=0.1594
fold=1 epoch=11 train_loss=0.0200 val_loss=0.1832
fold=1 epoch=12 train_loss=0.0459 val_loss=0.1787
fold=1 epoch=13 train_loss=0.0015 val_loss=0.2439
fold=1 epoch=14 train_loss=0.0098 val_loss=0.2771
fold=1 epoch=15 train_loss=0.0869 val_loss=0.1926
fold=1 epoch=16 train_loss=0.0376 val_loss=0.2069
fold=1 epoch=17 train_loss=0.0377 val_loss=0.1786
fold=1 epoch=18 train_loss=0.0231 val_loss=0.1694
[OK] {'fold': 1, 'best_val_loss': 0.14283245351609472, 'events': 104, 'positive_events': 2, 'auroc': 0.9215686274509804, 'pr_auc': 0.22916666666666666, 'sensitivity': 0.5, 'specificity': 0.9705882352941176}
fold=2 epoch=1 train_loss=0.4576 val_loss=0.4237
fold=2 epoch=2 train_loss=0.2768 val_loss=0.6273
fold=2 epoch=3 train_loss=0.2678 val_loss=0.2376
fold=2 epoch=4 train_loss=0.1272 val_loss=0.0893
fold=2 epoch=5 train_loss=0.1424 val_loss=0.5503
fold=2 epoch=6 train_loss=0.0814 val_loss=0.1251
fold=2 epoch=7 train_loss=0.0557 val_loss=0.2017
fold=2 epoch=8 train_loss=0.0542 val_loss=0.2034
fold=2 epoch=9 train_loss=0.0640 val_loss=0.1385
fold=2 epoch=10 train_loss=0.0410 val_loss=0.2463
fold=2 epoch=11 train_loss=0.0556 val_loss=0.3612
fold=2 epoch=12 train_loss=0.0653 val_loss=0.1898
fold=2 epoch=13 train_loss=0.0041 val_loss=0.2821
fold=2 epoch=14 train_loss=0.0888 val_loss=0.1595
[OK] {'fold': 2, 'best_val_loss': 0.08925753526066743, 'events': 126, 'positive_events': 3, 'auroc': 0.9376693766937669, 'pr_auc': 0.4305555555555556, 'sensitivity': 0.3333333333333333, 'specificity': 0.991869918699187}
fold=3 epoch=1 train_loss=0.3820 val_loss=0.4843
fold=3 epoch=2 train_loss=0.2733 val_loss=0.3907
fold=3 epoch=3 train_loss=0.1760 val_loss=0.6430
fold=3 epoch=4 train_loss=0.1356 val_loss=0.3303
fold=3 epoch=5 train_loss=0.1202 val_loss=0.4922
fold=3 epoch=6 train_loss=0.1369 val_loss=0.5940
fold=3 epoch=7 train_loss=0.1045 val_loss=0.3523
fold=3 epoch=8 train_loss=0.0424 val_loss=0.5684
fold=3 epoch=9 train_loss=0.0676 val_loss=0.5272
fold=3 epoch=10 train_loss=0.0322 val_loss=0.4885
fold=3 epoch=11 train_loss=0.0044 val_loss=0.6636
fold=3 epoch=12 train_loss=0.0901 val_loss=0.3291
fold=3 epoch=13 train_loss=0.0042 val_loss=0.4341
fold=3 epoch=14 train_loss=0.0009 val_loss=0.4767
fold=3 epoch=15 train_loss=0.0006 val_loss=0.4905
fold=3 epoch=16 train_loss=0.0600 val_loss=0.6476
fold=3 epoch=17 train_loss=0.0301 val_loss=0.7032
fold=3 epoch=18 train_loss=0.0603 val_loss=0.7181
fold=3 epoch=19 train_loss=0.0288 val_loss=0.4536
fold=3 epoch=20 train_loss=0.0018 val_loss=0.4955
fold=3 epoch=21 train_loss=0.0244 val_loss=0.5422
fold=3 epoch=22 train_loss=0.0360 val_loss=0.5534
[OK] {'fold': 3, 'best_val_loss': 0.3290869268698924, 'events': 122, 'positive_events': 4, 'auroc': 0.5466101694915254, 'pr_auc': 0.3494520897043833, 'sensitivity': 0.25, 'specificity': 0.9915254237288136}
fold=4 epoch=1 train_loss=0.3917 val_loss=0.3409
fold=4 epoch=2 train_loss=0.2747 val_loss=0.3513
fold=4 epoch=3 train_loss=0.2377 val_loss=0.3239
fold=4 epoch=4 train_loss=0.1722 val_loss=0.1003
fold=4 epoch=5 train_loss=0.1212 val_loss=0.0996
fold=4 epoch=6 train_loss=0.1266 val_loss=0.1694
fold=4 epoch=7 train_loss=0.0862 val_loss=0.2761
fold=4 epoch=8 train_loss=0.0576 val_loss=0.2083
fold=4 epoch=9 train_loss=0.0578 val_loss=0.1365
fold=4 epoch=10 train_loss=0.0790 val_loss=0.2151
fold=4 epoch=11 train_loss=0.0332 val_loss=0.1769
fold=4 epoch=12 train_loss=0.0516 val_loss=0.1910
fold=4 epoch=13 train_loss=0.0451 val_loss=0.1489
fold=4 epoch=14 train_loss=0.0347 val_loss=0.1645
fold=4 epoch=15 train_loss=0.0393 val_loss=0.1621
[OK] {'fold': 4, 'best_val_loss': 0.09958885202963946, 'events': 120, 'positive_events': 4, 'auroc': 0.7995689655172413, 'pr_auc': 0.7603092783505154, 'sensitivity': 0.75, 'specificity': 1.0}
[OOF] {'events': 578, 'positive_events': 19, 'auroc': 0.7798700687317579, 'pr_auc': 0.3633082391837166, 'sensitivity': 0.47368421052631576, 'specificity': 0.9803220035778175}
[RUN] task=amr_positive seed=31
fold=0 epoch=1 train_loss=0.4287 val_loss=0.4094
fold=0 epoch=2 train_loss=0.2917 val_loss=0.2124
fold=0 epoch=3 train_loss=0.3094 val_loss=0.4878
fold=0 epoch=4 train_loss=0.1805 val_loss=0.3561
fold=0 epoch=5 train_loss=0.1077 val_loss=0.1218
fold=0 epoch=6 train_loss=0.0693 val_loss=0.1637
fold=0 epoch=7 train_loss=0.0499 val_loss=0.4439
fold=0 epoch=8 train_loss=0.1038 val_loss=0.1375
fold=0 epoch=9 train_loss=0.0546 val_loss=0.1407
fold=0 epoch=10 train_loss=0.0561 val_loss=0.1525
fold=0 epoch=11 train_loss=0.0649 val_loss=0.1579
fold=0 epoch=12 train_loss=0.0178 val_loss=0.1789
fold=0 epoch=13 train_loss=0.0303 val_loss=0.1701
fold=0 epoch=14 train_loss=0.0290 val_loss=0.1566
fold=0 epoch=15 train_loss=0.1088 val_loss=0.1300
[OK] {'fold': 0, 'best_val_loss': 0.12180103903136845, 'events': 117, 'positive_events': 4, 'auroc': 0.9513274336283185, 'pr_auc': 0.5871212121212122, 'sensitivity': 0.5, 'specificity': 0.9734513274336283}
fold=1 epoch=1 train_loss=0.3975 val_loss=0.4674
fold=1 epoch=2 train_loss=0.3118 val_loss=0.3764
fold=1 epoch=3 train_loss=0.2562 val_loss=0.3653
fold=1 epoch=4 train_loss=0.2407 val_loss=0.2034
fold=1 epoch=5 train_loss=0.2056 val_loss=0.0936
fold=1 epoch=6 train_loss=0.1391 val_loss=0.1198
fold=1 epoch=7 train_loss=0.0629 val_loss=0.1617
fold=1 epoch=8 train_loss=0.0329 val_loss=0.2019
fold=1 epoch=9 train_loss=0.0590 val_loss=0.2616
fold=1 epoch=10 train_loss=0.0278 val_loss=0.2922
fold=1 epoch=11 train_loss=0.1036 val_loss=0.1994
fold=1 epoch=12 train_loss=0.0375 val_loss=0.2351
fold=1 epoch=13 train_loss=0.0055 val_loss=0.2932
fold=1 epoch=14 train_loss=0.0251 val_loss=0.3190
fold=1 epoch=15 train_loss=0.0353 val_loss=0.2809
[OK] {'fold': 1, 'best_val_loss': 0.09361505926470148, 'events': 117, 'positive_events': 3, 'auroc': 0.9122807017543859, 'pr_auc': 0.42114695340501795, 'sensitivity': 0.6666666666666666, 'specificity': 0.9824561403508771}
fold=2 epoch=1 train_loss=0.4537 val_loss=0.1586
fold=2 epoch=2 train_loss=0.3130 val_loss=0.3042
fold=2 epoch=3 train_loss=0.2564 val_loss=0.1565
fold=2 epoch=4 train_loss=0.1940 val_loss=0.1896
fold=2 epoch=5 train_loss=0.1083 val_loss=0.3185
fold=2 epoch=6 train_loss=0.0979 val_loss=0.2821
fold=2 epoch=7 train_loss=0.0632 val_loss=0.3185
fold=2 epoch=8 train_loss=0.0641 val_loss=0.2983
fold=2 epoch=9 train_loss=0.0264 val_loss=0.4181
fold=2 epoch=10 train_loss=0.0313 val_loss=0.4359
fold=2 epoch=11 train_loss=0.0094 val_loss=0.3805
fold=2 epoch=12 train_loss=0.0950 val_loss=0.4534
fold=2 epoch=13 train_loss=0.0164 val_loss=0.5526
[OK] {'fold': 2, 'best_val_loss': 0.15647342218400445, 'events': 125, 'positive_events': 5, 'auroc': 0.7716666666666667, 'pr_auc': 0.40181139998213167, 'sensitivity': 0.2, 'specificity': 0.9916666666666667}
fold=3 epoch=1 train_loss=0.4468 val_loss=0.4750
fold=3 epoch=2 train_loss=0.2614 val_loss=0.3024
fold=3 epoch=3 train_loss=0.2195 val_loss=0.2965
fold=3 epoch=4 train_loss=0.1108 val_loss=0.4961
fold=3 epoch=5 train_loss=0.0746 val_loss=0.2543
fold=3 epoch=6 train_loss=0.0766 val_loss=0.7963
fold=3 epoch=7 train_loss=0.0339 val_loss=0.3905
fold=3 epoch=8 train_loss=0.0235 val_loss=0.3927
fold=3 epoch=9 train_loss=0.0264 val_loss=0.6288
fold=3 epoch=10 train_loss=0.0513 val_loss=0.2833
fold=3 epoch=11 train_loss=0.0109 val_loss=0.4234
fold=3 epoch=12 train_loss=0.0010 val_loss=0.4461
fold=3 epoch=13 train_loss=0.0676 val_loss=0.3726
fold=3 epoch=14 train_loss=0.0047 val_loss=0.4801
fold=3 epoch=15 train_loss=0.0016 val_loss=0.5506
[OK] {'fold': 3, 'best_val_loss': 0.25425424485173315, 'events': 106, 'positive_events': 4, 'auroc': 0.8529411764705883, 'pr_auc': 0.2678571428571428, 'sensitivity': 0.5, 'specificity': 0.9509803921568627}
fold=4 epoch=1 train_loss=0.3862 val_loss=0.6432
fold=4 epoch=2 train_loss=0.2621 val_loss=0.9488
fold=4 epoch=3 train_loss=0.1664 val_loss=0.8089
fold=4 epoch=4 train_loss=0.1664 val_loss=0.2981
fold=4 epoch=5 train_loss=0.0852 val_loss=0.4996
fold=4 epoch=6 train_loss=0.0687 val_loss=0.5542
fold=4 epoch=7 train_loss=0.0845 val_loss=0.4182
fold=4 epoch=8 train_loss=0.0243 val_loss=0.3935
fold=4 epoch=9 train_loss=0.0723 val_loss=0.4428
fold=4 epoch=10 train_loss=0.0536 val_loss=0.6166
fold=4 epoch=11 train_loss=0.0504 val_loss=0.5371
fold=4 epoch=12 train_loss=0.0780 val_loss=0.4657
fold=4 epoch=13 train_loss=0.0918 val_loss=0.3550
fold=4 epoch=14 train_loss=0.0431 val_loss=0.5440
[OK] {'fold': 4, 'best_val_loss': 0.29808408748932674, 'events': 113, 'positive_events': 3, 'auroc': 0.6272727272727273, 'pr_auc': 0.13733591927368805, 'sensitivity': 0.3333333333333333, 'specificity': 0.9363636363636364}
[OOF] {'events': 578, 'positive_events': 19, 'auroc': 0.798418228038791, 'pr_auc': 0.25606130312534453, 'sensitivity': 0.42105263157894735, 'specificity': 0.9677996422182469}
[RUN] task=amr_positive seed=41
fold=0 epoch=1 train_loss=0.4064 val_loss=0.6608
fold=0 epoch=2 train_loss=0.3060 val_loss=0.3873
fold=0 epoch=3 train_loss=0.2192 val_loss=0.4280
fold=0 epoch=4 train_loss=0.1557 val_loss=0.3769
fold=0 epoch=5 train_loss=0.1438 val_loss=0.4376
fold=0 epoch=6 train_loss=0.1013 val_loss=0.1629
fold=0 epoch=7 train_loss=0.0565 val_loss=0.1678
fold=0 epoch=8 train_loss=0.0790 val_loss=0.1345
fold=0 epoch=9 train_loss=0.0242 val_loss=0.1903
fold=0 epoch=10 train_loss=0.0924 val_loss=0.1327
fold=0 epoch=11 train_loss=0.0371 val_loss=0.1676
fold=0 epoch=12 train_loss=0.0037 val_loss=0.2357
fold=0 epoch=13 train_loss=0.0011 val_loss=0.2566
fold=0 epoch=14 train_loss=0.0275 val_loss=0.3557
fold=0 epoch=15 train_loss=0.0023 val_loss=0.4533
fold=0 epoch=16 train_loss=0.0719 val_loss=0.2384
fold=0 epoch=17 train_loss=0.0033 val_loss=0.2608
fold=0 epoch=18 train_loss=0.0005 val_loss=0.2606
fold=0 epoch=19 train_loss=0.0013 val_loss=0.3341
fold=0 epoch=20 train_loss=0.0002 val_loss=0.2872
[OK] {'fold': 0, 'best_val_loss': 0.13272698779500136, 'events': 120, 'positive_events': 5, 'auroc': 0.9460869565217391, 'pr_auc': 0.6297643097643099, 'sensitivity': 0.6, 'specificity': 0.9739130434782609}
fold=1 epoch=1 train_loss=0.4716 val_loss=0.3617
fold=1 epoch=2 train_loss=0.3031 val_loss=0.3627
fold=1 epoch=3 train_loss=0.1756 val_loss=0.2207
fold=1 epoch=4 train_loss=0.1561 val_loss=0.1456
fold=1 epoch=5 train_loss=0.0739 val_loss=0.2722
fold=1 epoch=6 train_loss=0.0719 val_loss=0.3104
fold=1 epoch=7 train_loss=0.0609 val_loss=0.3197
fold=1 epoch=8 train_loss=0.0562 val_loss=0.2638
fold=1 epoch=9 train_loss=0.0400 val_loss=0.2849
fold=1 epoch=10 train_loss=0.0499 val_loss=0.4512
fold=1 epoch=11 train_loss=0.0397 val_loss=0.3185
fold=1 epoch=12 train_loss=0.0526 val_loss=0.2717
fold=1 epoch=13 train_loss=0.0407 val_loss=0.2658
fold=1 epoch=14 train_loss=0.0642 val_loss=0.2843
[OK] {'fold': 1, 'best_val_loss': 0.14559580295370209, 'events': 94, 'positive_events': 2, 'auroc': 0.6467391304347826, 'pr_auc': 0.26515151515151514, 'sensitivity': 0.5, 'specificity': 0.9782608695652174}
fold=2 epoch=1 train_loss=0.4533 val_loss=0.3471
fold=2 epoch=2 train_loss=0.2480 val_loss=0.2352
fold=2 epoch=3 train_loss=0.1981 val_loss=0.3551
fold=2 epoch=4 train_loss=0.1626 val_loss=0.1962
fold=2 epoch=5 train_loss=0.1653 val_loss=0.2570
fold=2 epoch=6 train_loss=0.0996 val_loss=0.2638
fold=2 epoch=7 train_loss=0.0493 val_loss=0.3582
fold=2 epoch=8 train_loss=0.0838 val_loss=0.2660
fold=2 epoch=9 train_loss=0.0573 val_loss=0.3033
fold=2 epoch=10 train_loss=0.0598 val_loss=0.3014
fold=2 epoch=11 train_loss=0.0123 val_loss=0.3849
fold=2 epoch=12 train_loss=0.0689 val_loss=0.2098
fold=2 epoch=13 train_loss=0.0138 val_loss=0.3142
fold=2 epoch=14 train_loss=0.0509 val_loss=0.3199
[OK] {'fold': 2, 'best_val_loss': 0.19619796325867064, 'events': 138, 'positive_events': 3, 'auroc': 0.6246913580246913, 'pr_auc': 0.07262731481481481, 'sensitivity': 0.0, 'specificity': 0.9555555555555556}
fold=3 epoch=1 train_loss=0.4875 val_loss=0.5023
fold=3 epoch=2 train_loss=0.3100 val_loss=0.3665
fold=3 epoch=3 train_loss=0.2646 val_loss=0.2609
fold=3 epoch=4 train_loss=0.1904 val_loss=0.5040
fold=3 epoch=5 train_loss=0.1346 val_loss=0.3546
fold=3 epoch=6 train_loss=0.0899 val_loss=0.2741
fold=3 epoch=7 train_loss=0.0327 val_loss=0.3200
fold=3 epoch=8 train_loss=0.0048 val_loss=0.4309
fold=3 epoch=9 train_loss=0.0298 val_loss=0.3516
fold=3 epoch=10 train_loss=0.0628 val_loss=0.2977
fold=3 epoch=11 train_loss=0.0424 val_loss=0.3124
fold=3 epoch=12 train_loss=0.0142 val_loss=0.3868
fold=3 epoch=13 train_loss=0.0041 val_loss=0.5135
[OK] {'fold': 3, 'best_val_loss': 0.26092569292854806, 'events': 107, 'positive_events': 4, 'auroc': 0.9126213592233009, 'pr_auc': 0.28102564102564104, 'sensitivity': 0.75, 'specificity': 0.9029126213592233}
fold=4 epoch=1 train_loss=0.4318 val_loss=0.1882
fold=4 epoch=2 train_loss=0.2825 val_loss=0.2291
fold=4 epoch=3 train_loss=0.2459 val_loss=0.1832
fold=4 epoch=4 train_loss=0.1366 val_loss=0.1999
fold=4 epoch=5 train_loss=0.1089 val_loss=0.2829
fold=4 epoch=6 train_loss=0.0620 val_loss=0.3627
fold=4 epoch=7 train_loss=0.1185 val_loss=0.1981
fold=4 epoch=8 train_loss=0.0351 val_loss=0.2162
fold=4 epoch=9 train_loss=0.0666 val_loss=0.3866
fold=4 epoch=10 train_loss=0.0544 val_loss=0.5235
fold=4 epoch=11 train_loss=0.0139 val_loss=0.3938
fold=4 epoch=12 train_loss=0.0038 val_loss=0.4758
fold=4 epoch=13 train_loss=0.0012 val_loss=0.4940
[OK] {'fold': 4, 'best_val_loss': 0.1831557503887818, 'events': 119, 'positive_events': 5, 'auroc': 0.7578947368421053, 'pr_auc': 0.2685470085470085, 'sensitivity': 0.2, 'specificity': 0.9824561403508771}
[OOF] {'events': 578, 'positive_events': 19, 'auroc': 0.8069861594953394, 'pr_auc': 0.3023845453511462, 'sensitivity': 0.42105263157894735, 'specificity': 0.9588550983899821}
[RUN] task=significant_rejection seed=1
fold=0 epoch=1 train_loss=0.5602 val_loss=0.3266
fold=0 epoch=2 train_loss=0.3351 val_loss=0.7501
fold=0 epoch=3 train_loss=0.3124 val_loss=0.3003
fold=0 epoch=4 train_loss=0.2193 val_loss=0.5184
fold=0 epoch=5 train_loss=0.1802 val_loss=0.4560
fold=0 epoch=6 train_loss=0.1936 val_loss=0.3743
fold=0 epoch=7 train_loss=0.1203 val_loss=0.4311
fold=0 epoch=8 train_loss=0.0771 val_loss=0.4851
fold=0 epoch=9 train_loss=0.0949 val_loss=0.3954
fold=0 epoch=10 train_loss=0.0716 val_loss=0.6160
fold=0 epoch=11 train_loss=0.0755 val_loss=0.4762
fold=0 epoch=12 train_loss=0.0330 val_loss=0.6047
fold=0 epoch=13 train_loss=0.0421 val_loss=0.7946
[OK] {'fold': 0, 'best_val_loss': 0.30031890659802973, 'events': 122, 'positive_events': 9, 'auroc': 0.8062930186823991, 'pr_auc': 0.2806329614109934, 'sensitivity': 0.2222222222222222, 'specificity': 0.9823008849557522}
fold=1 epoch=1 train_loss=0.5612 val_loss=0.4056
fold=1 epoch=2 train_loss=0.4491 val_loss=0.4681
fold=1 epoch=3 train_loss=0.3795 val_loss=0.2817
fold=1 epoch=4 train_loss=0.2804 val_loss=0.3419
fold=1 epoch=5 train_loss=0.1734 val_loss=0.5319
fold=1 epoch=6 train_loss=0.1344 val_loss=0.4229
fold=1 epoch=7 train_loss=0.1320 val_loss=0.3619
fold=1 epoch=8 train_loss=0.0973 val_loss=0.4239
fold=1 epoch=9 train_loss=0.0895 val_loss=0.4378
fold=1 epoch=10 train_loss=0.0670 val_loss=0.4529
fold=1 epoch=11 train_loss=0.0593 val_loss=0.4213
fold=1 epoch=12 train_loss=0.0122 val_loss=0.5463
fold=1 epoch=13 train_loss=0.1141 val_loss=0.5146
[OK] {'fold': 1, 'best_val_loss': 0.28165391555955727, 'events': 118, 'positive_events': 7, 'auroc': 0.8725868725868725, 'pr_auc': 0.32883782883782886, 'sensitivity': 0.5714285714285714, 'specificity': 0.8918918918918919}
fold=2 epoch=1 train_loss=0.5801 val_loss=0.4794
fold=2 epoch=2 train_loss=0.4868 val_loss=0.1648
fold=2 epoch=3 train_loss=0.3051 val_loss=0.4631
fold=2 epoch=4 train_loss=0.2029 val_loss=0.2081
fold=2 epoch=5 train_loss=0.1838 val_loss=0.2018
fold=2 epoch=6 train_loss=0.1654 val_loss=0.2416
fold=2 epoch=7 train_loss=0.0828 val_loss=0.3600
fold=2 epoch=8 train_loss=0.0538 val_loss=0.3850
fold=2 epoch=9 train_loss=0.1131 val_loss=0.2852
fold=2 epoch=10 train_loss=0.1083 val_loss=0.3643
fold=2 epoch=11 train_loss=0.0644 val_loss=0.3434
fold=2 epoch=12 train_loss=0.0747 val_loss=0.3211
[OK] {'fold': 2, 'best_val_loss': 0.16481588662524396, 'events': 108, 'positive_events': 7, 'auroc': 0.8995756718528995, 'pr_auc': 0.6763823478109192, 'sensitivity': 0.7142857142857143, 'specificity': 0.9504950495049505}
fold=3 epoch=1 train_loss=0.5650 val_loss=0.4210
fold=3 epoch=2 train_loss=0.3866 val_loss=0.3802
fold=3 epoch=3 train_loss=0.2969 val_loss=0.3428
fold=3 epoch=4 train_loss=0.2607 val_loss=0.2747
fold=3 epoch=5 train_loss=0.2142 val_loss=0.3336
fold=3 epoch=6 train_loss=0.1553 val_loss=0.3307
fold=3 epoch=7 train_loss=0.1384 val_loss=0.4152
fold=3 epoch=8 train_loss=0.1473 val_loss=0.5459
fold=3 epoch=9 train_loss=0.1219 val_loss=0.3778
fold=3 epoch=10 train_loss=0.0772 val_loss=0.5959
fold=3 epoch=11 train_loss=0.0605 val_loss=0.4868
fold=3 epoch=12 train_loss=0.0894 val_loss=0.4631
fold=3 epoch=13 train_loss=0.0298 val_loss=0.4549
fold=3 epoch=14 train_loss=0.0296 val_loss=0.5502
[OK] {'fold': 3, 'best_val_loss': 0.27465392684275486, 'events': 115, 'positive_events': 6, 'auroc': 0.7951070336391437, 'pr_auc': 0.36615312791783383, 'sensitivity': 0.5, 'specificity': 0.9174311926605505}
fold=4 epoch=1 train_loss=0.5719 val_loss=0.4411
fold=4 epoch=2 train_loss=0.3903 val_loss=0.3549
fold=4 epoch=3 train_loss=0.3509 val_loss=0.5369
fold=4 epoch=4 train_loss=0.2657 val_loss=0.3980
fold=4 epoch=5 train_loss=0.2056 val_loss=0.3385
fold=4 epoch=6 train_loss=0.1561 val_loss=0.3064
fold=4 epoch=7 train_loss=0.1146 val_loss=0.3481
fold=4 epoch=8 train_loss=0.1256 val_loss=0.3351
fold=4 epoch=9 train_loss=0.0910 val_loss=0.4437
fold=4 epoch=10 train_loss=0.0830 val_loss=0.4400
fold=4 epoch=11 train_loss=0.0706 val_loss=0.4035
fold=4 epoch=12 train_loss=0.0664 val_loss=0.7982
fold=4 epoch=13 train_loss=0.0540 val_loss=0.5799
fold=4 epoch=14 train_loss=0.0610 val_loss=0.4903
fold=4 epoch=15 train_loss=0.1030 val_loss=0.4468
fold=4 epoch=16 train_loss=0.0646 val_loss=0.4197
[OK] {'fold': 4, 'best_val_loss': 0.30644524700992803, 'events': 115, 'positive_events': 7, 'auroc': 0.693121693121693, 'pr_auc': 0.5451111166620871, 'sensitivity': 0.5714285714285714, 'specificity': 0.9351851851851852}
[OOF] {'events': 578, 'positive_events': 36, 'auroc': 0.7948954489544895, 'pr_auc': 0.2946095785314084, 'sensitivity': 0.5, 'specificity': 0.9354243542435424}
[RUN] task=significant_rejection seed=11
fold=0 epoch=1 train_loss=0.5872 val_loss=0.3469
fold=0 epoch=2 train_loss=0.3809 val_loss=0.3003
fold=0 epoch=3 train_loss=0.3244 val_loss=0.3279
fold=0 epoch=4 train_loss=0.2426 val_loss=0.2987
fold=0 epoch=5 train_loss=0.1842 val_loss=0.3219
fold=0 epoch=6 train_loss=0.1408 val_loss=0.4150
fold=0 epoch=7 train_loss=0.1460 val_loss=0.3683
fold=0 epoch=8 train_loss=0.1244 val_loss=0.4993
fold=0 epoch=9 train_loss=0.0837 val_loss=0.4186
fold=0 epoch=10 train_loss=0.0752 val_loss=0.4689
fold=0 epoch=11 train_loss=0.0879 val_loss=0.5458
fold=0 epoch=12 train_loss=0.0900 val_loss=0.5624
fold=0 epoch=13 train_loss=0.0451 val_loss=0.7420
fold=0 epoch=14 train_loss=0.0853 val_loss=0.5550
[OK] {'fold': 0, 'best_val_loss': 0.2986706496942913, 'events': 98, 'positive_events': 7, 'auroc': 0.7551020408163265, 'pr_auc': 0.4515032586461158, 'sensitivity': 0.42857142857142855, 'specificity': 0.9560439560439561}
fold=1 epoch=1 train_loss=0.5720 val_loss=0.4311
fold=1 epoch=2 train_loss=0.4367 val_loss=0.2877
fold=1 epoch=3 train_loss=0.3476 val_loss=0.2924
fold=1 epoch=4 train_loss=0.2537 val_loss=0.2144
fold=1 epoch=5 train_loss=0.1612 val_loss=0.3480
fold=1 epoch=6 train_loss=0.1227 val_loss=0.6886
fold=1 epoch=7 train_loss=0.1039 val_loss=0.3554
fold=1 epoch=8 train_loss=0.0674 val_loss=0.3378
fold=1 epoch=9 train_loss=0.0717 val_loss=0.6743
fold=1 epoch=10 train_loss=0.0629 val_loss=0.4635
fold=1 epoch=11 train_loss=0.0314 val_loss=0.4558
fold=1 epoch=12 train_loss=0.1322 val_loss=0.4038
fold=1 epoch=13 train_loss=0.0378 val_loss=0.4409
fold=1 epoch=14 train_loss=0.0935 val_loss=0.4113
[OK] {'fold': 1, 'best_val_loss': 0.21443559145615637, 'events': 118, 'positive_events': 7, 'auroc': 0.8906048906048906, 'pr_auc': 0.24739790653103344, 'sensitivity': 0.42857142857142855, 'specificity': 0.9279279279279279}
fold=2 epoch=1 train_loss=0.6014 val_loss=0.3251
fold=2 epoch=2 train_loss=0.4121 val_loss=0.3045
fold=2 epoch=3 train_loss=0.3539 val_loss=0.4193
fold=2 epoch=4 train_loss=0.2635 val_loss=0.1392
fold=2 epoch=5 train_loss=0.1993 val_loss=0.2361
fold=2 epoch=6 train_loss=0.1688 val_loss=0.1401
fold=2 epoch=7 train_loss=0.1276 val_loss=0.1737
fold=2 epoch=8 train_loss=0.1334 val_loss=0.1599
fold=2 epoch=9 train_loss=0.1044 val_loss=0.2677
fold=2 epoch=10 train_loss=0.0838 val_loss=0.6349
fold=2 epoch=11 train_loss=0.1094 val_loss=0.2145
fold=2 epoch=12 train_loss=0.0473 val_loss=0.2452
fold=2 epoch=13 train_loss=0.0437 val_loss=0.1918
fold=2 epoch=14 train_loss=0.0610 val_loss=0.2140
[OK] {'fold': 2, 'best_val_loss': 0.13922745752459786, 'events': 129, 'positive_events': 7, 'auroc': 0.9730679156908665, 'pr_auc': 0.7570191713048855, 'sensitivity': 0.8571428571428571, 'specificity': 0.9262295081967213}
fold=3 epoch=1 train_loss=0.5756 val_loss=0.4987
fold=3 epoch=2 train_loss=0.4136 val_loss=0.3688
fold=3 epoch=3 train_loss=0.3620 val_loss=0.2504
fold=3 epoch=4 train_loss=0.2188 val_loss=0.3906
fold=3 epoch=5 train_loss=0.1810 val_loss=0.3832
fold=3 epoch=6 train_loss=0.1745 val_loss=0.3433
fold=3 epoch=7 train_loss=0.1593 val_loss=0.3345
fold=3 epoch=8 train_loss=0.1430 val_loss=0.3794
fold=3 epoch=9 train_loss=0.1282 val_loss=0.3524
fold=3 epoch=10 train_loss=0.1095 val_loss=0.4248
fold=3 epoch=11 train_loss=0.0849 val_loss=0.4753
fold=3 epoch=12 train_loss=0.0648 val_loss=0.5193
fold=3 epoch=13 train_loss=0.0073 val_loss=0.6379
[OK] {'fold': 3, 'best_val_loss': 0.25039316400629924, 'events': 102, 'positive_events': 7, 'auroc': 0.8932330827067669, 'pr_auc': 0.42524484971293475, 'sensitivity': 0.42857142857142855, 'specificity': 0.9578947368421052}
fold=4 epoch=1 train_loss=0.5198 val_loss=0.2316
fold=4 epoch=2 train_loss=0.3661 val_loss=0.6752
fold=4 epoch=3 train_loss=0.2616 val_loss=0.3368
fold=4 epoch=4 train_loss=0.2354 val_loss=0.3513
fold=4 epoch=5 train_loss=0.1230 val_loss=0.3004
fold=4 epoch=6 train_loss=0.1371 val_loss=0.3414
fold=4 epoch=7 train_loss=0.1146 val_loss=0.2865
fold=4 epoch=8 train_loss=0.1005 val_loss=0.2915
fold=4 epoch=9 train_loss=0.0425 val_loss=0.4418
fold=4 epoch=10 train_loss=0.1137 val_loss=0.3294
fold=4 epoch=11 train_loss=0.0393 val_loss=0.3495
[OK] {'fold': 4, 'best_val_loss': 0.2315615109445257, 'events': 131, 'positive_events': 8, 'auroc': 0.7378048780487805, 'pr_auc': 0.3703475517687662, 'sensitivity': 0.25, 'specificity': 1.0}
[OOF] {'events': 578, 'positive_events': 36, 'auroc': 0.8503485034850349, 'pr_auc': 0.3809410991611686, 'sensitivity': 0.4722222222222222, 'specificity': 0.9538745387453874}
[RUN] task=significant_rejection seed=21
fold=0 epoch=1 train_loss=0.5728 val_loss=0.5338
fold=0 epoch=2 train_loss=0.3921 val_loss=0.6277
fold=0 epoch=3 train_loss=0.2275 val_loss=0.4882
fold=0 epoch=4 train_loss=0.1601 val_loss=0.6461
fold=0 epoch=5 train_loss=0.1110 val_loss=0.4361
fold=0 epoch=6 train_loss=0.0886 val_loss=0.6646
fold=0 epoch=7 train_loss=0.0705 val_loss=0.7025
fold=0 epoch=8 train_loss=0.0568 val_loss=0.7321
fold=0 epoch=9 train_loss=0.0388 val_loss=0.8513
fold=0 epoch=10 train_loss=0.0747 val_loss=0.6113
fold=0 epoch=11 train_loss=0.0775 val_loss=0.7346
fold=0 epoch=12 train_loss=0.0551 val_loss=0.6829
fold=0 epoch=13 train_loss=0.0545 val_loss=0.6771
fold=0 epoch=14 train_loss=0.0637 val_loss=0.8677
fold=0 epoch=15 train_loss=0.0557 val_loss=0.6884
[OK] {'fold': 0, 'best_val_loss': 0.43609844574517276, 'events': 106, 'positive_events': 9, 'auroc': 0.7605956471935853, 'pr_auc': 0.26882235357238343, 'sensitivity': 0.2222222222222222, 'specificity': 0.9278350515463918}
fold=1 epoch=1 train_loss=0.5400 val_loss=0.3528
fold=1 epoch=2 train_loss=0.4023 val_loss=0.5028
fold=1 epoch=3 train_loss=0.3664 val_loss=0.2291
fold=1 epoch=4 train_loss=0.3455 val_loss=0.2171
fold=1 epoch=5 train_loss=0.2545 val_loss=0.1269
fold=1 epoch=6 train_loss=0.2153 val_loss=0.2195
fold=1 epoch=7 train_loss=0.1476 val_loss=0.0717
fold=1 epoch=8 train_loss=0.1335 val_loss=0.0932
fold=1 epoch=9 train_loss=0.0809 val_loss=0.0956
fold=1 epoch=10 train_loss=0.1167 val_loss=0.0835
fold=1 epoch=11 train_loss=0.1361 val_loss=0.0411
fold=1 epoch=12 train_loss=0.0945 val_loss=0.1133
fold=1 epoch=13 train_loss=0.1334 val_loss=0.1062
fold=1 epoch=14 train_loss=0.0809 val_loss=0.1334
fold=1 epoch=15 train_loss=0.0801 val_loss=0.1064
fold=1 epoch=16 train_loss=0.0617 val_loss=0.0610
fold=1 epoch=17 train_loss=0.0617 val_loss=0.0800
fold=1 epoch=18 train_loss=0.0388 val_loss=0.1820
fold=1 epoch=19 train_loss=0.0702 val_loss=0.2472
fold=1 epoch=20 train_loss=0.0550 val_loss=0.1150
fold=1 epoch=21 train_loss=0.0514 val_loss=0.0929
[OK] {'fold': 1, 'best_val_loss': 0.04108765975610128, 'events': 117, 'positive_events': 5, 'auroc': 0.994642857142857, 'pr_auc': 0.9028571428571428, 'sensitivity': 0.8, 'specificity': 0.9910714285714286}
fold=2 epoch=1 train_loss=0.4983 val_loss=0.4971
fold=2 epoch=2 train_loss=0.3542 val_loss=0.5146
fold=2 epoch=3 train_loss=0.2356 val_loss=0.4398
fold=2 epoch=4 train_loss=0.2405 val_loss=0.3355
fold=2 epoch=5 train_loss=0.1037 val_loss=0.8278
fold=2 epoch=6 train_loss=0.1278 val_loss=0.4549
fold=2 epoch=7 train_loss=0.1668 val_loss=0.4508
fold=2 epoch=8 train_loss=0.0960 val_loss=0.4967
fold=2 epoch=9 train_loss=0.0661 val_loss=0.5568
fold=2 epoch=10 train_loss=0.0584 val_loss=0.5276
fold=2 epoch=11 train_loss=0.0555 val_loss=0.5215
fold=2 epoch=12 train_loss=0.0374 val_loss=0.5347
fold=2 epoch=13 train_loss=0.0680 val_loss=0.5962
fold=2 epoch=14 train_loss=0.0530 val_loss=0.5563
[OK] {'fold': 2, 'best_val_loss': 0.3354750452439172, 'events': 120, 'positive_events': 8, 'auroc': 0.7879464285714286, 'pr_auc': 0.24931939996278235, 'sensitivity': 0.25, 'specificity': 0.9553571428571429}
fold=3 epoch=1 train_loss=0.5532 val_loss=0.3813
fold=3 epoch=2 train_loss=0.4676 val_loss=0.4721
fold=3 epoch=3 train_loss=0.3378 val_loss=0.3913
fold=3 epoch=4 train_loss=0.2219 val_loss=0.3377
fold=3 epoch=5 train_loss=0.1871 val_loss=0.2910
fold=3 epoch=6 train_loss=0.1668 val_loss=0.2285
fold=3 epoch=7 train_loss=0.1677 val_loss=0.2332
fold=3 epoch=8 train_loss=0.1127 val_loss=0.3033
fold=3 epoch=9 train_loss=0.0428 val_loss=0.4218
fold=3 epoch=10 train_loss=0.1524 val_loss=0.2793
fold=3 epoch=11 train_loss=0.0699 val_loss=0.3213
fold=3 epoch=12 train_loss=0.0561 val_loss=0.3663
fold=3 epoch=13 train_loss=0.0578 val_loss=0.3645
fold=3 epoch=14 train_loss=0.0479 val_loss=0.3560
fold=3 epoch=15 train_loss=0.0472 val_loss=0.4701
fold=3 epoch=16 train_loss=0.1198 val_loss=0.3562
[OK] {'fold': 3, 'best_val_loss': 0.22852511856833896, 'events': 108, 'positive_events': 8, 'auroc': 0.82875, 'pr_auc': 0.6339230599647266, 'sensitivity': 0.625, 'specificity': 0.98}
fold=4 epoch=1 train_loss=0.5556 val_loss=0.5505
fold=4 epoch=2 train_loss=0.3733 val_loss=0.3749
fold=4 epoch=3 train_loss=0.3504 val_loss=0.6729
fold=4 epoch=4 train_loss=0.2642 val_loss=0.2767
fold=4 epoch=5 train_loss=0.2105 val_loss=0.1896
fold=4 epoch=6 train_loss=0.1303 val_loss=0.2503
fold=4 epoch=7 train_loss=0.1090 val_loss=0.2427
fold=4 epoch=8 train_loss=0.0904 val_loss=0.3100
fold=4 epoch=9 train_loss=0.1016 val_loss=0.2716
fold=4 epoch=10 train_loss=0.0782 val_loss=0.3139
fold=4 epoch=11 train_loss=0.0520 val_loss=0.5392
fold=4 epoch=12 train_loss=0.0769 val_loss=0.2805
fold=4 epoch=13 train_loss=0.0920 val_loss=0.3127
fold=4 epoch=14 train_loss=0.0391 val_loss=0.4031
fold=4 epoch=15 train_loss=0.0320 val_loss=0.5078
[OK] {'fold': 4, 'best_val_loss': 0.1895921060073936, 'events': 127, 'positive_events': 6, 'auroc': 0.8856749311294767, 'pr_auc': 0.3606532356532356, 'sensitivity': 0.5, 'specificity': 0.9504132231404959}
[OOF] {'events': 578, 'positive_events': 36, 'auroc': 0.8622898728987289, 'pr_auc': 0.39778712807575506, 'sensitivity': 0.4444444444444444, 'specificity': 0.9612546125461254}
[RUN] task=significant_rejection seed=31
fold=0 epoch=1 train_loss=0.4899 val_loss=0.5720
fold=0 epoch=2 train_loss=0.3526 val_loss=0.6563
fold=0 epoch=3 train_loss=0.3122 val_loss=0.8221
fold=0 epoch=4 train_loss=0.2436 val_loss=0.4660
fold=0 epoch=5 train_loss=0.2150 val_loss=0.3692
fold=0 epoch=6 train_loss=0.1507 val_loss=0.5040
fold=0 epoch=7 train_loss=0.1424 val_loss=0.3933
fold=0 epoch=8 train_loss=0.0781 val_loss=0.6690
fold=0 epoch=9 train_loss=0.1099 val_loss=0.4820
fold=0 epoch=10 train_loss=0.1083 val_loss=0.4404
fold=0 epoch=11 train_loss=0.0563 val_loss=0.6039
fold=0 epoch=12 train_loss=0.1267 val_loss=0.4812
fold=0 epoch=13 train_loss=0.0948 val_loss=0.4539
fold=0 epoch=14 train_loss=0.0448 val_loss=0.6010
fold=0 epoch=15 train_loss=0.0243 val_loss=0.7226
[OK] {'fold': 0, 'best_val_loss': 0.36916895962879653, 'events': 118, 'positive_events': 10, 'auroc': 0.726851851851852, 'pr_auc': 0.4930961754323806, 'sensitivity': 0.4, 'specificity': 0.8981481481481481}
fold=1 epoch=1 train_loss=0.5700 val_loss=0.5322
fold=1 epoch=2 train_loss=0.4151 val_loss=0.4248
fold=1 epoch=3 train_loss=0.2954 val_loss=0.4393
fold=1 epoch=4 train_loss=0.2240 val_loss=0.3051
fold=1 epoch=5 train_loss=0.1118 val_loss=0.3404
fold=1 epoch=6 train_loss=0.1485 val_loss=0.3279
fold=1 epoch=7 train_loss=0.1049 val_loss=0.3007
fold=1 epoch=8 train_loss=0.0781 val_loss=0.3931
fold=1 epoch=9 train_loss=0.0862 val_loss=0.4340
fold=1 epoch=10 train_loss=0.0502 val_loss=1.1420
fold=1 epoch=11 train_loss=0.1032 val_loss=0.4054
fold=1 epoch=12 train_loss=0.1157 val_loss=0.3248
fold=1 epoch=13 train_loss=0.0292 val_loss=0.4166
fold=1 epoch=14 train_loss=0.0963 val_loss=0.4265
fold=1 epoch=15 train_loss=0.0378 val_loss=0.3493
fold=1 epoch=16 train_loss=0.0625 val_loss=0.4195
fold=1 epoch=17 train_loss=0.0745 val_loss=0.3589
[OK] {'fold': 1, 'best_val_loss': 0.30072127573149254, 'events': 115, 'positive_events': 5, 'auroc': 0.6745454545454546, 'pr_auc': 0.27656267104542964, 'sensitivity': 0.4, 'specificity': 0.9727272727272728}
fold=2 epoch=1 train_loss=0.5956 val_loss=0.2939
fold=2 epoch=2 train_loss=0.4528 val_loss=0.3067
fold=2 epoch=3 train_loss=0.3378 val_loss=0.3012
fold=2 epoch=4 train_loss=0.2682 val_loss=0.2455
fold=2 epoch=5 train_loss=0.2176 val_loss=0.3256
fold=2 epoch=6 train_loss=0.1324 val_loss=0.4462
fold=2 epoch=7 train_loss=0.1328 val_loss=0.2949
fold=2 epoch=8 train_loss=0.1217 val_loss=0.2886
fold=2 epoch=9 train_loss=0.1408 val_loss=0.2166
fold=2 epoch=10 train_loss=0.0625 val_loss=0.3035
fold=2 epoch=11 train_loss=0.0377 val_loss=0.4722
fold=2 epoch=12 train_loss=0.0334 val_loss=0.4050
fold=2 epoch=13 train_loss=0.0727 val_loss=0.3182
fold=2 epoch=14 train_loss=0.0699 val_loss=0.2938
fold=2 epoch=15 train_loss=0.0577 val_loss=0.3592
fold=2 epoch=16 train_loss=0.0922 val_loss=0.3279
fold=2 epoch=17 train_loss=0.0256 val_loss=0.3541
fold=2 epoch=18 train_loss=0.0645 val_loss=0.4047
fold=2 epoch=19 train_loss=0.0203 val_loss=0.4103
[OK] {'fold': 2, 'best_val_loss': 0.2166152748968971, 'events': 121, 'positive_events': 5, 'auroc': 0.7586206896551725, 'pr_auc': 0.30736231884057974, 'sensitivity': 0.4, 'specificity': 0.9827586206896551}
fold=3 epoch=1 train_loss=0.5335 val_loss=0.5636
fold=3 epoch=2 train_loss=0.4243 val_loss=0.6396
fold=3 epoch=3 train_loss=0.2938 val_loss=0.4203
fold=3 epoch=4 train_loss=0.1586 val_loss=0.5023
fold=3 epoch=5 train_loss=0.1433 val_loss=0.6268
fold=3 epoch=6 train_loss=0.1233 val_loss=0.5994
fold=3 epoch=7 train_loss=0.1159 val_loss=0.6260
fold=3 epoch=8 train_loss=0.1767 val_loss=0.4344
fold=3 epoch=9 train_loss=0.0699 val_loss=0.8177
fold=3 epoch=10 train_loss=0.1070 val_loss=0.6943
fold=3 epoch=11 train_loss=0.0706 val_loss=0.6864
fold=3 epoch=12 train_loss=0.0935 val_loss=0.7573
fold=3 epoch=13 train_loss=0.0803 val_loss=0.7734
[OK] {'fold': 3, 'best_val_loss': 0.4203082378366557, 'events': 115, 'positive_events': 8, 'auroc': 0.7254672897196262, 'pr_auc': 0.32953762746781823, 'sensitivity': 0.375, 'specificity': 0.8598130841121495}
fold=4 epoch=1 train_loss=0.5390 val_loss=0.4992
fold=4 epoch=2 train_loss=0.4662 val_loss=0.6243
fold=4 epoch=3 train_loss=0.3478 val_loss=0.2797
fold=4 epoch=4 train_loss=0.2620 val_loss=0.1755
fold=4 epoch=5 train_loss=0.1852 val_loss=0.3146
fold=4 epoch=6 train_loss=0.1702 val_loss=0.2326
fold=4 epoch=7 train_loss=0.1321 val_loss=0.2034
fold=4 epoch=8 train_loss=0.1054 val_loss=0.2933
fold=4 epoch=9 train_loss=0.1223 val_loss=0.2433
fold=4 epoch=10 train_loss=0.0832 val_loss=0.2827
fold=4 epoch=11 train_loss=0.0675 val_loss=0.3156
fold=4 epoch=12 train_loss=0.0576 val_loss=0.4227
fold=4 epoch=13 train_loss=0.0638 val_loss=0.2745
fold=4 epoch=14 train_loss=0.0418 val_loss=0.3762
[OK] {'fold': 4, 'best_val_loss': 0.17546265259176308, 'events': 109, 'positive_events': 8, 'auroc': 0.9517326732673267, 'pr_auc': 0.6810057997557998, 'sensitivity': 0.625, 'specificity': 0.9306930693069307}
[OOF] {'events': 578, 'positive_events': 36, 'auroc': 0.787310373103731, 'pr_auc': 0.355397319185469, 'sensitivity': 0.4444444444444444, 'specificity': 0.9298892988929889}
[RUN] task=significant_rejection seed=41
fold=0 epoch=1 train_loss=0.5671 val_loss=0.5123
fold=0 epoch=2 train_loss=0.4211 val_loss=0.2059
fold=0 epoch=3 train_loss=0.3463 val_loss=0.3728
fold=0 epoch=4 train_loss=0.2257 val_loss=0.2647
fold=0 epoch=5 train_loss=0.2197 val_loss=0.2522
fold=0 epoch=6 train_loss=0.1789 val_loss=0.2584
fold=0 epoch=7 train_loss=0.1146 val_loss=0.3660
fold=0 epoch=8 train_loss=0.1164 val_loss=0.3937
fold=0 epoch=9 train_loss=0.0942 val_loss=0.3912
fold=0 epoch=10 train_loss=0.1228 val_loss=0.3460
fold=0 epoch=11 train_loss=0.1420 val_loss=0.4118
fold=0 epoch=12 train_loss=0.0753 val_loss=0.3776
[OK] {'fold': 0, 'best_val_loss': 0.20585641330589766, 'events': 145, 'positive_events': 8, 'auroc': 0.7326642335766423, 'pr_auc': 0.35815519707565163, 'sensitivity': 0.25, 'specificity': 0.9854014598540146}
fold=1 epoch=1 train_loss=0.5759 val_loss=0.5421
fold=1 epoch=2 train_loss=0.4112 val_loss=0.4528
fold=1 epoch=3 train_loss=0.3089 val_loss=0.6484
fold=1 epoch=4 train_loss=0.2376 val_loss=0.4170
fold=1 epoch=5 train_loss=0.2031 val_loss=0.3224
fold=1 epoch=6 train_loss=0.1286 val_loss=0.3410
fold=1 epoch=7 train_loss=0.1676 val_loss=0.4906
fold=1 epoch=8 train_loss=0.1590 val_loss=0.2980
fold=1 epoch=9 train_loss=0.1207 val_loss=0.3141
fold=1 epoch=10 train_loss=0.1021 val_loss=0.4202
fold=1 epoch=11 train_loss=0.0377 val_loss=0.4873
fold=1 epoch=12 train_loss=0.1159 val_loss=0.4240
fold=1 epoch=13 train_loss=0.0605 val_loss=0.4753
fold=1 epoch=14 train_loss=0.0694 val_loss=0.4399
fold=1 epoch=15 train_loss=0.0992 val_loss=0.4408
fold=1 epoch=16 train_loss=0.0977 val_loss=0.7185
fold=1 epoch=17 train_loss=0.0496 val_loss=0.4817
fold=1 epoch=18 train_loss=0.0793 val_loss=0.5592
[OK] {'fold': 1, 'best_val_loss': 0.2980391867789905, 'events': 91, 'positive_events': 5, 'auroc': 0.7465116279069768, 'pr_auc': 0.6366279069767442, 'sensitivity': 0.6, 'specificity': 0.9651162790697675}
fold=2 epoch=1 train_loss=0.5854 val_loss=0.5247
fold=2 epoch=2 train_loss=0.4338 val_loss=0.2850
fold=2 epoch=3 train_loss=0.3355 val_loss=0.3376
fold=2 epoch=4 train_loss=0.2935 val_loss=0.2616
fold=2 epoch=5 train_loss=0.2025 val_loss=0.3771
fold=2 epoch=6 train_loss=0.1706 val_loss=0.2658
fold=2 epoch=7 train_loss=0.1199 val_loss=0.2238
fold=2 epoch=8 train_loss=0.1397 val_loss=0.2382
fold=2 epoch=9 train_loss=0.0958 val_loss=0.3054
fold=2 epoch=10 train_loss=0.0309 val_loss=0.7201
fold=2 epoch=11 train_loss=0.0911 val_loss=0.3634
fold=2 epoch=12 train_loss=0.0076 val_loss=0.6303
fold=2 epoch=13 train_loss=0.0932 val_loss=0.3883
fold=2 epoch=14 train_loss=0.0526 val_loss=0.3778
fold=2 epoch=15 train_loss=0.0258 val_loss=0.4442
fold=2 epoch=16 train_loss=0.0373 val_loss=0.4834
fold=2 epoch=17 train_loss=0.1144 val_loss=0.3981
[OK] {'fold': 2, 'best_val_loss': 0.22378190965681546, 'events': 138, 'positive_events': 5, 'auroc': 0.6541353383458647, 'pr_auc': 0.25180167868448383, 'sensitivity': 0.4, 'specificity': 0.9699248120300752}
fold=3 epoch=1 train_loss=0.5671 val_loss=0.8530
fold=3 epoch=2 train_loss=0.4439 val_loss=0.4994
fold=3 epoch=3 train_loss=0.3000 val_loss=0.4976
fold=3 epoch=4 train_loss=0.2184 val_loss=0.4988
fold=3 epoch=5 train_loss=0.1357 val_loss=0.5994
fold=3 epoch=6 train_loss=0.0937 val_loss=0.4301
fold=3 epoch=7 train_loss=0.1033 val_loss=0.4966
fold=3 epoch=8 train_loss=0.0631 val_loss=0.5819
fold=3 epoch=9 train_loss=0.1205 val_loss=0.5399
fold=3 epoch=10 train_loss=0.0650 val_loss=0.4764
fold=3 epoch=11 train_loss=0.0355 val_loss=0.7055
fold=3 epoch=12 train_loss=0.0143 val_loss=0.8428
fold=3 epoch=13 train_loss=0.0921 val_loss=0.7242
fold=3 epoch=14 train_loss=0.0178 val_loss=0.7455
fold=3 epoch=15 train_loss=0.0335 val_loss=1.1430
fold=3 epoch=16 train_loss=0.0384 val_loss=0.9688
[OK] {'fold': 3, 'best_val_loss': 0.43011769891715484, 'events': 95, 'positive_events': 8, 'auroc': 0.860632183908046, 'pr_auc': 0.28819312671305086, 'sensitivity': 0.5, 'specificity': 0.9195402298850575}
fold=4 epoch=1 train_loss=0.4855 val_loss=0.6039
fold=4 epoch=2 train_loss=0.3653 val_loss=0.5451
fold=4 epoch=3 train_loss=0.2910 val_loss=0.5870
fold=4 epoch=4 train_loss=0.2021 val_loss=0.5659
fold=4 epoch=5 train_loss=0.1434 val_loss=0.6942
fold=4 epoch=6 train_loss=0.1392 val_loss=0.6180
fold=4 epoch=7 train_loss=0.0977 val_loss=0.7203
fold=4 epoch=8 train_loss=0.0740 val_loss=0.8086
fold=4 epoch=9 train_loss=0.0781 val_loss=0.9442
fold=4 epoch=10 train_loss=0.0643 val_loss=0.9330
fold=4 epoch=11 train_loss=0.0498 val_loss=0.8709
fold=4 epoch=12 train_loss=0.0401 val_loss=0.9129
[OK] {'fold': 4, 'best_val_loss': 0.5451205084207169, 'events': 109, 'positive_events': 10, 'auroc': 0.7616161616161616, 'pr_auc': 0.3843110818720574, 'sensitivity': 0.5, 'specificity': 0.7676767676767676}
[OOF] {'events': 578, 'positive_events': 36, 'auroc': 0.7792640426404264, 'pr_auc': 0.28072055823383685, 'sensitivity': 0.4444444444444444, 'specificity': 0.9280442804428044}
