nohup: ignoring input
[WAIT] worker PID 2442997 is still running
[WAIT] worker PID 2442997 is still running
[WAIT] worker PID 2442997 is still running
[WAIT] worker PID 2442997 is still running
[WAIT] worker PID 2442997 is still running
[WAIT] worker PID 2442997 is still running
[WAIT] worker PID 2442997 is still running
[WAIT] worker PID 2442997 is still running
[WAIT] worker PID 2442997 is still running
[WAIT] worker PID 2442997 is still running
[WAIT] worker PID 2442997 is still running
[WAIT] worker PID 2442997 is still running
[WAIT] worker PID 2442997 is still running
[WAIT] worker PID 2442997 is still running
[WAIT] worker PID 2442997 is still running
[WAIT] worker PID 2442997 is still running
[WAIT] worker PID 2442997 is still running
[WAIT] worker PID 2442997 is still running
[WAIT] worker PID 2442997 is still running
[WAIT] worker PID 2442997 is still running
[WAIT] worker PID 2442997 is still running
[WAIT] worker PID 2442997 is still running
[WAIT] worker PID 2442997 is still running
[WAIT] worker PID 2442997 is still running
[WAIT] worker PID 2442997 is still running
[WAIT] worker PID 2442997 is still running
[WAIT] worker PID 2442997 is still running
[WAIT] worker PID 2442997 is still running
[WAIT] worker PID 2442997 is still running
[WAIT] worker PID 2442997 is still running
[WAIT] worker PID 2442997 is still running
[WAIT] worker PID 2442997 is still running
[WAIT] worker PID 2442997 is still running
[WAIT] worker PID 2442997 is still running
[WAIT] worker PID 2442997 is still running
[WAIT] worker PID 2442997 is still running
[WAIT] worker PID 2442997 is still running
[WAIT] worker PID 2442997 is still running
[WAIT] worker PID 2442997 is still running
[WAIT] worker PID 2442997 is still running
[WAIT] worker PID 2442997 is still running
[WAIT] worker PID 2442997 is still running
[WAIT] worker PID 2442997 is still running
[WAIT] worker PID 2442997 is still running
[WAIT] worker PID 2442997 is still running
[WAIT] worker PID 2442997 is still running
[WAIT] worker PID 2442997 is still running
[WAIT] worker PID 2442997 is still running
[WAIT] worker PID 2442997 is still running
[WAIT] worker PID 2442997 is still running
[WAIT] worker PID 2442997 is still running
[WAIT] worker PID 2442997 is still running
[WAIT] worker PID 2442997 is still running
[WAIT] worker PID 2442997 is still running
[WAIT] worker PID 2442997 is still running
[WAIT] worker PID 2442997 is still running
[WAIT] worker PID 2442997 is still running
[WAIT] worker PID 2442997 is still running
[WAIT] worker PID 2442997 is still running
[WAIT] worker PID 2442997 is still running
[WAIT] worker PID 2442997 is still running
[WAIT] worker PID 2442997 is still running
[WAIT] worker PID 2442997 is still running
[WAIT] worker PID 2442997 is still running
[WAIT] worker PID 2442997 is still running
[WAIT] worker PID 2442997 is still running
[WAIT] worker PID 2442997 is still running
[WAIT] worker PID 2442997 is still running
[WAIT] worker PID 2442997 is still running
[WAIT] worker PID 2442997 is still running
[WAIT] worker PID 2442997 is still running
[WAIT] worker PID 2442997 is still running
[WAIT] worker PID 2442997 is still running
[WAIT] worker PID 2442997 is still running
[WAIT] worker PID 2442997 is still running
[WAIT] worker PID 2442997 is still running
[WAIT] worker PID 2442997 is still running
[WAIT] worker PID 2442997 is still running
[WAIT] worker PID 2442997 is still running
[WAIT] worker PID 2442997 is still running
[WAIT] worker PID 2442997 is still running
[WAIT] worker PID 2442997 is still running
[WAIT] worker PID 2442997 is still running
[WAIT] worker PID 2442997 is still running
[WAIT] worker PID 2442997 is still running
[WAIT] worker PID 2442997 is still running
[WAIT] worker PID 2442997 is still running
[WAIT] worker PID 2442997 is still running
[WAIT] worker PID 2442997 is still running
[WAIT] worker PID 2442997 is still running
[WAIT] worker PID 2442997 is still running
[WAIT] worker PID 2442997 is still running
[WAIT] worker PID 2442997 is still running
[WAIT] worker PID 2442997 is still running
[WAIT] worker PID 2442997 is still running
[WAIT] worker PID 2442997 is still running
[WAIT] worker PID 2442997 is still running
[WAIT] worker PID 2442997 is still running
[WAIT] worker PID 2442997 is still running
[WAIT] worker PID 2442997 is still running
[WAIT] worker PID 2442997 is still running
[WAIT] worker PID 2442997 is still running
[WAIT] worker PID 2442997 is still running
[WAIT] worker PID 2442997 is still running
[WAIT] worker PID 2442997 is still running
[WAIT] worker PID 2442997 is still running
[WAIT] worker PID 2442997 is still running
[WAIT] worker PID 2442997 is still running
[WAIT] worker PID 2442997 is still running
[WAIT] worker PID 2442997 is still running
[WAIT] worker PID 2442997 is still running
[WAIT] worker PID 2442997 is still running
[WAIT] worker PID 2442997 is still running
[WAIT] worker PID 2442997 is still running
[WAIT] worker PID 2442997 is still running
[WAIT] worker PID 2442997 is still running
[WAIT] worker PID 2442997 is still running
[WAIT] worker PID 2442997 is still running
[WAIT] worker PID 2442997 is still running
[WAIT] worker PID 2442997 is still running
[WAIT] worker PID 2442997 is still running
[WAIT] worker PID 2442997 is still running
[WAIT] worker PID 2442997 is still running
[WAIT] worker PID 2442997 is still running
[WAIT] worker PID 2442997 is still running
[WAIT] worker PID 2442997 is still running
[WAIT] worker PID 2442997 is still running
[WAIT] worker PID 2442997 is still running
[WAIT] worker PID 2442997 is still running
[WAIT] worker PID 2442997 is still running
[WAIT] worker PID 2442997 is still running
[WAIT] worker PID 2442997 is still running
[WAIT] worker PID 2442997 is still running
[WAIT] worker PID 2442997 is still running
[WAIT] worker PID 2442997 is still running
[WAIT] worker PID 2442997 is still running
[WAIT] worker PID 2442997 is still running
[WAIT] worker PID 2442997 is still running
[WAIT] worker PID 2442997 is still running
[WAIT] worker PID 2442997 is still running
[WAIT] worker PID 2442997 is still running
[WAIT] worker PID 2442997 is still running
[WAIT] worker PID 2442997 is still running
[WAIT] worker PID 2442997 is still running
[WAIT] worker PID 2442997 is still running
[WAIT] worker PID 2442997 is still running
[WAIT] worker PID 2442997 is still running
[WAIT] worker PID 2442997 is still running
[WAIT] worker PID 2442997 is still running
[WAIT] worker PID 2442997 is still running
[WAIT] worker PID 2442997 is still running
[WAIT] worker PID 2442997 is still running
[WAIT] worker PID 2442997 is still running
[WAIT] worker PID 2442997 is still running
[WAIT] worker PID 2442997 is still running
[WAIT] worker PID 2442997 is still running
[WAIT] worker PID 2442997 is still running
[WAIT] worker PID 2442997 is still running
[WAIT] worker PID 2442997 is still running
[WAIT] worker PID 2442997 is still running
[WAIT] worker PID 2442997 is still running
[WAIT] worker PID 2442997 is still running
[WAIT] worker PID 2442997 is still running
[WAIT] worker PID 2442997 is still running
[WAIT] worker PID 2442997 is still running
[WAIT] worker PID 2442997 is still running
[WAIT] worker PID 2442997 is still running
[WAIT] worker PID 2442997 is still running
[WAIT] worker PID 2442997 is still running
[WAIT] worker PID 2442997 is still running
[WAIT] worker PID 2442997 is still running
[WAIT] worker PID 2442997 is still running
[WAIT] worker PID 2442997 is still running
[WAIT] worker PID 2442997 is still running
[WAIT] worker PID 2442997 is still running
[WAIT] worker PID 2442997 is still running
[WAIT] worker PID 2442997 is still running
[WAIT] worker PID 2442997 is still running
[WAIT] worker PID 2442997 is still running
[WAIT] worker PID 2442997 is still running
[WAIT] worker PID 2442997 is still running
[WAIT] worker PID 2442997 is still running
[WAIT] worker PID 2442997 is still running
[WAIT] worker PID 2442997 is still running
[WAIT] worker PID 2442997 is still running
[WAIT] worker PID 2442997 is still running
[WAIT] worker PID 2442997 is still running
[WAIT] worker PID 2442997 is still running
[WAIT] worker PID 2442997 is still running
[WAIT] worker PID 2442997 is still running
[WAIT] worker PID 2442997 is still running
[WAIT] worker PID 2442997 is still running
[WAIT] worker PID 2442997 is still running
[WAIT] worker PID 2442997 is still running
[WAIT] worker PID 2442997 is still running
[WAIT] worker PID 2442997 is still running
[WAIT] worker PID 2442997 is still running
[WAIT] worker PID 2442997 is still running
[WAIT] worker PID 2442997 is still running
[WAIT] worker PID 2442997 is still running
[WAIT] worker PID 2442997 is still running
[WAIT] worker PID 2442997 is still running
[WAIT] worker PID 2442997 is still running
[WAIT] worker PID 2442997 is still running
[WAIT] worker PID 2442997 is still running
[WAIT] worker PID 2442997 is still running
[WAIT] worker PID 2442997 is still running
[WAIT] worker PID 2442997 is still running
[WAIT] worker PID 2442997 is still running
[WAIT] worker PID 2442997 is still running
[WAIT] worker PID 2442997 is still running
[WAIT] worker PID 2442997 is still running
[WAIT] worker PID 2442997 is still running
[WAIT] worker PID 2442997 is still running
[WAIT] worker PID 2442997 is still running
[WAIT] worker PID 2442997 is still running
[WAIT] worker PID 2442997 is still running
[WAIT] worker PID 2442997 is still running
[WAIT] worker PID 2442997 is still running
[WAIT] worker PID 2442997 is still running
[WAIT] worker PID 2442997 is still running
[WAIT] worker PID 2442997 is still running
[WAIT] worker PID 2442997 is still running
[WAIT] worker PID 2442997 is still running
[WAIT] worker PID 2442997 is still running
[WAIT] worker PID 2442997 is still running
[WAIT] worker PID 2442997 is still running
[WAIT] worker PID 2442997 is still running
[WAIT] worker PID 2442997 is still running
[WAIT] worker PID 2442997 is still running
[WAIT] worker PID 2442997 is still running
[WAIT] worker PID 2442997 is still running
[WAIT] worker PID 2442997 is still running
[WAIT] worker PID 2442997 is still running
[WAIT] worker PID 2442997 is still running
[WAIT] worker PID 2442997 is still running
[WAIT] worker PID 2442997 is still running
[WAIT] worker PID 2442997 is still running
[WAIT] worker PID 2442997 is still running
[WAIT] worker PID 2442997 is still running
[WAIT] worker PID 2442997 is still running
[WAIT] worker PID 2442997 is still running
[WAIT] worker PID 2442997 is still running
[WAIT] worker PID 2442997 is still running
[WAIT] worker PID 2442997 is still running
[WAIT] worker PID 2442997 is still running
[WAIT] worker PID 2442997 is still running
[WAIT] worker PID 2442997 is still running
[WAIT] worker PID 2442997 is still running
[WAIT] worker PID 2442997 is still running
[READY] worker PID 2442997 has exited
[READY] worker PID 2442998 has exited
[QUEUE] cohort=mixed_known
[DONE] cohort=mixed_known
[QUEUE] cohort=he_only
[DONE] cohort=he_only
[QUEUE] cohort=non_he
[DONE] cohort=non_he
[QUEUE] cohort=ihc_only
[DONE] cohort=ihc_only
