nohup: ignoring input
[RUN] task=acr_high scale=40x mode=aware seed=1
fold=0 epoch=1 train_loss=0.5750 val_loss=0.3771
fold=0 epoch=2 train_loss=0.1382 val_loss=0.5541
fold=0 epoch=3 train_loss=0.0610 val_loss=0.6877
fold=0 epoch=4 train_loss=0.0690 val_loss=0.5069
fold=0 epoch=5 train_loss=0.0579 val_loss=0.3813
fold=0 epoch=6 train_loss=0.0430 val_loss=0.3146
fold=0 epoch=7 train_loss=0.0347 val_loss=0.4483
fold=0 epoch=8 train_loss=0.0322 val_loss=0.4337
fold=0 epoch=9 train_loss=0.0429 val_loss=0.4370
fold=0 epoch=10 train_loss=0.0249 val_loss=0.6201
fold=0 epoch=11 train_loss=0.0200 val_loss=0.2771
fold=0 epoch=12 train_loss=0.0292 val_loss=0.5951
fold=0 epoch=13 train_loss=0.0075 val_loss=0.3344
fold=0 epoch=14 train_loss=0.0204 val_loss=0.4450
fold=0 epoch=15 train_loss=0.0514 val_loss=0.2808
fold=0 epoch=16 train_loss=0.0305 val_loss=0.2290
fold=0 epoch=17 train_loss=0.0295 val_loss=0.2711
fold=0 epoch=18 train_loss=0.0200 val_loss=0.2997
fold=0 epoch=19 train_loss=0.0031 val_loss=0.4475
fold=0 epoch=20 train_loss=0.0240 val_loss=0.8408
fold=0 epoch=21 train_loss=0.0463 val_loss=0.4709
fold=0 epoch=22 train_loss=0.0014 val_loss=0.5118
fold=0 epoch=23 train_loss=0.0003 val_loss=0.5437
fold=0 epoch=24 train_loss=0.0003 val_loss=0.5350
fold=0 epoch=25 train_loss=0.0002 val_loss=0.5225
fold=0 epoch=26 train_loss=0.0001 val_loss=0.5465
[OK] {'fold': 0, 'best_val_loss': 0.229017543306513, 'events': 105, 'positive_events': 2, 'auroc': 0.9660194174757282, 'pr_auc': 0.30952380952380953, 'sensitivity': 0.5, 'specificity': 0.9611650485436893}
fold=1 epoch=1 train_loss=0.5135 val_loss=0.1807
fold=1 epoch=2 train_loss=0.1198 val_loss=0.0933
fold=1 epoch=3 train_loss=0.0941 val_loss=0.1661
fold=1 epoch=4 train_loss=0.0646 val_loss=0.0990
fold=1 epoch=5 train_loss=0.0341 val_loss=0.0790
fold=1 epoch=6 train_loss=0.0050 val_loss=0.1130
fold=1 epoch=7 train_loss=0.0719 val_loss=0.0469
fold=1 epoch=8 train_loss=0.0352 val_loss=0.2259
fold=1 epoch=9 train_loss=0.0647 val_loss=0.0628
fold=1 epoch=10 train_loss=0.0064 val_loss=0.1102
fold=1 epoch=11 train_loss=0.0192 val_loss=0.1019
fold=1 epoch=12 train_loss=0.0218 val_loss=0.1752
fold=1 epoch=13 train_loss=0.0427 val_loss=0.1553
fold=1 epoch=14 train_loss=0.0651 val_loss=0.1121
fold=1 epoch=15 train_loss=0.0490 val_loss=0.1254
fold=1 epoch=16 train_loss=0.0196 val_loss=0.0992
fold=1 epoch=17 train_loss=0.0194 val_loss=0.1792
[OK] {'fold': 1, 'best_val_loss': 0.046854443487364596, 'events': 109, 'positive_events': 2, 'auroc': 0.9953271028037383, 'pr_auc': 0.8333333333333333, 'sensitivity': 1.0, 'specificity': 0.9719626168224299}
fold=2 epoch=1 train_loss=0.4960 val_loss=0.2148
fold=2 epoch=2 train_loss=0.1006 val_loss=0.1828
fold=2 epoch=3 train_loss=0.0892 val_loss=0.2043
fold=2 epoch=4 train_loss=0.0379 val_loss=0.1463
fold=2 epoch=5 train_loss=0.0617 val_loss=0.1892
fold=2 epoch=6 train_loss=0.0022 val_loss=0.1883
fold=2 epoch=7 train_loss=0.0011 val_loss=0.1813
fold=2 epoch=8 train_loss=0.0147 val_loss=0.2716
fold=2 epoch=9 train_loss=0.0886 val_loss=0.1599
fold=2 epoch=10 train_loss=0.0566 val_loss=0.1268
fold=2 epoch=11 train_loss=0.0386 val_loss=0.1961
fold=2 epoch=12 train_loss=0.0020 val_loss=0.1544
fold=2 epoch=13 train_loss=0.0139 val_loss=0.1521
fold=2 epoch=14 train_loss=0.0317 val_loss=0.1955
fold=2 epoch=15 train_loss=0.0085 val_loss=0.2186
fold=2 epoch=16 train_loss=0.0010 val_loss=0.1931
fold=2 epoch=17 train_loss=0.0004 val_loss=0.2110
fold=2 epoch=18 train_loss=0.0002 val_loss=0.2241
fold=2 epoch=19 train_loss=0.0853 val_loss=0.2013
fold=2 epoch=20 train_loss=0.0014 val_loss=0.2263
[OK] {'fold': 2, 'best_val_loss': 0.126771191249201, 'events': 124, 'positive_events': 3, 'auroc': 0.9724517906336088, 'pr_auc': 0.36507936507936506, 'sensitivity': 0.0, 'specificity': 1.0}
fold=3 epoch=1 train_loss=0.4476 val_loss=0.2454
fold=3 epoch=2 train_loss=0.1619 val_loss=0.1355
fold=3 epoch=3 train_loss=0.0400 val_loss=0.1589
fold=3 epoch=4 train_loss=0.0869 val_loss=0.2149
fold=3 epoch=5 train_loss=0.0299 val_loss=0.1994
fold=3 epoch=6 train_loss=0.0024 val_loss=0.1925
fold=3 epoch=7 train_loss=0.0013 val_loss=0.3148
fold=3 epoch=8 train_loss=0.0262 val_loss=0.2341
fold=3 epoch=9 train_loss=0.0466 val_loss=0.2328
fold=3 epoch=10 train_loss=0.0132 val_loss=0.2602
fold=3 epoch=11 train_loss=0.0010 val_loss=0.3155
fold=3 epoch=12 train_loss=0.0209 val_loss=0.2874
[OK] {'fold': 3, 'best_val_loss': 0.1354511845776898, 'events': 128, 'positive_events': 5, 'auroc': 0.7967479674796749, 'pr_auc': 0.5656898656898657, 'sensitivity': 0.2, 'specificity': 1.0}
fold=4 epoch=1 train_loss=0.5081 val_loss=0.1942
fold=4 epoch=2 train_loss=0.1496 val_loss=0.1767
fold=4 epoch=3 train_loss=0.0520 val_loss=0.1308
fold=4 epoch=4 train_loss=0.0428 val_loss=0.1202
fold=4 epoch=5 train_loss=0.0357 val_loss=0.1348
fold=4 epoch=6 train_loss=0.0865 val_loss=0.1578
fold=4 epoch=7 train_loss=0.0315 val_loss=0.1756
fold=4 epoch=8 train_loss=0.0678 val_loss=0.2510
fold=4 epoch=9 train_loss=0.0571 val_loss=0.1343
fold=4 epoch=10 train_loss=0.0278 val_loss=0.1557
fold=4 epoch=11 train_loss=0.0156 val_loss=0.1538
fold=4 epoch=12 train_loss=0.0193 val_loss=0.1680
fold=4 epoch=13 train_loss=0.0167 val_loss=0.1802
fold=4 epoch=14 train_loss=0.0144 val_loss=0.1749
[OK] {'fold': 4, 'best_val_loss': 0.12019683713265034, 'events': 109, 'positive_events': 2, 'auroc': 0.8925233644859812, 'pr_auc': 0.54, 'sensitivity': 0.5, 'specificity': 0.9813084112149533}
[OOF] {'events': 575, 'positive_events': 14, 'auroc': 0.8971224853577795, 'pr_auc': 0.2853343500829006, 'sensitivity': 0.35714285714285715, 'specificity': 0.983957219251337}
[RUN] task=acr_high scale=40x mode=aware seed=11
fold=0 epoch=1 train_loss=0.4157 val_loss=0.2565
fold=0 epoch=2 train_loss=0.1093 val_loss=0.3215
fold=0 epoch=3 train_loss=0.0155 val_loss=0.3896
fold=0 epoch=4 train_loss=0.0349 val_loss=0.4249
fold=0 epoch=5 train_loss=0.0049 val_loss=0.5106
fold=0 epoch=6 train_loss=0.0516 val_loss=0.3799
fold=0 epoch=7 train_loss=0.0043 val_loss=0.5501
fold=0 epoch=8 train_loss=0.0009 val_loss=0.5974
fold=0 epoch=9 train_loss=0.0004 val_loss=0.6296
fold=0 epoch=10 train_loss=0.0003 val_loss=0.7049
fold=0 epoch=11 train_loss=0.0536 val_loss=0.6441
[OK] {'fold': 0, 'best_val_loss': 0.2564897092044958, 'events': 114, 'positive_events': 4, 'auroc': 0.6840909090909091, 'pr_auc': 0.12575757575757573, 'sensitivity': 0.0, 'specificity': 0.9818181818181818}
fold=1 epoch=1 train_loss=0.5112 val_loss=0.3132
fold=1 epoch=2 train_loss=0.1908 val_loss=0.1910
fold=1 epoch=3 train_loss=0.0917 val_loss=0.1337
fold=1 epoch=4 train_loss=0.0531 val_loss=0.3653
fold=1 epoch=5 train_loss=0.1212 val_loss=0.1465
fold=1 epoch=6 train_loss=0.0932 val_loss=0.0789
fold=1 epoch=7 train_loss=0.0615 val_loss=0.1616
fold=1 epoch=8 train_loss=0.0987 val_loss=0.1116
fold=1 epoch=9 train_loss=0.0411 val_loss=0.0621
fold=1 epoch=10 train_loss=0.0301 val_loss=0.0678
fold=1 epoch=11 train_loss=0.0053 val_loss=0.0720
fold=1 epoch=12 train_loss=0.0666 val_loss=0.0975
fold=1 epoch=13 train_loss=0.0387 val_loss=0.0478
fold=1 epoch=14 train_loss=0.0198 val_loss=0.0429
fold=1 epoch=15 train_loss=0.0237 val_loss=0.0450
fold=1 epoch=16 train_loss=0.0347 val_loss=0.0423
fold=1 epoch=17 train_loss=0.0217 val_loss=0.0578
fold=1 epoch=18 train_loss=0.0524 val_loss=0.0546
fold=1 epoch=19 train_loss=0.0264 val_loss=0.0529
fold=1 epoch=20 train_loss=0.0273 val_loss=0.0491
fold=1 epoch=21 train_loss=0.0623 val_loss=0.1608
fold=1 epoch=22 train_loss=0.0040 val_loss=0.1663
fold=1 epoch=23 train_loss=0.0306 val_loss=0.1767
fold=1 epoch=24 train_loss=0.0044 val_loss=0.1461
fold=1 epoch=25 train_loss=0.0294 val_loss=0.1357
fold=1 epoch=26 train_loss=0.0012 val_loss=0.1531
[OK] {'fold': 1, 'best_val_loss': 0.04233451426694839, 'events': 138, 'positive_events': 2, 'auroc': 0.9742647058823529, 'pr_auc': 0.6111111111111112, 'sensitivity': 0.5, 'specificity': 0.9926470588235294}
fold=2 epoch=1 train_loss=0.5016 val_loss=0.1518
fold=2 epoch=2 train_loss=0.1556 val_loss=0.1250
fold=2 epoch=3 train_loss=0.0644 val_loss=0.2109
fold=2 epoch=4 train_loss=0.0673 val_loss=0.2534
fold=2 epoch=5 train_loss=0.0365 val_loss=0.1490
fold=2 epoch=6 train_loss=0.0912 val_loss=0.1764
fold=2 epoch=7 train_loss=0.0470 val_loss=0.2077
fold=2 epoch=8 train_loss=0.0494 val_loss=0.1940
fold=2 epoch=9 train_loss=0.0151 val_loss=0.1942
fold=2 epoch=10 train_loss=0.0171 val_loss=0.2731
fold=2 epoch=11 train_loss=0.0207 val_loss=0.2381
fold=2 epoch=12 train_loss=0.0399 val_loss=0.1998
[OK] {'fold': 2, 'best_val_loss': 0.12502489818613075, 'events': 124, 'positive_events': 4, 'auroc': 0.9604166666666667, 'pr_auc': 0.37351190476190477, 'sensitivity': 0.25, 'specificity': 0.9583333333333334}
fold=3 epoch=1 train_loss=0.5462 val_loss=0.2255
fold=3 epoch=2 train_loss=0.2012 val_loss=0.1378
fold=3 epoch=3 train_loss=0.0629 val_loss=0.1791
fold=3 epoch=4 train_loss=0.0958 val_loss=0.0902
fold=3 epoch=5 train_loss=0.0569 val_loss=0.0752
fold=3 epoch=6 train_loss=0.0460 val_loss=0.1225
fold=3 epoch=7 train_loss=0.0671 val_loss=0.2067
fold=3 epoch=8 train_loss=0.0258 val_loss=0.0992
fold=3 epoch=9 train_loss=0.0610 val_loss=0.2011
fold=3 epoch=10 train_loss=0.0288 val_loss=0.1319
fold=3 epoch=11 train_loss=0.0030 val_loss=0.1273
fold=3 epoch=12 train_loss=0.0119 val_loss=0.1277
fold=3 epoch=13 train_loss=0.0500 val_loss=0.1071
fold=3 epoch=14 train_loss=0.0145 val_loss=0.0870
fold=3 epoch=15 train_loss=0.0183 val_loss=0.1241
[OK] {'fold': 3, 'best_val_loss': 0.07522985656590808, 'events': 93, 'positive_events': 3, 'auroc': 0.9851851851851853, 'pr_auc': 0.8095238095238095, 'sensitivity': 0.6666666666666666, 'specificity': 0.9777777777777777}
fold=4 epoch=1 train_loss=0.4655 val_loss=0.0644
fold=4 epoch=2 train_loss=0.1445 val_loss=0.1200
fold=4 epoch=3 train_loss=0.0913 val_loss=0.0707
fold=4 epoch=4 train_loss=0.0293 val_loss=0.4859
fold=4 epoch=5 train_loss=0.0600 val_loss=0.0697
fold=4 epoch=6 train_loss=0.0241 val_loss=0.0858
fold=4 epoch=7 train_loss=0.0554 val_loss=0.0353
fold=4 epoch=8 train_loss=0.0474 val_loss=0.0684
fold=4 epoch=9 train_loss=0.0215 val_loss=0.0912
fold=4 epoch=10 train_loss=0.0435 val_loss=0.0586
fold=4 epoch=11 train_loss=0.0131 val_loss=0.0439
fold=4 epoch=12 train_loss=0.0515 val_loss=0.0365
fold=4 epoch=13 train_loss=0.0736 val_loss=0.0733
fold=4 epoch=14 train_loss=0.0017 val_loss=0.0736
fold=4 epoch=15 train_loss=0.0462 val_loss=0.0809
fold=4 epoch=16 train_loss=0.0302 val_loss=0.0740
fold=4 epoch=17 train_loss=0.0362 val_loss=0.0341
fold=4 epoch=18 train_loss=0.0727 val_loss=0.0488
fold=4 epoch=19 train_loss=0.0228 val_loss=0.0476
fold=4 epoch=20 train_loss=0.0193 val_loss=0.0586
fold=4 epoch=21 train_loss=0.0010 val_loss=0.0591
fold=4 epoch=22 train_loss=0.0004 val_loss=0.0647
fold=4 epoch=23 train_loss=0.0908 val_loss=0.0471
fold=4 epoch=24 train_loss=0.0190 val_loss=0.0353
fold=4 epoch=25 train_loss=0.0023 val_loss=0.0606
fold=4 epoch=26 train_loss=0.0006 val_loss=0.0554
fold=4 epoch=27 train_loss=0.0152 val_loss=0.0521
[OK] {'fold': 4, 'best_val_loss': 0.03406213274354782, 'events': 106, 'positive_events': 1, 'auroc': 0.9619047619047619, 'pr_auc': 0.2, 'sensitivity': 0.0, 'specificity': 1.0}
[OOF] {'events': 575, 'positive_events': 14, 'auroc': 0.9239877769289533, 'pr_auc': 0.29238337215163024, 'sensitivity': 0.2857142857142857, 'specificity': 0.982174688057041}
[RUN] task=acr_high scale=40x mode=aware seed=21
fold=0 epoch=1 train_loss=0.5219 val_loss=0.2236
fold=0 epoch=2 train_loss=0.1695 val_loss=0.1626
fold=0 epoch=3 train_loss=0.0885 val_loss=0.2294
fold=0 epoch=4 train_loss=0.0330 val_loss=0.1728
fold=0 epoch=5 train_loss=0.0303 val_loss=0.2002
fold=0 epoch=6 train_loss=0.1482 val_loss=0.1947
fold=0 epoch=7 train_loss=0.0325 val_loss=0.1322
fold=0 epoch=8 train_loss=0.0337 val_loss=0.2645
fold=0 epoch=9 train_loss=0.0513 val_loss=0.1248
fold=0 epoch=10 train_loss=0.0657 val_loss=0.1225
fold=0 epoch=11 train_loss=0.0040 val_loss=0.1824
fold=0 epoch=12 train_loss=0.0432 val_loss=0.0796
fold=0 epoch=13 train_loss=0.0171 val_loss=0.2003
fold=0 epoch=14 train_loss=0.0191 val_loss=0.2546
fold=0 epoch=15 train_loss=0.0381 val_loss=0.1761
fold=0 epoch=16 train_loss=0.0138 val_loss=0.1047
fold=0 epoch=17 train_loss=0.0881 val_loss=0.0956
fold=0 epoch=18 train_loss=0.0211 val_loss=0.2080
fold=0 epoch=19 train_loss=0.0595 val_loss=0.0976
fold=0 epoch=20 train_loss=0.0376 val_loss=0.0969
fold=0 epoch=21 train_loss=0.0176 val_loss=0.1270
fold=0 epoch=22 train_loss=0.0728 val_loss=0.0726
fold=0 epoch=23 train_loss=0.0433 val_loss=0.2453
fold=0 epoch=24 train_loss=0.0253 val_loss=0.0836
fold=0 epoch=25 train_loss=0.0046 val_loss=0.0618
fold=0 epoch=26 train_loss=0.0098 val_loss=0.0553
fold=0 epoch=27 train_loss=0.0129 val_loss=0.0748
fold=0 epoch=28 train_loss=0.0109 val_loss=0.1336
fold=0 epoch=29 train_loss=0.0007 val_loss=0.1874
fold=0 epoch=30 train_loss=0.0003 val_loss=0.2331
fold=0 epoch=31 train_loss=0.0003 val_loss=0.0794
fold=0 epoch=32 train_loss=0.0434 val_loss=0.4584
fold=0 epoch=33 train_loss=0.0129 val_loss=0.0959
fold=0 epoch=34 train_loss=0.0093 val_loss=0.2011
fold=0 epoch=35 train_loss=0.0102 val_loss=0.1731
fold=0 epoch=36 train_loss=0.0008 val_loss=0.1896
[OK] {'fold': 0, 'best_val_loss': 0.05533824781072411, 'events': 125, 'positive_events': 2, 'auroc': 0.9715447154471545, 'pr_auc': 0.29166666666666663, 'sensitivity': 0.0, 'specificity': 0.991869918699187}
fold=1 epoch=1 train_loss=0.4229 val_loss=0.1410
fold=1 epoch=2 train_loss=0.0929 val_loss=0.2064
fold=1 epoch=3 train_loss=0.0625 val_loss=0.2159
fold=1 epoch=4 train_loss=0.0346 val_loss=0.2439
fold=1 epoch=5 train_loss=0.0297 val_loss=0.2605
fold=1 epoch=6 train_loss=0.0028 val_loss=0.3500
fold=1 epoch=7 train_loss=0.0534 val_loss=0.2405
fold=1 epoch=8 train_loss=0.0024 val_loss=0.3143
fold=1 epoch=9 train_loss=0.0010 val_loss=0.3679
fold=1 epoch=10 train_loss=0.0340 val_loss=0.3265
fold=1 epoch=11 train_loss=0.0160 val_loss=0.3353
[OK] {'fold': 1, 'best_val_loss': 0.14104747496700534, 'events': 117, 'positive_events': 4, 'auroc': 0.7699115044247787, 'pr_auc': 0.3599009900990099, 'sensitivity': 0.25, 'specificity': 0.9823008849557522}
fold=2 epoch=1 train_loss=0.4993 val_loss=0.4068
fold=2 epoch=2 train_loss=0.1359 val_loss=0.1313
fold=2 epoch=3 train_loss=0.0929 val_loss=0.1848
fold=2 epoch=4 train_loss=0.0420 val_loss=0.2609
fold=2 epoch=5 train_loss=0.0440 val_loss=0.2266
fold=2 epoch=6 train_loss=0.0659 val_loss=0.2125
fold=2 epoch=7 train_loss=0.0466 val_loss=0.2550
fold=2 epoch=8 train_loss=0.0452 val_loss=0.2375
fold=2 epoch=9 train_loss=0.0438 val_loss=0.2482
fold=2 epoch=10 train_loss=0.0028 val_loss=0.2992
fold=2 epoch=11 train_loss=0.0006 val_loss=0.3228
fold=2 epoch=12 train_loss=0.0191 val_loss=0.3689
[OK] {'fold': 2, 'best_val_loss': 0.13125745334140707, 'events': 112, 'positive_events': 4, 'auroc': 0.9675925925925927, 'pr_auc': 0.47632575757575757, 'sensitivity': 0.5, 'specificity': 0.9814814814814815}
fold=3 epoch=1 train_loss=0.5614 val_loss=0.2513
fold=3 epoch=2 train_loss=0.1816 val_loss=0.0951
fold=3 epoch=3 train_loss=0.1038 val_loss=0.0828
fold=3 epoch=4 train_loss=0.0782 val_loss=0.0915
fold=3 epoch=5 train_loss=0.0677 val_loss=0.1072
fold=3 epoch=6 train_loss=0.0765 val_loss=0.1739
fold=3 epoch=7 train_loss=0.0335 val_loss=0.2094
fold=3 epoch=8 train_loss=0.0614 val_loss=0.1531
fold=3 epoch=9 train_loss=0.0288 val_loss=0.1688
fold=3 epoch=10 train_loss=0.0107 val_loss=0.1696
fold=3 epoch=11 train_loss=0.0635 val_loss=0.1001
fold=3 epoch=12 train_loss=0.0292 val_loss=0.1270
fold=3 epoch=13 train_loss=0.0148 val_loss=0.1420
[OK] {'fold': 3, 'best_val_loss': 0.08280244032991797, 'events': 112, 'positive_events': 2, 'auroc': 0.9772727272727273, 'pr_auc': 0.3666666666666667, 'sensitivity': 0.0, 'specificity': 0.9818181818181818}
fold=4 epoch=1 train_loss=0.5423 val_loss=0.1433
fold=4 epoch=2 train_loss=0.1644 val_loss=0.1003
fold=4 epoch=3 train_loss=0.0382 val_loss=0.1494
fold=4 epoch=4 train_loss=0.0529 val_loss=0.3161
fold=4 epoch=5 train_loss=0.1203 val_loss=0.1356
fold=4 epoch=6 train_loss=0.0454 val_loss=0.1275
fold=4 epoch=7 train_loss=0.0131 val_loss=0.1394
fold=4 epoch=8 train_loss=0.0122 val_loss=0.1542
fold=4 epoch=9 train_loss=0.1297 val_loss=0.1183
fold=4 epoch=10 train_loss=0.0167 val_loss=0.1365
fold=4 epoch=11 train_loss=0.0478 val_loss=0.1172
fold=4 epoch=12 train_loss=0.0449 val_loss=0.0810
fold=4 epoch=13 train_loss=0.0125 val_loss=0.0996
fold=4 epoch=14 train_loss=0.0018 val_loss=0.1134
fold=4 epoch=15 train_loss=0.0209 val_loss=0.1199
fold=4 epoch=16 train_loss=0.0110 val_loss=0.1427
fold=4 epoch=17 train_loss=0.0071 val_loss=0.1506
fold=4 epoch=18 train_loss=0.0988 val_loss=0.0871
fold=4 epoch=19 train_loss=0.0056 val_loss=0.1493
fold=4 epoch=20 train_loss=0.0267 val_loss=0.6945
fold=4 epoch=21 train_loss=0.0550 val_loss=0.1475
fold=4 epoch=22 train_loss=0.0075 val_loss=0.1760
[OK] {'fold': 4, 'best_val_loss': 0.08099827301223976, 'events': 109, 'positive_events': 2, 'auroc': 0.8364485981308412, 'pr_auc': 0.527027027027027, 'sensitivity': 0.5, 'specificity': 1.0}
[OOF] {'events': 575, 'positive_events': 14, 'auroc': 0.899414311179017, 'pr_auc': 0.3059477021461343, 'sensitivity': 0.2857142857142857, 'specificity': 0.9875222816399287}
[RUN] task=acr_high scale=40x mode=aware seed=31
fold=0 epoch=1 train_loss=0.4549 val_loss=0.1833
fold=0 epoch=2 train_loss=0.1319 val_loss=0.2197
fold=0 epoch=3 train_loss=0.0617 val_loss=0.2620
fold=0 epoch=4 train_loss=0.0551 val_loss=0.2199
fold=0 epoch=5 train_loss=0.0478 val_loss=0.2114
fold=0 epoch=6 train_loss=0.0363 val_loss=0.2184
fold=0 epoch=7 train_loss=0.0492 val_loss=0.2088
fold=0 epoch=8 train_loss=0.0099 val_loss=0.2427
fold=0 epoch=9 train_loss=0.0265 val_loss=0.2639
fold=0 epoch=10 train_loss=0.0717 val_loss=0.2447
fold=0 epoch=11 train_loss=0.0019 val_loss=0.2693
[OK] {'fold': 0, 'best_val_loss': 0.1832567263723636, 'events': 121, 'positive_events': 4, 'auroc': 0.7307692307692308, 'pr_auc': 0.35462885738115096, 'sensitivity': 0.25, 'specificity': 0.9658119658119658}
fold=1 epoch=1 train_loss=0.5626 val_loss=0.2348
fold=1 epoch=2 train_loss=0.2180 val_loss=0.4245
fold=1 epoch=3 train_loss=0.1087 val_loss=0.0595
fold=1 epoch=4 train_loss=0.0557 val_loss=0.1142
fold=1 epoch=5 train_loss=0.0626 val_loss=0.1019
fold=1 epoch=6 train_loss=0.0176 val_loss=0.1214
fold=1 epoch=7 train_loss=0.0543 val_loss=0.1283
fold=1 epoch=8 train_loss=0.0509 val_loss=0.0900
fold=1 epoch=9 train_loss=0.0022 val_loss=0.1127
fold=1 epoch=10 train_loss=0.0368 val_loss=0.1206
fold=1 epoch=11 train_loss=0.0744 val_loss=0.0895
fold=1 epoch=12 train_loss=0.0259 val_loss=0.2006
fold=1 epoch=13 train_loss=0.0539 val_loss=0.1671
[OK] {'fold': 1, 'best_val_loss': 0.05949036646361315, 'events': 103, 'positive_events': 2, 'auroc': 0.9653465346534653, 'pr_auc': 0.30952380952380953, 'sensitivity': 0.5, 'specificity': 0.9801980198019802}
fold=2 epoch=1 train_loss=0.5571 val_loss=0.3121
fold=2 epoch=2 train_loss=0.1745 val_loss=0.1722
fold=2 epoch=3 train_loss=0.0373 val_loss=0.1590
fold=2 epoch=4 train_loss=0.0751 val_loss=0.1471
fold=2 epoch=5 train_loss=0.0246 val_loss=0.1356
fold=2 epoch=6 train_loss=0.0178 val_loss=0.1751
fold=2 epoch=7 train_loss=0.1431 val_loss=0.0841
fold=2 epoch=8 train_loss=0.0535 val_loss=0.1705
fold=2 epoch=9 train_loss=0.0337 val_loss=0.1281
fold=2 epoch=10 train_loss=0.0285 val_loss=0.1760
fold=2 epoch=11 train_loss=0.0175 val_loss=0.1376
fold=2 epoch=12 train_loss=0.0161 val_loss=0.2080
fold=2 epoch=13 train_loss=0.0467 val_loss=0.2017
fold=2 epoch=14 train_loss=0.0168 val_loss=0.2278
fold=2 epoch=15 train_loss=0.0171 val_loss=0.2646
fold=2 epoch=16 train_loss=0.0180 val_loss=0.2046
fold=2 epoch=17 train_loss=0.0368 val_loss=0.3494
[OK] {'fold': 2, 'best_val_loss': 0.08406753727533334, 'events': 122, 'positive_events': 3, 'auroc': 0.8739495798319327, 'pr_auc': 0.4888888888888889, 'sensitivity': 0.3333333333333333, 'specificity': 0.9831932773109243}
fold=3 epoch=1 train_loss=0.5243 val_loss=0.4549
fold=3 epoch=2 train_loss=0.2028 val_loss=0.2883
fold=3 epoch=3 train_loss=0.1137 val_loss=0.1417
fold=3 epoch=4 train_loss=0.0703 val_loss=0.1312
fold=3 epoch=5 train_loss=0.0756 val_loss=0.2813
fold=3 epoch=6 train_loss=0.0307 val_loss=0.3010
fold=3 epoch=7 train_loss=0.0061 val_loss=0.3470
fold=3 epoch=8 train_loss=0.0178 val_loss=0.4005
fold=3 epoch=9 train_loss=0.0014 val_loss=0.4401
fold=3 epoch=10 train_loss=0.0900 val_loss=0.2973
fold=3 epoch=11 train_loss=0.0155 val_loss=0.4861
fold=3 epoch=12 train_loss=0.0077 val_loss=0.3902
fold=3 epoch=13 train_loss=0.0007 val_loss=0.4162
fold=3 epoch=14 train_loss=0.0002 val_loss=0.4545
[OK] {'fold': 3, 'best_val_loss': 0.1311824137670269, 'events': 104, 'positive_events': 3, 'auroc': 0.9603960396039604, 'pr_auc': 0.3194444444444444, 'sensitivity': 0.3333333333333333, 'specificity': 0.9702970297029703}
fold=4 epoch=1 train_loss=0.5744 val_loss=0.7492
fold=4 epoch=2 train_loss=0.2223 val_loss=0.1927
fold=4 epoch=3 train_loss=0.1096 val_loss=0.1960
fold=4 epoch=4 train_loss=0.0874 val_loss=0.1241
fold=4 epoch=5 train_loss=0.0765 val_loss=0.0634
fold=4 epoch=6 train_loss=0.0342 val_loss=0.5121
fold=4 epoch=7 train_loss=0.0396 val_loss=0.0914
fold=4 epoch=8 train_loss=0.0340 val_loss=0.1097
fold=4 epoch=9 train_loss=0.0791 val_loss=0.0795
fold=4 epoch=10 train_loss=0.0648 val_loss=0.0716
fold=4 epoch=11 train_loss=0.0219 val_loss=0.0351
fold=4 epoch=12 train_loss=0.0063 val_loss=0.0710
fold=4 epoch=13 train_loss=0.0346 val_loss=0.0561
fold=4 epoch=14 train_loss=0.0202 val_loss=0.0549
fold=4 epoch=15 train_loss=0.0193 val_loss=0.0534
fold=4 epoch=16 train_loss=0.0489 val_loss=0.0405
fold=4 epoch=17 train_loss=0.0014 val_loss=0.0543
fold=4 epoch=18 train_loss=0.0158 val_loss=0.0827
fold=4 epoch=19 train_loss=0.0314 val_loss=0.0876
fold=4 epoch=20 train_loss=0.0013 val_loss=0.0956
fold=4 epoch=21 train_loss=0.0154 val_loss=0.1123
[OK] {'fold': 4, 'best_val_loss': 0.03512619888381698, 'events': 125, 'positive_events': 2, 'auroc': 0.991869918699187, 'pr_auc': 0.5833333333333333, 'sensitivity': 0.5, 'specificity': 0.991869918699187}
[OOF] {'events': 575, 'positive_events': 14, 'auroc': 0.9201680672268907, 'pr_auc': 0.36330831792436336, 'sensitivity': 0.35714285714285715, 'specificity': 0.9786096256684492}
[RUN] task=acr_high scale=40x mode=aware seed=41
fold=0 epoch=1 train_loss=0.5443 val_loss=0.1822
fold=0 epoch=2 train_loss=0.1794 val_loss=0.2624
fold=0 epoch=3 train_loss=0.1185 val_loss=0.2998
fold=0 epoch=4 train_loss=0.0534 val_loss=0.2834
fold=0 epoch=5 train_loss=0.0494 val_loss=0.3151
fold=0 epoch=6 train_loss=0.0346 val_loss=0.1834
fold=0 epoch=7 train_loss=0.1557 val_loss=0.1532
fold=0 epoch=8 train_loss=0.0517 val_loss=0.1621
fold=0 epoch=9 train_loss=0.0393 val_loss=0.1986
fold=0 epoch=10 train_loss=0.0932 val_loss=0.3311
fold=0 epoch=11 train_loss=0.0673 val_loss=0.1125
fold=0 epoch=12 train_loss=0.0360 val_loss=0.0519
fold=0 epoch=13 train_loss=0.0450 val_loss=0.0457
fold=0 epoch=14 train_loss=0.0416 val_loss=0.2638
fold=0 epoch=15 train_loss=0.0491 val_loss=0.0302
fold=0 epoch=16 train_loss=0.0162 val_loss=0.0440
fold=0 epoch=17 train_loss=0.0011 val_loss=0.0421
fold=0 epoch=18 train_loss=0.0004 val_loss=0.0371
fold=0 epoch=19 train_loss=0.0324 val_loss=0.0926
fold=0 epoch=20 train_loss=0.0687 val_loss=0.1389
fold=0 epoch=21 train_loss=0.0281 val_loss=0.0974
fold=0 epoch=22 train_loss=0.0228 val_loss=0.0253
fold=0 epoch=23 train_loss=0.0318 val_loss=0.0680
fold=0 epoch=24 train_loss=0.0512 val_loss=0.0180
fold=0 epoch=25 train_loss=0.0046 val_loss=0.0303
fold=0 epoch=26 train_loss=0.0504 val_loss=0.0992
fold=0 epoch=27 train_loss=0.0310 val_loss=0.0922
fold=0 epoch=28 train_loss=0.0279 val_loss=0.2132
fold=0 epoch=29 train_loss=0.0053 val_loss=0.1125
fold=0 epoch=30 train_loss=0.0005 val_loss=0.1122
fold=0 epoch=31 train_loss=0.0006 val_loss=0.0402
fold=0 epoch=32 train_loss=0.0001 val_loss=0.0830
fold=0 epoch=33 train_loss=0.0000 val_loss=0.1009
fold=0 epoch=34 train_loss=0.0856 val_loss=0.1879
[OK] {'fold': 0, 'best_val_loss': 0.01797593920610608, 'events': 114, 'positive_events': 0, 'auroc': nan, 'pr_auc': nan, 'sensitivity': nan, 'specificity': 0.9912280701754386}
fold=1 epoch=1 train_loss=0.5208 val_loss=0.2471
fold=1 epoch=2 train_loss=0.2188 val_loss=0.0808
fold=1 epoch=3 train_loss=0.0398 val_loss=0.1718
fold=1 epoch=4 train_loss=0.0837 val_loss=0.0776
fold=1 epoch=5 train_loss=0.0431 val_loss=0.1296
fold=1 epoch=6 train_loss=0.0710 val_loss=0.1898
fold=1 epoch=7 train_loss=0.0432 val_loss=0.0428
fold=1 epoch=8 train_loss=0.0525 val_loss=0.2037
fold=1 epoch=9 train_loss=0.0494 val_loss=0.0713
fold=1 epoch=10 train_loss=0.0113 val_loss=0.0797
fold=1 epoch=11 train_loss=0.0148 val_loss=0.2065
fold=1 epoch=12 train_loss=0.0029 val_loss=0.2174
fold=1 epoch=13 train_loss=0.1306 val_loss=0.2475
fold=1 epoch=14 train_loss=0.0478 val_loss=0.1035
fold=1 epoch=15 train_loss=0.0179 val_loss=0.1259
fold=1 epoch=16 train_loss=0.0207 val_loss=0.1545
fold=1 epoch=17 train_loss=0.0250 val_loss=0.1150
[OK] {'fold': 1, 'best_val_loss': 0.04282719530506172, 'events': 110, 'positive_events': 2, 'auroc': 0.9953703703703703, 'pr_auc': 0.8333333333333333, 'sensitivity': 0.5, 'specificity': 1.0}
fold=2 epoch=1 train_loss=0.4617 val_loss=0.2441
fold=2 epoch=2 train_loss=0.1201 val_loss=0.1539
fold=2 epoch=3 train_loss=0.0469 val_loss=0.1628
fold=2 epoch=4 train_loss=0.0218 val_loss=0.1781
fold=2 epoch=5 train_loss=0.0137 val_loss=0.3028
fold=2 epoch=6 train_loss=0.0644 val_loss=0.1847
fold=2 epoch=7 train_loss=0.0147 val_loss=0.2299
fold=2 epoch=8 train_loss=0.0202 val_loss=0.2401
fold=2 epoch=9 train_loss=0.0427 val_loss=0.2419
fold=2 epoch=10 train_loss=0.0426 val_loss=0.2577
fold=2 epoch=11 train_loss=0.0441 val_loss=0.2225
fold=2 epoch=12 train_loss=0.0147 val_loss=0.2472
[OK] {'fold': 2, 'best_val_loss': 0.15390777236731787, 'events': 124, 'positive_events': 3, 'auroc': 0.7823691460055097, 'pr_auc': 0.16468253968253968, 'sensitivity': 0.6666666666666666, 'specificity': 0.9586776859504132}
fold=3 epoch=1 train_loss=0.5287 val_loss=0.5526
fold=3 epoch=2 train_loss=0.1311 val_loss=0.1563
fold=3 epoch=3 train_loss=0.0836 val_loss=0.1297
fold=3 epoch=4 train_loss=0.0657 val_loss=0.1864
fold=3 epoch=5 train_loss=0.0584 val_loss=0.1852
fold=3 epoch=6 train_loss=0.0734 val_loss=0.1800
fold=3 epoch=7 train_loss=0.0276 val_loss=0.2410
fold=3 epoch=8 train_loss=0.0249 val_loss=0.3146
fold=3 epoch=9 train_loss=0.0163 val_loss=0.2757
fold=3 epoch=10 train_loss=0.0020 val_loss=0.3392
fold=3 epoch=11 train_loss=0.0460 val_loss=0.3560
fold=3 epoch=12 train_loss=0.0021 val_loss=0.4276
fold=3 epoch=13 train_loss=0.0256 val_loss=0.3412
[OK] {'fold': 3, 'best_val_loss': 0.12966220089661856, 'events': 107, 'positive_events': 4, 'auroc': 0.941747572815534, 'pr_auc': 0.4624542124542125, 'sensitivity': 0.25, 'specificity': 0.9902912621359223}
fold=4 epoch=1 train_loss=0.4152 val_loss=0.2442
fold=4 epoch=2 train_loss=0.1010 val_loss=0.4310
fold=4 epoch=3 train_loss=0.0820 val_loss=0.2714
fold=4 epoch=4 train_loss=0.0034 val_loss=0.3643
fold=4 epoch=5 train_loss=0.0158 val_loss=0.3833
fold=4 epoch=6 train_loss=0.0271 val_loss=0.3763
fold=4 epoch=7 train_loss=0.0454 val_loss=0.2680
fold=4 epoch=8 train_loss=0.0177 val_loss=0.3579
fold=4 epoch=9 train_loss=0.0819 val_loss=0.3164
fold=4 epoch=10 train_loss=0.0038 val_loss=0.3600
fold=4 epoch=11 train_loss=0.0122 val_loss=0.4305
[OK] {'fold': 4, 'best_val_loss': 0.24423621996150663, 'events': 120, 'positive_events': 5, 'auroc': 0.6991304347826087, 'pr_auc': 0.18557953827687246, 'sensitivity': 0.2, 'specificity': 0.991304347826087}
[OOF] {'events': 575, 'positive_events': 14, 'auroc': 0.8593073593073594, 'pr_auc': 0.2110805680497837, 'sensitivity': 0.35714285714285715, 'specificity': 0.9857397504456328}
[RUN] task=acr_high scale=40x mode=aware_zero_mask seed=1
fold=0 epoch=1 train_loss=0.5814 val_loss=0.3472
fold=0 epoch=2 train_loss=0.1418 val_loss=0.5059
fold=0 epoch=3 train_loss=0.0603 val_loss=0.6102
fold=0 epoch=4 train_loss=0.0656 val_loss=0.3818
fold=0 epoch=5 train_loss=0.0579 val_loss=0.3668
fold=0 epoch=6 train_loss=0.0429 val_loss=0.3085
fold=0 epoch=7 train_loss=0.0157 val_loss=0.3421
fold=0 epoch=8 train_loss=0.0289 val_loss=0.3376
fold=0 epoch=9 train_loss=0.0182 val_loss=0.4954
fold=0 epoch=10 train_loss=0.0363 val_loss=0.3639
fold=0 epoch=11 train_loss=0.0461 val_loss=0.2966
fold=0 epoch=12 train_loss=0.0154 val_loss=0.3639
fold=0 epoch=13 train_loss=0.0007 val_loss=0.4464
fold=0 epoch=14 train_loss=0.0553 val_loss=0.4126
fold=0 epoch=15 train_loss=0.0239 val_loss=0.3533
fold=0 epoch=16 train_loss=0.0070 val_loss=0.4205
fold=0 epoch=17 train_loss=0.0075 val_loss=0.4586
fold=0 epoch=18 train_loss=0.0003 val_loss=0.4717
fold=0 epoch=19 train_loss=0.0002 val_loss=0.5186
fold=0 epoch=20 train_loss=0.0001 val_loss=0.5211
fold=0 epoch=21 train_loss=0.0001 val_loss=0.5134
[OK] {'fold': 0, 'best_val_loss': 0.29656346772428255, 'events': 105, 'positive_events': 2, 'auroc': 0.9757281553398058, 'pr_auc': 0.3666666666666667, 'sensitivity': 1.0, 'specificity': 0.970873786407767}
fold=1 epoch=1 train_loss=0.4963 val_loss=0.1278
fold=1 epoch=2 train_loss=0.0926 val_loss=0.1020
fold=1 epoch=3 train_loss=0.1105 val_loss=0.1133
fold=1 epoch=4 train_loss=0.0645 val_loss=0.0900
fold=1 epoch=5 train_loss=0.0516 val_loss=0.1671
fold=1 epoch=6 train_loss=0.0050 val_loss=0.0963
fold=1 epoch=7 train_loss=0.0822 val_loss=0.1075
fold=1 epoch=8 train_loss=0.0436 val_loss=0.1312
fold=1 epoch=9 train_loss=0.0288 val_loss=0.1165
fold=1 epoch=10 train_loss=0.0040 val_loss=0.1790
fold=1 epoch=11 train_loss=0.1140 val_loss=0.1043
fold=1 epoch=12 train_loss=0.0230 val_loss=0.1351
fold=1 epoch=13 train_loss=0.0358 val_loss=0.1145
fold=1 epoch=14 train_loss=0.0324 val_loss=0.1814
[OK] {'fold': 1, 'best_val_loss': 0.09001039026464412, 'events': 109, 'positive_events': 2, 'auroc': 0.9392523364485981, 'pr_auc': 0.20833333333333331, 'sensitivity': 0.0, 'specificity': 0.9813084112149533}
fold=2 epoch=1 train_loss=0.4911 val_loss=0.2331
fold=2 epoch=2 train_loss=0.1050 val_loss=0.1708
fold=2 epoch=3 train_loss=0.0858 val_loss=0.2819
fold=2 epoch=4 train_loss=0.0688 val_loss=0.1471
fold=2 epoch=5 train_loss=0.0354 val_loss=0.1711
fold=2 epoch=6 train_loss=0.0027 val_loss=0.1778
fold=2 epoch=7 train_loss=0.0008 val_loss=0.2078
fold=2 epoch=8 train_loss=0.0064 val_loss=0.3096
fold=2 epoch=9 train_loss=0.1162 val_loss=0.1455
fold=2 epoch=10 train_loss=0.0673 val_loss=0.1496
fold=2 epoch=11 train_loss=0.0198 val_loss=0.1601
fold=2 epoch=12 train_loss=0.0086 val_loss=0.2283
fold=2 epoch=13 train_loss=0.0030 val_loss=0.1371
fold=2 epoch=14 train_loss=0.0117 val_loss=0.1660
fold=2 epoch=15 train_loss=0.0019 val_loss=0.2320
fold=2 epoch=16 train_loss=0.0004 val_loss=0.1881
fold=2 epoch=17 train_loss=0.0002 val_loss=0.1991
fold=2 epoch=18 train_loss=0.0001 val_loss=0.2066
fold=2 epoch=19 train_loss=0.0993 val_loss=0.1665
fold=2 epoch=20 train_loss=0.0005 val_loss=0.1825
fold=2 epoch=21 train_loss=0.0449 val_loss=0.2940
fold=2 epoch=22 train_loss=0.0010 val_loss=0.1785
fold=2 epoch=23 train_loss=0.0003 val_loss=0.1926
[OK] {'fold': 2, 'best_val_loss': 0.13708639409904827, 'events': 124, 'positive_events': 3, 'auroc': 0.9696969696969697, 'pr_auc': 0.33730158730158727, 'sensitivity': 0.0, 'specificity': 0.9834710743801653}
fold=3 epoch=1 train_loss=0.4552 val_loss=0.2423
fold=3 epoch=2 train_loss=0.1458 val_loss=0.1469
fold=3 epoch=3 train_loss=0.0365 val_loss=0.1651
fold=3 epoch=4 train_loss=0.0939 val_loss=0.1876
fold=3 epoch=5 train_loss=0.0298 val_loss=0.1855
fold=3 epoch=6 train_loss=0.0033 val_loss=0.1972
fold=3 epoch=7 train_loss=0.0151 val_loss=0.3311
fold=3 epoch=8 train_loss=0.0012 val_loss=0.3860
fold=3 epoch=9 train_loss=0.0280 val_loss=0.2984
fold=3 epoch=10 train_loss=0.0008 val_loss=0.3227
fold=3 epoch=11 train_loss=0.0005 val_loss=0.3468
fold=3 epoch=12 train_loss=0.0386 val_loss=0.3046
[OK] {'fold': 3, 'best_val_loss': 0.1469075127854822, 'events': 128, 'positive_events': 5, 'auroc': 0.7934959349593497, 'pr_auc': 0.5475946275946276, 'sensitivity': 0.2, 'specificity': 1.0}
fold=4 epoch=1 train_loss=0.5194 val_loss=0.2122
fold=4 epoch=2 train_loss=0.1507 val_loss=0.2087
fold=4 epoch=3 train_loss=0.0632 val_loss=0.1536
fold=4 epoch=4 train_loss=0.0441 val_loss=0.3171
fold=4 epoch=5 train_loss=0.0392 val_loss=0.1446
fold=4 epoch=6 train_loss=0.0671 val_loss=0.1863
fold=4 epoch=7 train_loss=0.0549 val_loss=0.1917
fold=4 epoch=8 train_loss=0.0380 val_loss=0.1582
fold=4 epoch=9 train_loss=0.0302 val_loss=0.1767
fold=4 epoch=10 train_loss=0.0427 val_loss=0.1720
fold=4 epoch=11 train_loss=0.0164 val_loss=0.1944
fold=4 epoch=12 train_loss=0.0151 val_loss=0.2029
fold=4 epoch=13 train_loss=0.0147 val_loss=0.2400
fold=4 epoch=14 train_loss=0.0161 val_loss=0.2422
fold=4 epoch=15 train_loss=0.0134 val_loss=0.2611
[OK] {'fold': 4, 'best_val_loss': 0.144573716356451, 'events': 109, 'positive_events': 2, 'auroc': 0.8037383177570093, 'pr_auc': 0.5227272727272727, 'sensitivity': 0.5, 'specificity': 0.9906542056074766}
[OOF] {'events': 575, 'positive_events': 14, 'auroc': 0.875859434682964, 'pr_auc': 0.25018134169181205, 'sensitivity': 0.2857142857142857, 'specificity': 0.9857397504456328}
[RUN] task=acr_high scale=40x mode=aware_zero_mask seed=11
fold=0 epoch=1 train_loss=0.4125 val_loss=0.2443
fold=0 epoch=2 train_loss=0.1044 val_loss=0.3234
fold=0 epoch=3 train_loss=0.0160 val_loss=0.4057
fold=0 epoch=4 train_loss=0.0266 val_loss=0.4293
fold=0 epoch=5 train_loss=0.0203 val_loss=0.4755
fold=0 epoch=6 train_loss=0.0241 val_loss=0.4453
fold=0 epoch=7 train_loss=0.0024 val_loss=0.5742
fold=0 epoch=8 train_loss=0.0010 val_loss=0.6364
fold=0 epoch=9 train_loss=0.0482 val_loss=0.5956
fold=0 epoch=10 train_loss=0.0014 val_loss=0.7018
fold=0 epoch=11 train_loss=0.0006 val_loss=0.7465
[OK] {'fold': 0, 'best_val_loss': 0.24431541857203437, 'events': 114, 'positive_events': 4, 'auroc': 0.7204545454545455, 'pr_auc': 0.18972986748216103, 'sensitivity': 0.0, 'specificity': 0.9818181818181818}
fold=1 epoch=1 train_loss=0.5223 val_loss=0.3974
fold=1 epoch=2 train_loss=0.2086 val_loss=0.1346
fold=1 epoch=3 train_loss=0.0979 val_loss=0.1113
fold=1 epoch=4 train_loss=0.0585 val_loss=0.3899
fold=1 epoch=5 train_loss=0.1208 val_loss=0.1223
fold=1 epoch=6 train_loss=0.0763 val_loss=0.1196
fold=1 epoch=7 train_loss=0.0418 val_loss=0.1298
fold=1 epoch=8 train_loss=0.0984 val_loss=0.1716
fold=1 epoch=9 train_loss=0.0413 val_loss=0.0474
fold=1 epoch=10 train_loss=0.0386 val_loss=0.0585
fold=1 epoch=11 train_loss=0.0020 val_loss=0.0610
fold=1 epoch=12 train_loss=0.0169 val_loss=0.0612
fold=1 epoch=13 train_loss=0.0372 val_loss=0.0920
fold=1 epoch=14 train_loss=0.0576 val_loss=0.0690
fold=1 epoch=15 train_loss=0.0162 val_loss=0.0650
fold=1 epoch=16 train_loss=0.0232 val_loss=0.1005
fold=1 epoch=17 train_loss=0.0210 val_loss=0.0649
fold=1 epoch=18 train_loss=0.0381 val_loss=0.0782
fold=1 epoch=19 train_loss=0.0182 val_loss=0.0861
[OK] {'fold': 1, 'best_val_loss': 0.047438879567925876, 'events': 138, 'positive_events': 2, 'auroc': 0.9779411764705883, 'pr_auc': 0.625, 'sensitivity': 0.5, 'specificity': 0.9926470588235294}
fold=2 epoch=1 train_loss=0.4985 val_loss=0.1402
fold=2 epoch=2 train_loss=0.1614 val_loss=0.2280
fold=2 epoch=3 train_loss=0.0642 val_loss=0.1519
fold=2 epoch=4 train_loss=0.0728 val_loss=0.1875
fold=2 epoch=5 train_loss=0.0394 val_loss=0.1872
fold=2 epoch=6 train_loss=0.0944 val_loss=0.1564
fold=2 epoch=7 train_loss=0.0347 val_loss=0.2142
fold=2 epoch=8 train_loss=0.0323 val_loss=0.2040
fold=2 epoch=9 train_loss=0.0036 val_loss=0.2512
fold=2 epoch=10 train_loss=0.0008 val_loss=0.3239
fold=2 epoch=11 train_loss=0.0036 val_loss=0.3264
[OK] {'fold': 2, 'best_val_loss': 0.14016194684025382, 'events': 124, 'positive_events': 4, 'auroc': 0.9562499999999999, 'pr_auc': 0.4255952380952381, 'sensitivity': 0.5, 'specificity': 0.9416666666666667}
fold=3 epoch=1 train_loss=0.5320 val_loss=0.1907
fold=3 epoch=2 train_loss=0.1886 val_loss=0.1472
fold=3 epoch=3 train_loss=0.0538 val_loss=0.2063
fold=3 epoch=4 train_loss=0.0928 val_loss=0.1200
fold=3 epoch=5 train_loss=0.0206 val_loss=0.1023
fold=3 epoch=6 train_loss=0.0702 val_loss=0.0843
fold=3 epoch=7 train_loss=0.0779 val_loss=0.1799
fold=3 epoch=8 train_loss=0.0415 val_loss=0.1077
fold=3 epoch=9 train_loss=0.0493 val_loss=0.1393
fold=3 epoch=10 train_loss=0.2161 val_loss=0.1362
fold=3 epoch=11 train_loss=0.0128 val_loss=0.1727
fold=3 epoch=12 train_loss=0.0371 val_loss=0.1840
fold=3 epoch=13 train_loss=0.0351 val_loss=0.1759
fold=3 epoch=14 train_loss=0.0193 val_loss=0.1447
fold=3 epoch=15 train_loss=0.0597 val_loss=0.2430
fold=3 epoch=16 train_loss=0.0655 val_loss=0.1240
[OK] {'fold': 3, 'best_val_loss': 0.08433025199742719, 'events': 93, 'positive_events': 3, 'auroc': 0.9814814814814814, 'pr_auc': 0.7916666666666666, 'sensitivity': 0.6666666666666666, 'specificity': 0.9666666666666667}
fold=4 epoch=1 train_loss=0.4715 val_loss=0.0991
fold=4 epoch=2 train_loss=0.1461 val_loss=0.1470
fold=4 epoch=3 train_loss=0.0953 val_loss=0.1146
fold=4 epoch=4 train_loss=0.0571 val_loss=0.0903
fold=4 epoch=5 train_loss=0.0531 val_loss=0.0837
fold=4 epoch=6 train_loss=0.0373 val_loss=0.1185
fold=4 epoch=7 train_loss=0.0576 val_loss=0.0755
fold=4 epoch=8 train_loss=0.0462 val_loss=0.1564
fold=4 epoch=9 train_loss=0.0212 val_loss=0.0827
fold=4 epoch=10 train_loss=0.0211 val_loss=0.0816
fold=4 epoch=11 train_loss=0.0206 val_loss=0.0876
fold=4 epoch=12 train_loss=0.1074 val_loss=0.0487
fold=4 epoch=13 train_loss=0.0225 val_loss=0.0476
fold=4 epoch=14 train_loss=0.0031 val_loss=0.0517
fold=4 epoch=15 train_loss=0.0438 val_loss=0.0982
fold=4 epoch=16 train_loss=0.0574 val_loss=0.0751
fold=4 epoch=17 train_loss=0.0269 val_loss=0.0962
fold=4 epoch=18 train_loss=0.0388 val_loss=0.1296
fold=4 epoch=19 train_loss=0.0420 val_loss=0.0705
fold=4 epoch=20 train_loss=0.0193 val_loss=0.1026
fold=4 epoch=21 train_loss=0.0011 val_loss=0.1348
fold=4 epoch=22 train_loss=0.0007 val_loss=0.0818
fold=4 epoch=23 train_loss=0.0424 val_loss=0.0386
fold=4 epoch=24 train_loss=0.0224 val_loss=0.0860
fold=4 epoch=25 train_loss=0.0099 val_loss=0.1010
fold=4 epoch=26 train_loss=0.0597 val_loss=0.0473
fold=4 epoch=27 train_loss=0.0632 val_loss=0.0383
fold=4 epoch=28 train_loss=0.0027 val_loss=0.0539
fold=4 epoch=29 train_loss=0.0003 val_loss=0.0572
fold=4 epoch=30 train_loss=0.0019 val_loss=0.0944
fold=4 epoch=31 train_loss=0.0004 val_loss=0.0886
fold=4 epoch=32 train_loss=0.0210 val_loss=0.0996
fold=4 epoch=33 train_loss=0.0006 val_loss=0.0907
fold=4 epoch=34 train_loss=0.0330 val_loss=0.0818
fold=4 epoch=35 train_loss=0.0543 val_loss=0.0913
fold=4 epoch=36 train_loss=0.0015 val_loss=0.1236
fold=4 epoch=37 train_loss=0.0009 val_loss=0.0729
[OK] {'fold': 4, 'best_val_loss': 0.03832239537716898, 'events': 106, 'positive_events': 1, 'auroc': 0.9619047619047619, 'pr_auc': 0.2, 'sensitivity': 0.0, 'specificity': 1.0}
[OOF] {'events': 575, 'positive_events': 14, 'auroc': 0.8964858670741023, 'pr_auc': 0.276744064025266, 'sensitivity': 0.35714285714285715, 'specificity': 0.9768270944741533}
[RUN] task=acr_high scale=40x mode=aware_zero_mask seed=21
fold=0 epoch=1 train_loss=0.5127 val_loss=0.2077
fold=0 epoch=2 train_loss=0.1240 val_loss=0.1085
fold=0 epoch=3 train_loss=0.0578 val_loss=0.1930
fold=0 epoch=4 train_loss=0.0495 val_loss=0.1145
fold=0 epoch=5 train_loss=0.0524 val_loss=0.1405
fold=0 epoch=6 train_loss=0.0667 val_loss=0.0900
fold=0 epoch=7 train_loss=0.0352 val_loss=0.1356
fold=0 epoch=8 train_loss=0.0277 val_loss=0.1394
fold=0 epoch=9 train_loss=0.0339 val_loss=0.1507
fold=0 epoch=10 train_loss=0.0384 val_loss=0.1468
fold=0 epoch=11 train_loss=0.0039 val_loss=0.1404
fold=0 epoch=12 train_loss=0.0411 val_loss=0.1267
fold=0 epoch=13 train_loss=0.0128 val_loss=0.1758
fold=0 epoch=14 train_loss=0.0242 val_loss=0.1603
fold=0 epoch=15 train_loss=0.0384 val_loss=0.1637
fold=0 epoch=16 train_loss=0.0170 val_loss=0.1060
[OK] {'fold': 0, 'best_val_loss': 0.08998550184525902, 'events': 125, 'positive_events': 2, 'auroc': 0.951219512195122, 'pr_auc': 0.5714285714285714, 'sensitivity': 0.5, 'specificity': 0.967479674796748}
fold=1 epoch=1 train_loss=0.4228 val_loss=0.1397
fold=1 epoch=2 train_loss=0.0852 val_loss=0.2079
fold=1 epoch=3 train_loss=0.0657 val_loss=0.2391
fold=1 epoch=4 train_loss=0.0101 val_loss=0.3081
fold=1 epoch=5 train_loss=0.0673 val_loss=0.2461
fold=1 epoch=6 train_loss=0.0033 val_loss=0.3181
fold=1 epoch=7 train_loss=0.0302 val_loss=0.3216
fold=1 epoch=8 train_loss=0.0096 val_loss=0.3325
fold=1 epoch=9 train_loss=0.0296 val_loss=0.2985
fold=1 epoch=10 train_loss=0.0436 val_loss=0.3382
fold=1 epoch=11 train_loss=0.0164 val_loss=0.2934
[OK] {'fold': 1, 'best_val_loss': 0.13967284564979565, 'events': 117, 'positive_events': 4, 'auroc': 0.736725663716814, 'pr_auc': 0.24625055629728526, 'sensitivity': 0.0, 'specificity': 0.9911504424778761}
fold=2 epoch=1 train_loss=0.4744 val_loss=0.4066
fold=2 epoch=2 train_loss=0.1352 val_loss=0.1371
fold=2 epoch=3 train_loss=0.1121 val_loss=0.1693
fold=2 epoch=4 train_loss=0.0433 val_loss=0.2592
fold=2 epoch=5 train_loss=0.0299 val_loss=0.2793
fold=2 epoch=6 train_loss=0.0725 val_loss=0.2148
fold=2 epoch=7 train_loss=0.0627 val_loss=0.2231
fold=2 epoch=8 train_loss=0.0506 val_loss=0.2220
fold=2 epoch=9 train_loss=0.0328 val_loss=0.2618
fold=2 epoch=10 train_loss=0.0018 val_loss=0.3354
fold=2 epoch=11 train_loss=0.0002 val_loss=0.3869
fold=2 epoch=12 train_loss=0.0208 val_loss=0.3635
[OK] {'fold': 2, 'best_val_loss': 0.13713378312162863, 'events': 112, 'positive_events': 4, 'auroc': 0.9560185185185185, 'pr_auc': 0.44791666666666663, 'sensitivity': 0.5, 'specificity': 0.9907407407407407}
fold=3 epoch=1 train_loss=0.5650 val_loss=0.2586
fold=3 epoch=2 train_loss=0.1882 val_loss=0.1306
fold=3 epoch=3 train_loss=0.0951 val_loss=0.0957
fold=3 epoch=4 train_loss=0.0779 val_loss=0.1050
fold=3 epoch=5 train_loss=0.0674 val_loss=0.1358
fold=3 epoch=6 train_loss=0.0569 val_loss=0.1770
fold=3 epoch=7 train_loss=0.0269 val_loss=0.1904
fold=3 epoch=8 train_loss=0.0991 val_loss=0.1678
fold=3 epoch=9 train_loss=0.0317 val_loss=0.1881
fold=3 epoch=10 train_loss=0.0059 val_loss=0.2343
fold=3 epoch=11 train_loss=0.0630 val_loss=0.1151
fold=3 epoch=12 train_loss=0.0349 val_loss=0.1571
fold=3 epoch=13 train_loss=0.0168 val_loss=0.1655
[OK] {'fold': 3, 'best_val_loss': 0.09571894871518793, 'events': 112, 'positive_events': 2, 'auroc': 0.9772727272727273, 'pr_auc': 0.3666666666666667, 'sensitivity': 0.0, 'specificity': 0.9818181818181818}
fold=4 epoch=1 train_loss=0.5528 val_loss=0.1600
fold=4 epoch=2 train_loss=0.1794 val_loss=0.1217
fold=4 epoch=3 train_loss=0.0363 val_loss=0.1676
fold=4 epoch=4 train_loss=0.0616 val_loss=0.1450
fold=4 epoch=5 train_loss=0.1089 val_loss=0.1198
fold=4 epoch=6 train_loss=0.0553 val_loss=0.1112
fold=4 epoch=7 train_loss=0.0148 val_loss=0.1630
fold=4 epoch=8 train_loss=0.0148 val_loss=0.1408
fold=4 epoch=9 train_loss=0.1214 val_loss=0.1096
fold=4 epoch=10 train_loss=0.0211 val_loss=0.1134
fold=4 epoch=11 train_loss=0.0553 val_loss=0.2968
fold=4 epoch=12 train_loss=0.0300 val_loss=0.1154
fold=4 epoch=13 train_loss=0.0113 val_loss=0.1130
fold=4 epoch=14 train_loss=0.0012 val_loss=0.1285
fold=4 epoch=15 train_loss=0.0151 val_loss=0.1349
fold=4 epoch=16 train_loss=0.0125 val_loss=0.1514
fold=4 epoch=17 train_loss=0.0075 val_loss=0.1683
fold=4 epoch=18 train_loss=0.0720 val_loss=0.1244
fold=4 epoch=19 train_loss=0.0544 val_loss=0.1838
[OK] {'fold': 4, 'best_val_loss': 0.10961831738918931, 'events': 109, 'positive_events': 2, 'auroc': 0.7336448598130841, 'pr_auc': 0.5169491525423728, 'sensitivity': 0.5, 'specificity': 0.9906542056074766}
[OOF] {'events': 575, 'positive_events': 14, 'auroc': 0.8724216959511077, 'pr_auc': 0.31906260017370736, 'sensitivity': 0.2857142857142857, 'specificity': 0.983957219251337}
[RUN] task=acr_high scale=40x mode=aware_zero_mask seed=31
fold=0 epoch=1 train_loss=0.4635 val_loss=0.2087
fold=0 epoch=2 train_loss=0.1483 val_loss=0.2035
fold=0 epoch=3 train_loss=0.0236 val_loss=0.2348
fold=0 epoch=4 train_loss=0.0390 val_loss=0.2405
fold=0 epoch=5 train_loss=0.0505 val_loss=0.2313
fold=0 epoch=6 train_loss=0.0245 val_loss=0.2467
fold=0 epoch=7 train_loss=0.0540 val_loss=0.3006
fold=0 epoch=8 train_loss=0.0323 val_loss=0.2487
fold=0 epoch=9 train_loss=0.0287 val_loss=0.2678
fold=0 epoch=10 train_loss=0.0672 val_loss=0.2331
fold=0 epoch=11 train_loss=0.0018 val_loss=0.2559
fold=0 epoch=12 train_loss=0.0171 val_loss=0.2767
[OK] {'fold': 0, 'best_val_loss': 0.20345506775261166, 'events': 121, 'positive_events': 4, 'auroc': 0.7307692307692307, 'pr_auc': 0.27997557997558, 'sensitivity': 0.25, 'specificity': 0.9743589743589743}
fold=1 epoch=1 train_loss=0.5677 val_loss=0.2808
fold=1 epoch=2 train_loss=0.2198 val_loss=0.3634
fold=1 epoch=3 train_loss=0.1154 val_loss=0.0669
fold=1 epoch=4 train_loss=0.0514 val_loss=0.1072
fold=1 epoch=5 train_loss=0.0557 val_loss=0.1529
fold=1 epoch=6 train_loss=0.0355 val_loss=0.1246
fold=1 epoch=7 train_loss=0.0901 val_loss=0.0880
fold=1 epoch=8 train_loss=0.0055 val_loss=0.1104
fold=1 epoch=9 train_loss=0.0014 val_loss=0.1161
fold=1 epoch=10 train_loss=0.0218 val_loss=0.1091
fold=1 epoch=11 train_loss=0.0556 val_loss=0.0870
fold=1 epoch=12 train_loss=0.0216 val_loss=0.1607
fold=1 epoch=13 train_loss=0.0593 val_loss=0.1243
[OK] {'fold': 1, 'best_val_loss': 0.06691568440649824, 'events': 103, 'positive_events': 2, 'auroc': 0.9653465346534653, 'pr_auc': 0.375, 'sensitivity': 0.5, 'specificity': 0.9900990099009901}
fold=2 epoch=1 train_loss=0.5435 val_loss=0.3526
fold=2 epoch=2 train_loss=0.1521 val_loss=0.1879
fold=2 epoch=3 train_loss=0.0600 val_loss=0.1474
fold=2 epoch=4 train_loss=0.0701 val_loss=0.1297
fold=2 epoch=5 train_loss=0.0200 val_loss=0.1246
fold=2 epoch=6 train_loss=0.0122 val_loss=0.1583
fold=2 epoch=7 train_loss=0.1434 val_loss=0.1009
fold=2 epoch=8 train_loss=0.0338 val_loss=0.1010
fold=2 epoch=9 train_loss=0.0192 val_loss=0.1095
fold=2 epoch=10 train_loss=0.0455 val_loss=0.1514
fold=2 epoch=11 train_loss=0.0193 val_loss=0.1228
fold=2 epoch=12 train_loss=0.0337 val_loss=0.2050
fold=2 epoch=13 train_loss=0.0149 val_loss=0.1518
fold=2 epoch=14 train_loss=0.0905 val_loss=0.1668
fold=2 epoch=15 train_loss=0.0221 val_loss=0.1803
fold=2 epoch=16 train_loss=0.0161 val_loss=0.1280
fold=2 epoch=17 train_loss=0.0419 val_loss=0.2843
[OK] {'fold': 2, 'best_val_loss': 0.10090723686046185, 'events': 122, 'positive_events': 3, 'auroc': 0.8067226890756302, 'pr_auc': 0.5142857142857142, 'sensitivity': 0.3333333333333333, 'specificity': 0.9831932773109243}
fold=3 epoch=1 train_loss=0.5041 val_loss=0.2492
fold=3 epoch=2 train_loss=0.1961 val_loss=0.2849
fold=3 epoch=3 train_loss=0.0964 val_loss=0.1741
fold=3 epoch=4 train_loss=0.0647 val_loss=0.1976
fold=3 epoch=5 train_loss=0.0881 val_loss=0.2226
fold=3 epoch=6 train_loss=0.0265 val_loss=0.2939
fold=3 epoch=7 train_loss=0.0023 val_loss=0.3042
fold=3 epoch=8 train_loss=0.0197 val_loss=0.3549
fold=3 epoch=9 train_loss=0.0022 val_loss=0.3548
fold=3 epoch=10 train_loss=0.0006 val_loss=0.4240
fold=3 epoch=11 train_loss=0.0003 val_loss=0.5019
fold=3 epoch=12 train_loss=0.0001 val_loss=0.5224
fold=3 epoch=13 train_loss=0.0001 val_loss=0.5229
[OK] {'fold': 3, 'best_val_loss': 0.17406173129862387, 'events': 104, 'positive_events': 3, 'auroc': 0.9636963696369636, 'pr_auc': 0.3472222222222222, 'sensitivity': 0.0, 'specificity': 0.9801980198019802}
fold=4 epoch=1 train_loss=0.5698 val_loss=0.7429
fold=4 epoch=2 train_loss=0.2293 val_loss=0.2890
fold=4 epoch=3 train_loss=0.1027 val_loss=0.1406
fold=4 epoch=4 train_loss=0.0805 val_loss=0.1035
fold=4 epoch=5 train_loss=0.0911 val_loss=0.0304
fold=4 epoch=6 train_loss=0.0300 val_loss=0.5853
fold=4 epoch=7 train_loss=0.0819 val_loss=0.0247
fold=4 epoch=8 train_loss=0.0341 val_loss=0.0430
fold=4 epoch=9 train_loss=0.0953 val_loss=0.1314
fold=4 epoch=10 train_loss=0.0691 val_loss=0.0159
fold=4 epoch=11 train_loss=0.0154 val_loss=0.0205
fold=4 epoch=12 train_loss=0.0025 val_loss=0.0274
fold=4 epoch=13 train_loss=0.0934 val_loss=0.0537
fold=4 epoch=14 train_loss=0.0262 val_loss=0.0487
fold=4 epoch=15 train_loss=0.0219 val_loss=0.0382
fold=4 epoch=16 train_loss=0.0864 val_loss=0.0574
fold=4 epoch=17 train_loss=0.0035 val_loss=0.0562
fold=4 epoch=18 train_loss=0.0142 val_loss=0.0580
fold=4 epoch=19 train_loss=0.0419 val_loss=0.0721
fold=4 epoch=20 train_loss=0.0031 val_loss=0.0511
[OK] {'fold': 4, 'best_val_loss': 0.015894762834672463, 'events': 125, 'positive_events': 2, 'auroc': 0.9959349593495934, 'pr_auc': 0.8333333333333333, 'sensitivity': 0.5, 'specificity': 1.0}
[OOF] {'events': 575, 'positive_events': 14, 'auroc': 0.8703845174433411, 'pr_auc': 0.27647610299502323, 'sensitivity': 0.2857142857142857, 'specificity': 0.9857397504456328}
[RUN] task=acr_high scale=40x mode=aware_zero_mask seed=41
fold=0 epoch=1 train_loss=0.5372 val_loss=0.1828
fold=0 epoch=2 train_loss=0.1707 val_loss=0.2639
fold=0 epoch=3 train_loss=0.1146 val_loss=0.2668
fold=0 epoch=4 train_loss=0.0463 val_loss=0.2371
fold=0 epoch=5 train_loss=0.0598 val_loss=0.2372
fold=0 epoch=6 train_loss=0.0322 val_loss=0.1182
fold=0 epoch=7 train_loss=0.1320 val_loss=0.1589
fold=0 epoch=8 train_loss=0.0708 val_loss=0.0904
fold=0 epoch=9 train_loss=0.0330 val_loss=0.2872
fold=0 epoch=10 train_loss=0.0801 val_loss=0.2452
fold=0 epoch=11 train_loss=0.0623 val_loss=0.1026
fold=0 epoch=12 train_loss=0.0731 val_loss=0.0924
fold=0 epoch=13 train_loss=0.0292 val_loss=0.0375
fold=0 epoch=14 train_loss=0.0389 val_loss=0.0928
fold=0 epoch=15 train_loss=0.0515 val_loss=0.0596
fold=0 epoch=16 train_loss=0.0207 val_loss=0.0734
fold=0 epoch=17 train_loss=0.0015 val_loss=0.0837
fold=0 epoch=18 train_loss=0.0003 val_loss=0.0933
fold=0 epoch=19 train_loss=0.0315 val_loss=0.1401
fold=0 epoch=20 train_loss=0.0569 val_loss=0.0108
fold=0 epoch=21 train_loss=0.0243 val_loss=0.1273
fold=0 epoch=22 train_loss=0.0419 val_loss=0.0047
fold=0 epoch=23 train_loss=0.0492 val_loss=0.0527
fold=0 epoch=24 train_loss=0.0301 val_loss=0.0747
fold=0 epoch=25 train_loss=0.0194 val_loss=0.0507
fold=0 epoch=26 train_loss=0.0345 val_loss=0.1027
fold=0 epoch=27 train_loss=0.0306 val_loss=0.0431
fold=0 epoch=28 train_loss=0.0266 val_loss=0.1025
fold=0 epoch=29 train_loss=0.0018 val_loss=0.0761
fold=0 epoch=30 train_loss=0.0005 val_loss=0.0795
fold=0 epoch=31 train_loss=0.0118 val_loss=0.0630
fold=0 epoch=32 train_loss=0.0008 val_loss=0.0611
[OK] {'fold': 0, 'best_val_loss': 0.0047025632252514354, 'events': 114, 'positive_events': 0, 'auroc': nan, 'pr_auc': nan, 'sensitivity': nan, 'specificity': 1.0}
fold=1 epoch=1 train_loss=0.5191 val_loss=0.1789
fold=1 epoch=2 train_loss=0.2100 val_loss=0.0913
fold=1 epoch=3 train_loss=0.0513 val_loss=0.1624
fold=1 epoch=4 train_loss=0.0622 val_loss=0.0655
fold=1 epoch=5 train_loss=0.0280 val_loss=0.1014
fold=1 epoch=6 train_loss=0.0634 val_loss=0.0589
fold=1 epoch=7 train_loss=0.0369 val_loss=0.0876
fold=1 epoch=8 train_loss=0.0274 val_loss=0.1461
fold=1 epoch=9 train_loss=0.0105 val_loss=0.0783
fold=1 epoch=10 train_loss=0.0007 val_loss=0.0867
fold=1 epoch=11 train_loss=0.0721 val_loss=0.1692
fold=1 epoch=12 train_loss=0.0211 val_loss=0.1473
fold=1 epoch=13 train_loss=0.0145 val_loss=0.1370
fold=1 epoch=14 train_loss=0.0302 val_loss=0.0876
fold=1 epoch=15 train_loss=0.0187 val_loss=0.1073
fold=1 epoch=16 train_loss=0.0188 val_loss=0.1686
[OK] {'fold': 1, 'best_val_loss': 0.05889487911219149, 'events': 110, 'positive_events': 2, 'auroc': 0.9907407407407407, 'pr_auc': 0.5833333333333333, 'sensitivity': 1.0, 'specificity': 0.9814814814814815}
fold=2 epoch=1 train_loss=0.4600 val_loss=0.3494
fold=2 epoch=2 train_loss=0.1368 val_loss=0.1287
fold=2 epoch=3 train_loss=0.0494 val_loss=0.1440
fold=2 epoch=4 train_loss=0.0162 val_loss=0.2052
fold=2 epoch=5 train_loss=0.0475 val_loss=0.2108
fold=2 epoch=6 train_loss=0.0465 val_loss=0.1927
fold=2 epoch=7 train_loss=0.0264 val_loss=0.2151
fold=2 epoch=8 train_loss=0.0253 val_loss=0.2486
fold=2 epoch=9 train_loss=0.0650 val_loss=0.2782
fold=2 epoch=10 train_loss=0.0079 val_loss=0.2925
fold=2 epoch=11 train_loss=0.0532 val_loss=0.2205
fold=2 epoch=12 train_loss=0.0132 val_loss=0.2217
[OK] {'fold': 2, 'best_val_loss': 0.12874189061092753, 'events': 124, 'positive_events': 3, 'auroc': 0.7603305785123966, 'pr_auc': 0.23412698412698413, 'sensitivity': 0.3333333333333333, 'specificity': 0.9834710743801653}
fold=3 epoch=1 train_loss=0.5077 val_loss=0.4925
fold=3 epoch=2 train_loss=0.1120 val_loss=0.1480
fold=3 epoch=3 train_loss=0.1008 val_loss=0.1568
fold=3 epoch=4 train_loss=0.0688 val_loss=0.1788
fold=3 epoch=5 train_loss=0.0129 val_loss=0.2511
fold=3 epoch=6 train_loss=0.1030 val_loss=0.0581
fold=3 epoch=7 train_loss=0.0726 val_loss=0.2474
fold=3 epoch=8 train_loss=0.0275 val_loss=0.2620
fold=3 epoch=9 train_loss=0.0274 val_loss=0.2918
fold=3 epoch=10 train_loss=0.0006 val_loss=0.2958
fold=3 epoch=11 train_loss=0.0227 val_loss=0.3230
fold=3 epoch=12 train_loss=0.0011 val_loss=0.4100
fold=3 epoch=13 train_loss=0.0452 val_loss=0.2691
fold=3 epoch=14 train_loss=0.0168 val_loss=0.3530
fold=3 epoch=15 train_loss=0.0173 val_loss=0.3673
fold=3 epoch=16 train_loss=0.0580 val_loss=0.2860
[OK] {'fold': 3, 'best_val_loss': 0.0581397458410261, 'events': 107, 'positive_events': 4, 'auroc': 0.9757281553398058, 'pr_auc': 0.8214285714285714, 'sensitivity': 0.75, 'specificity': 0.9902912621359223}
fold=4 epoch=1 train_loss=0.4222 val_loss=0.2570
fold=4 epoch=2 train_loss=0.1020 val_loss=0.3991
fold=4 epoch=3 train_loss=0.1032 val_loss=0.2821
fold=4 epoch=4 train_loss=0.0069 val_loss=0.3647
fold=4 epoch=5 train_loss=0.0278 val_loss=0.4018
fold=4 epoch=6 train_loss=0.0246 val_loss=0.3692
fold=4 epoch=7 train_loss=0.0360 val_loss=0.3407
fold=4 epoch=8 train_loss=0.0299 val_loss=0.3405
fold=4 epoch=9 train_loss=0.0241 val_loss=0.4435
fold=4 epoch=10 train_loss=0.0015 val_loss=0.4179
fold=4 epoch=11 train_loss=0.0218 val_loss=0.5009
[OK] {'fold': 4, 'best_val_loss': 0.25696633076295256, 'events': 120, 'positive_events': 5, 'auroc': 0.6904347826086957, 'pr_auc': 0.18300553570286987, 'sensitivity': 0.2, 'specificity': 0.991304347826087}
[OOF] {'events': 575, 'positive_events': 14, 'auroc': 0.9135472370766489, 'pr_auc': 0.37347229088023703, 'sensitivity': 0.5, 'specificity': 0.9893048128342246}
